Archive member included because of file (symbol)

/nxtOSEK/ecrobot/../ecrobot/libecrobot++.a(Clock.o)
                              build/sample.o (_ZN7ecrobot5ClockC1Ev)
/nxtOSEK/ecrobot/../ecrobot/libecrobot++.a(Motor.o)
                              build/Motorcontroller.o (_ZN7ecrobot5Motor6setPWMEa)
/nxtOSEK/ecrobot/../ecrobot/libecrobot++.a(Usb.o)
                              build/NCom.o (_ZN7ecrobot3Usb4sendEPhmm)
/nxtOSEK/ecrobot/../ecrobot/libecrobot.a(ecrobot_usb.o)
                              /nxtOSEK/ecrobot/../ecrobot/libecrobot++.a(Usb.o) (ecrobot_init_usb)
/nxtOSEK/ecrobot/../ecrobot/libecrobot.a(ecrobot_device_hook.o)
                              build/ecrobot.o (ecrobot_device_initialize)
/nxtOSEK/ecrobot/../ecrobot/libecrobot.a(ecrobot_interface.o)
                              build/ecrobot_base.o (ecrobot_get_battery_voltage)
/nxtOSEK/ecrobot/../ecrobot/libecrobot.a(colorsensor.o)
                              /nxtOSEK/ecrobot/../ecrobot/libecrobot.a(ecrobot_interface.o) (colorsensor_init)
/nxtOSEK/ecrobot/../ecrobot/libecrobot.a(osek_hook.o)
                              build/kernel/osctl.o (StartupHook)
/nxtOSEK/ecrobot/../ecrobot/libecrobot.a(uart.oram)
                              build/config/at91sam7s-gnu/irq.oram (uart_isr_C_0)
/nxtOSEK/ecrobot/../ecrobot/libecrobot.a(systick.oram)
                              build/syslib/at91sam7s-gnu/lego_nxt/hw_sys_timer.oram (systick_low_priority_C)
/nxtOSEK/ecrobot/../ecrobot/libecrobot.a(byte_fifo.oram)
                              /nxtOSEK/ecrobot/../ecrobot/libecrobot.a(uart.oram) (byte_fifo_put)
/nxtOSEK/ecrobot/../ecrobot/libecrobot.a(aic.oram)
                              /nxtOSEK/ecrobot/../ecrobot/libecrobot.a(uart.oram) (aic_set_vector)
/nxtOSEK/ecrobot/../ecrobot/libecrobot.a(udp.oram)
                              /nxtOSEK/ecrobot/../ecrobot/libecrobot.a(ecrobot_usb.o) (udp_read)
/nxtOSEK/ecrobot/../ecrobot/libecrobot.a(twi.oram)
                              build/config/at91sam7s-gnu/irq.oram (twi_isr_C)
/nxtOSEK/ecrobot/../ecrobot/libecrobot.a(nxt_spi.oram)
                              build/config/at91sam7s-gnu/irq.oram (spi_isr_C)
/nxtOSEK/ecrobot/../ecrobot/libecrobot.a(nxt_motors.oram)
                              build/Motorcontroller.o (nxt_motor_get_count)
/nxtOSEK/ecrobot/../ecrobot/libecrobot.a(data_abort.oram)
                              build/ecrobot_init.o (data_abort_C)
/nxtOSEK/ecrobot/../ecrobot/libecrobot.a(display.oram)
                              build/rtoscalls.o (display_update)
/nxtOSEK/ecrobot/../ecrobot/libecrobot.a(i2c.oram)
                              build/config/at91sam7s-gnu/irq.oram (i2c_timer_isr_C)
/nxtOSEK/ecrobot/../ecrobot/libecrobot.a(sound.oram)
                              /nxtOSEK/ecrobot/../ecrobot/libecrobot.a(ecrobot_interface.o) (sound_get_time)
/nxtOSEK/ecrobot/../ecrobot/libecrobot.a(bt.oram)
                              build/ecrobot_bluetooth.o (bt_send)
/nxtOSEK/ecrobot/../ecrobot/libecrobot.a(nxt_avr.oram)
                              build/ecrobot_base.o (nxt_avr_power_down)
/nxtOSEK/ecrobot/../ecrobot/libecrobot.a(sensors.oram)
                              /nxtOSEK/ecrobot/../ecrobot/libecrobot.a(ecrobot_interface.o) (unset_digi0)
/nxtOSEK/ecrobot/../ecrobot/libecrobot.a(sensors1.oram)
                              /nxtOSEK/ecrobot/../ecrobot/libecrobot.a(colorsensor.o) (sensor_pins)
/nxtOSEK/ecrobot/../ecrobot/libecrobot.a(nxt_lcd.oram)
                              /nxtOSEK/ecrobot/../ecrobot/libecrobot.a(display.oram) (nxt_lcd_force_update)
/nxtOSEK/ecrobot/../ecrobot/libecrobot.a(flash_loader.oram)
                              build/ecrobot_base.o (set_flash_request)
/nxtOSEK/ecrobot/../ecrobot/libecrobot.a(interrupts.oram)
                              /nxtOSEK/ecrobot/../ecrobot/libecrobot.a(uart.oram) (interrupts_get_and_disable)
/nxtOSEK/ecrobot/../ecrobot/libecrobot.a(nxtosek_splash.obmp)
                              build/ecrobot_base.o (nxtosek_splash_bmp_start)
/nxtOSEK/ecrobot/../ecrobot/libecrobot.a(flashprog.oram)
                              /nxtOSEK/ecrobot/../ecrobot/libecrobot.a(flash_loader.oram) (flash_write_page)
/cygdrive/C/cygwin/GNUARM/bin/../lib/gcc/arm-elf/4.0.2/thumb/interwork/libgcc.a(_udivsi3.o)
                              build/ecrobot_base.o (__udivsi3)
/cygdrive/C/cygwin/GNUARM/bin/../lib/gcc/arm-elf/4.0.2/thumb/interwork/libgcc.a(_divsi3.o)
                              build/StringConvert.o (__divsi3)
/cygdrive/C/cygwin/GNUARM/bin/../lib/gcc/arm-elf/4.0.2/thumb/interwork/libgcc.a(_umodsi3.o)
                              build/StringConvert.o (__umodsi3)
/cygdrive/C/cygwin/GNUARM/bin/../lib/gcc/arm-elf/4.0.2/thumb/interwork/libgcc.a(_modsi3.o)
                              build/StringConvert.o (__modsi3)
/cygdrive/C/cygwin/GNUARM/bin/../lib/gcc/arm-elf/4.0.2/thumb/interwork/libgcc.a(_dvmd_tls.o)
[...]
Memory Configuration

Name             Origin             Length             Attributes
rom              0x00108000         0x00038000
vector_ram       0x00200000         0x00000040
ram              0x00200040         0x0000ffc0
*default*        0x00000000         0xffffffff

Linker script and memory map

LOAD build/kernel/alarm.o
LOAD build/kernel/event.o
LOAD build/kernel/interrupt.o
LOAD build/kernel/osctl.o
LOAD build/kernel/resource.o
LOAD build/kernel/task.o
LOAD build/kernel/task_manage.o
LOAD build/config/at91sam7s-gnu/cpu_config.o
LOAD build/config/at91sam7s-gnu/lego_nxt/sys_config.o
LOAD build/./kernel_cfg.o
LOAD build/rtoscalls.o
LOAD build/syscalls.o
LOAD build/ecrobot_bluetooth.o
LOAD build/ecrobot_base.o
LOAD build/ecrobot.o
LOAD build/syslib/at91sam7s-gnu/lego_nxt/hw_sys_timer.oram
LOAD build/StringConvert.o
LOAD build/NOstream.o
LOAD build/NString.o
LOAD build/NLabel.o
LOAD build/LcdDrawer.o
LOAD build/NCom.o
LOAD build/NComSingle.o
LOAD build/Motorcontroller.o
LOAD build/sample.o
LOAD build/nxtvm/platform/nxt/vectors.o
LOAD build/config/at91sam7s-gnu/debug.o
LOAD build/config/at91sam7s-gnu/lego_nxt/sys_support.o
LOAD build/nxt_binary_header.o
LOAD build/nxt_entry_point.o
LOAD build/ecrobot_init.o
LOAD build/config/at91sam7s-gnu/cpu_support.oram
LOAD build/config/at91sam7s-gnu/irq.oram
LOAD /nxtOSEK/ecrobot/../ecrobot/libecrobot++.a
LOAD /nxtOSEK/ecrobot/../ecrobot/libecrobot.a
LOAD /cygdrive/C/cygwin/GNUARM/bin/../lib/gcc/arm-elf/4.0.2/../../../../arm-elf/lib/thumb/interwork/libstdc++.a
LOAD /cygdrive/C/cygwin/GNUARM/bin/../lib/gcc/arm-elf/4.0.2/../../../../arm-elf/lib/thumb/interwork/libm.a
LOAD /cygdrive/C/cygwin/GNUARM/bin/../lib/gcc/arm-elf/4.0.2/thumb/interwork/libgcc.a
LOAD /cygdrive/C/cygwin/GNUARM/bin/../lib/gcc/arm-elf/4.0.2/../../../../arm-elf/lib/thumb/interwork/libc.a
LOAD /cygdrive/C/cygwin/GNUARM/bin/../lib/gcc/arm-elf/4.0.2/thumb/interwork/libgcc.a
                0x00108000                ROM_BASE = 0x108000
                0x00038000                ROM_SIZE = 0x38000
                0x00200000                RAM_BASE = 0x200000
                0x00010000                RAM_SIZE = 0x10000

.vectors        0x00200000       0x40 load address 0x00108000
 vectors.o(*.text *.text.*)
 .text          0x00200000       0x38 build/nxtvm/platform/nxt/vectors.o
                0x00200040                . = ALIGN (0x10)
 *fill*         0x00200038        0x8 00
                0x00200000                __vectors_ram_start__ = ADDR (.vectors)
                0x00200040                __vectors_ram_end__ = (ADDR (.vectors) + SIZEOF (.vectors))
                0x00108000                __vectors_load_start__ = LOADADDR (.vectors)
                0x00108040                __vectors_load_end__ = (LOADADDR (.vectors) + SIZEOF (.vectors))

.init           0x00108040      0x280
 *ecrobot_init.o(*.text *.text.*)
 .text          0x00108040      0x280 build/ecrobot_init.o
                0x001081ac                undef_handler
                0x001081b4                prefetch_abort_handler
                0x001081b8                data_abort_handler
                0x001081b0                swi_handler
                0x00108040                start
                0x001081d4                reserved_handler
                0x001082c0                . = ALIGN (0x10)

.ram_text       0x00200040     0x2f40 load address 0x001082c0
                0x00200040                . = ALIGN (0x10)
 *.oram(*.text *.text.* *.glue*)
 .text.systick_isr_C1
                0x00200040       0x28 build/syslib/at91sam7s-gnu/lego_nxt/hw_sys_timer.oram
                0x00200040                systick_isr_C1
 *fill*         0x00200068        0x8 00
 .text          0x00200070      0x230 build/config/at91sam7s-gnu/cpu_support.oram
                0x00200250                enable_int
                0x002000f0                start_dispatch
                0x002000b0                activate_r
                0x00200248                disable_int
                0x00200070                dispatch
                0x0020021c                int_return
                0x002001ac                _interrupt
                0x002000e0                exit_and_dispatch
                0x00200258                nop
 .text          0x002002a0      0x2c0 build/config/at91sam7s-gnu/irq.oram
                0x002002a0                default_isr
                0x0020042c                uart_isr_entry_0
                0x002003ac                twi_isr_entry
                0x0020046c                uart_isr_entry_1
                0x0020036c                spi_isr_entry
                0x002002ec                systick_low_priority_entry
                0x002004ac                nxt_motor_isr_entry
                0x002004ec                i2c_timer_isr_entry
                0x002002a0                default_fiq
                0x002002a4                systick_isr_entry
                0x002002a0                spurious_isr
                0x002003ec                sound_isr_entry
                0x0020032c                udp_isr_entry
 .text.uart_process_isr
                0x00200560       0x88 /nxtOSEK/ecrobot/../ecrobot/libecrobot.a(uart.oram)
 .text.uart_isr_C_0
                0x002005e8        0xc /nxtOSEK/ecrobot/../ecrobot/libecrobot.a(uart.oram)
                0x002005e8                uart_isr_C_0
 .text.uart_isr_C_1
                0x002005f4        0xc /nxtOSEK/ecrobot/../ecrobot/libecrobot.a(uart.oram)
                0x002005f4                uart_isr_C_1
 .text.systick_low_priority_C
                0x00200600       0x1c /nxtOSEK/ecrobot/../ecrobot/libecrobot.a(systick.oram)
                0x00200600                systick_low_priority_C
 .text.systick_isr_C
                0x0020061c       0x24 /nxtOSEK/ecrobot/../ecrobot/libecrobot.a(systick.oram)
                0x0020061c                systick_isr_C
 .text.systick_get_ms
                0x00200640        0xc /nxtOSEK/ecrobot/../ecrobot/libecrobot.a(systick.oram)
                0x00200640                systick_get_ms
 .text.systick_wait_ms
                0x0020064c       0x1c /nxtOSEK/ecrobot/../ecrobot/libecrobot.a(systick.oram)
                0x0020064c                systick_wait_ms
 .text.systick_wait_ns
                0x00200668       0x1c /nxtOSEK/ecrobot/../ecrobot/libecrobot.a(systick.oram)
                0x00200668                systick_wait_ns
 .text.systick_init
                0x00200684       0x58 /nxtOSEK/ecrobot/../ecrobot/libecrobot.a(systick.oram)
                0x00200684                systick_init
 .text.systick_suspend
                0x002006dc        0xc /nxtOSEK/ecrobot/../ecrobot/libecrobot.a(systick.oram)
                0x002006dc                systick_suspend
 .text.systick_resume
                0x002006e8        0xc /nxtOSEK/ecrobot/../ecrobot/libecrobot.a(systick.oram)
                0x002006e8                systick_resume
 .text.byte_fifo_put
                0x002006f4       0x58 /nxtOSEK/ecrobot/../ecrobot/libecrobot.a(byte_fifo.oram)
                0x002006f4                byte_fifo_put
 .text.byte_fifo_get
                0x0020074c       0x2c /nxtOSEK/ecrobot/../ecrobot/libecrobot.a(byte_fifo.oram)
                0x0020074c                byte_fifo_get
 .text.aic_initialise
                0x00200778       0x5c /nxtOSEK/ecrobot/../ecrobot/libecrobot.a(aic.oram)
                0x00200778                aic_initialise
 .text.aic_set_vector
                0x002007d4       0x30 /nxtOSEK/ecrobot/../ecrobot/libecrobot.a(aic.oram)
                0x002007d4                aic_set_vector
 .text.aic_mask_on
                0x00200804       0x24 /nxtOSEK/ecrobot/../ecrobot/libecrobot.a(aic.oram)
                0x00200804                aic_mask_on
 .text.aic_mask_off
                0x00200828       0x24 /nxtOSEK/ecrobot/../ecrobot/libecrobot.a(aic.oram)
                0x00200828                aic_mask_off
 .text.aic_clear
                0x0020084c       0x24 /nxtOSEK/ecrobot/../ecrobot/libecrobot.a(aic.oram)
                0x0020084c                aic_clear
 .text.reset    0x00200870       0x4c /nxtOSEK/ecrobot/../ecrobot/libecrobot.a(udp.oram)
 .text.udp_send_null
                0x002008bc       0x2c /nxtOSEK/ecrobot/../ecrobot/libecrobot.a(udp.oram)
 .text.udp_send_stall
                0x002008e8       0x2c /nxtOSEK/ecrobot/../ecrobot/libecrobot.a(udp.oram)
 .text.udp_send_control
                0x00200914       0x60 /nxtOSEK/ecrobot/../ecrobot/libecrobot.a(udp.oram)
 .text.udp_isr_C
                0x00200974      0x7d0 /nxtOSEK/ecrobot/../ecrobot/libecrobot.a(udp.oram)
                0x00200974                udp_isr_C
 .text.twi_status
                0x00201144       0x20 /nxtOSEK/ecrobot/../ecrobot/libecrobot.a(twi.oram)
                0x00201144                twi_status
 .text.twi_isr_C
                0x00201164       0xc4 /nxtOSEK/ecrobot/../ecrobot/libecrobot.a(twi.oram)
                0x00201164                twi_isr_C
 .text.twi_reset
                0x00201228       0xb4 /nxtOSEK/ecrobot/../ecrobot/libecrobot.a(twi.oram)
                0x00201228                twi_reset
 .text.twi_init
                0x002012dc       0x4c /nxtOSEK/ecrobot/../ecrobot/libecrobot.a(twi.oram)
                0x002012dc                twi_init
 .text.twi_start_read
                0x00201328       0x60 /nxtOSEK/ecrobot/../ecrobot/libecrobot.a(twi.oram)
                0x00201328                twi_start_read
 .text.twi_start_write
                0x00201388       0x64 /nxtOSEK/ecrobot/../ecrobot/libecrobot.a(twi.oram)
                0x00201388                twi_start_write
 .text.spi_set_mode
                0x002013ec       0x40 /nxtOSEK/ecrobot/../ecrobot/libecrobot.a(nxt_spi.oram)
 .text.spi_isr_C
                0x0020142c       0x8c /nxtOSEK/ecrobot/../ecrobot/libecrobot.a(nxt_spi.oram)
                0x0020142c                spi_isr_C
 .text.nxt_spi_init
                0x002014b8      0x12c /nxtOSEK/ecrobot/../ecrobot/libecrobot.a(nxt_spi.oram)
                0x002014b8                nxt_spi_init
 .text.nxt_spi_write
                0x002015e4       0x44 /nxtOSEK/ecrobot/../ecrobot/libecrobot.a(nxt_spi.oram)
                0x002015e4                nxt_spi_write
 .text.nxt_spi_set_display
                0x00201628       0x10 /nxtOSEK/ecrobot/../ecrobot/libecrobot.a(nxt_spi.oram)
                0x00201628                nxt_spi_set_display
 .text.nxt_spi_refresh
                0x00201638       0x24 /nxtOSEK/ecrobot/../ecrobot/libecrobot.a(nxt_spi.oram)
                0x00201638                nxt_spi_refresh
 .text.nxt_motor_set_count
                0x0020165c       0x10 /nxtOSEK/ecrobot/../ecrobot/libecrobot.a(nxt_motors.oram)
                0x0020165c                nxt_motor_set_count
 .text.nxt_motor_1kHz_process
                0x0020166c       0x28 /nxtOSEK/ecrobot/../ecrobot/libecrobot.a(nxt_motors.oram)
                0x0020166c                nxt_motor_1kHz_process
 .text.nxt_motor_quad_decode
                0x00201694       0x30 /nxtOSEK/ecrobot/../ecrobot/libecrobot.a(nxt_motors.oram)
                0x00201694                nxt_motor_quad_decode
 .text.nxt_motor_isr_C
                0x002016c4       0x88 /nxtOSEK/ecrobot/../ecrobot/libecrobot.a(nxt_motors.oram)
                0x002016c4                nxt_motor_isr_C
 .text.nxt_motor_init
                0x0020174c       0x68 /nxtOSEK/ecrobot/../ecrobot/libecrobot.a(nxt_motors.oram)
                0x0020174c                nxt_motor_init
 .text.data_abort_C
                0x002017b4       0x7c /nxtOSEK/ecrobot/../ecrobot/libecrobot.a(data_abort.oram)
                0x002017b4                data_abort_C
 .text.display_update
                0x00201830       0x14 /nxtOSEK/ecrobot/../ecrobot/libecrobot.a(display.oram)
                0x00201830                display_update
 .text.display_force_update
                0x00201844        0xc /nxtOSEK/ecrobot/../ecrobot/libecrobot.a(display.oram)
                0x00201844                display_force_update
 .text.display_clear
                0x00201850       0x24 /nxtOSEK/ecrobot/../ecrobot/libecrobot.a(display.oram)
                0x00201850                display_clear
 .text.display_goto_xy
                0x00201874       0x14 /nxtOSEK/ecrobot/../ecrobot/libecrobot.a(display.oram)
                0x00201874                display_goto_xy
 .text.display_char
                0x00201888       0x60 /nxtOSEK/ecrobot/../ecrobot/libecrobot.a(display.oram)
                0x00201888                display_char
 .text.display_string
                0x002018e8       0x3c /nxtOSEK/ecrobot/../ecrobot/libecrobot.a(display.oram)
                0x002018e8                display_string
 .text.display_hex
                0x00201924       0x50 /nxtOSEK/ecrobot/../ecrobot/libecrobot.a(display.oram)
                0x00201924                display_hex
 .text.display_unsigned_worker
                0x00201974       0x70 /nxtOSEK/ecrobot/../ecrobot/libecrobot.a(display.oram)
 .text.display_unsigned
                0x002019e4        0xc /nxtOSEK/ecrobot/../ecrobot/libecrobot.a(display.oram)
                0x002019e4                display_unsigned
 .text.display_bitmap_copy
                0x002019f0       0x5c /nxtOSEK/ecrobot/../ecrobot/libecrobot.a(display.oram)
                0x002019f0                display_bitmap_copy
 .text.display_init
                0x00201a4c       0x50 /nxtOSEK/ecrobot/../ecrobot/libecrobot.a(display.oram)
                0x00201a4c                display_init
 .text.i2c_timer_isr_C
                0x00201a9c      0x314 /nxtOSEK/ecrobot/../ecrobot/libecrobot.a(i2c.oram)
                0x00201a9c                i2c_timer_isr_C
 .text.i2c_disable
                0x00201db0       0x20 /nxtOSEK/ecrobot/../ecrobot/libecrobot.a(i2c.oram)
                0x00201db0                i2c_disable
 .text.i2c_init
                0x00201dd0       0xa4 /nxtOSEK/ecrobot/../ecrobot/libecrobot.a(i2c.oram)
                0x00201dd0                i2c_init
 .text.i2c_busy
                0x00201e74       0x24 /nxtOSEK/ecrobot/../ecrobot/libecrobot.a(i2c.oram)
                0x00201e74                i2c_busy
 .text.sound_fill_sample_buffer
                0x00201e98       0xe4 /nxtOSEK/ecrobot/../ecrobot/libecrobot.a(sound.oram)
                0x00201e98                sound_fill_sample_buffer
 .text.sound_init
                0x00201f7c       0xa0 /nxtOSEK/ecrobot/../ecrobot/libecrobot.a(sound.oram)
                0x00201f7c                sound_init
 .text.sound_isr_C
                0x0020201c      0x180 /nxtOSEK/ecrobot/../ecrobot/libecrobot.a(sound.oram)
                0x0020201c                sound_isr_C
 .text.bt_init  0x0020219c      0x1c0 /nxtOSEK/ecrobot/../ecrobot/libecrobot.a(bt.oram)
                0x0020219c                bt_init
 .text.nxt_avr_power_down
                0x0020235c       0x10 /nxtOSEK/ecrobot/../ecrobot/libecrobot.a(nxt_avr.oram)
                0x0020235c                nxt_avr_power_down
 .text.nxt_avr_link_init
                0x0020236c       0x20 /nxtOSEK/ecrobot/../ecrobot/libecrobot.a(nxt_avr.oram)
                0x0020236c                nxt_avr_link_init
 .text.nxt_avr_init
                0x0020238c       0x6c /nxtOSEK/ecrobot/../ecrobot/libecrobot.a(nxt_avr.oram)
                0x0020238c                nxt_avr_init
 .text.nxt_avr_1kHz_update
                0x002023f8      0x1cc /nxtOSEK/ecrobot/../ecrobot/libecrobot.a(nxt_avr.oram)
                0x002023f8                nxt_avr_1kHz_update
 .text.buttons_get
                0x002025c4        0xc /nxtOSEK/ecrobot/../ecrobot/libecrobot.a(nxt_avr.oram)
                0x002025c4                buttons_get
 .text.battery_voltage
                0x002025d0       0x28 /nxtOSEK/ecrobot/../ecrobot/libecrobot.a(nxt_avr.oram)
                0x002025d0                battery_voltage
 .text.nxt_avr_set_input_power
                0x002025f8       0x3c /nxtOSEK/ecrobot/../ecrobot/libecrobot.a(nxt_avr.oram)
                0x002025f8                nxt_avr_set_input_power
 .text.unset_digi0
                0x00202634       0x44 /nxtOSEK/ecrobot/../ecrobot/libecrobot.a(sensors.oram)
                0x00202634                unset_digi0
 .text.unset_digi1
                0x00202678       0x44 /nxtOSEK/ecrobot/../ecrobot/libecrobot.a(sensors.oram)
                0x00202678                unset_digi1
 .text.init_sensors
                0x002026bc       0x4c /nxtOSEK/ecrobot/../ecrobot/libecrobot.a(sensors.oram)
                0x002026bc                init_sensors
 .text.nxt_lcd_command
                0x00202708       0x18 /nxtOSEK/ecrobot/../ecrobot/libecrobot.a(nxt_lcd.oram)
                0x00202708                nxt_lcd_command
 .text.nxt_lcd_set_col
                0x00202720       0x24 /nxtOSEK/ecrobot/../ecrobot/libecrobot.a(nxt_lcd.oram)
                0x00202720                nxt_lcd_set_col
 .text.nxt_lcd_set_multiplex_rate
                0x00202744       0x18 /nxtOSEK/ecrobot/../ecrobot/libecrobot.a(nxt_lcd.oram)
                0x00202744                nxt_lcd_set_multiplex_rate
 .text.nxt_lcd_set_page_address
                0x0020275c       0x18 /nxtOSEK/ecrobot/../ecrobot/libecrobot.a(nxt_lcd.oram)
                0x0020275c                nxt_lcd_set_page_address
 .text.nxt_lcd_set_pot
                0x00202774       0x1c /nxtOSEK/ecrobot/../ecrobot/libecrobot.a(nxt_lcd.oram)
                0x00202774                nxt_lcd_set_pot
 .text.nxt_lcd_set_ram_address_control
                0x00202790       0x18 /nxtOSEK/ecrobot/../ecrobot/libecrobot.a(nxt_lcd.oram)
                0x00202790                nxt_lcd_set_ram_address_control
 .text.nxt_lcd_enable
                0x002027a8       0x14 /nxtOSEK/ecrobot/../ecrobot/libecrobot.a(nxt_lcd.oram)
                0x002027a8                nxt_lcd_enable
 .text.nxt_lcd_set_map_control
                0x002027bc       0x18 /nxtOSEK/ecrobot/../ecrobot/libecrobot.a(nxt_lcd.oram)
                0x002027bc                nxt_lcd_set_map_control
 .text.nxt_lcd_reset
                0x002027d4        0xc /nxtOSEK/ecrobot/../ecrobot/libecrobot.a(nxt_lcd.oram)
                0x002027d4                nxt_lcd_reset
 .text.nxt_lcd_set_bias_ratio
                0x002027e0       0x18 /nxtOSEK/ecrobot/../ecrobot/libecrobot.a(nxt_lcd.oram)
                0x002027e0                nxt_lcd_set_bias_ratio
 .text.nxt_lcd_force_update
                0x002027f8       0x30 /nxtOSEK/ecrobot/../ecrobot/libecrobot.a(nxt_lcd.oram)
                0x002027f8                nxt_lcd_force_update
 .text.nxt_lcd_update
                0x00202828        0xc /nxtOSEK/ecrobot/../ecrobot/libecrobot.a(nxt_lcd.oram)
                0x00202828                nxt_lcd_update
 .text.nxt_lcd_power_up
                0x00202834       0x48 /nxtOSEK/ecrobot/../ecrobot/libecrobot.a(nxt_lcd.oram)
                0x00202834                nxt_lcd_power_up
 .text.nxt_lcd_power_down
                0x0020287c        0xc /nxtOSEK/ecrobot/../ecrobot/libecrobot.a(nxt_lcd.oram)
                0x0020287c                nxt_lcd_power_down
 .text.nxt_lcd_init
                0x00202888       0x18 /nxtOSEK/ecrobot/../ecrobot/libecrobot.a(nxt_lcd.oram)
                0x00202888                nxt_lcd_init
 .text.verify_flash_page
                0x002028a0       0x34 /nxtOSEK/ecrobot/../ecrobot/libecrobot.a(flash_loader.oram)
 .text.set_flash_request
                0x002028d4       0x38 /nxtOSEK/ecrobot/../ecrobot/libecrobot.a(flash_loader.oram)
                0x002028d4                set_flash_request
 .text.nxt_device_init
                0x0020290c       0x38 /nxtOSEK/ecrobot/../ecrobot/libecrobot.a(flash_loader.oram)
                0x0020290c                nxt_device_init
 .text          0x00202944       0x68 /nxtOSEK/ecrobot/../ecrobot/libecrobot.a(interrupts.oram)
                0x0020299c                fiq_enable
                0x00202944                interrupts_get_and_disable
                0x00202978                fiq_get_and_disable
                0x00202968                interrupts_enable
 .text.flash_write_page
                0x002029ac       0xc0 /nxtOSEK/ecrobot/../ecrobot/libecrobot.a(flashprog.oram)
                0x002029ac                flash_write_page
                0x00202a70                . = ALIGN (0x10)
 *fill*         0x00202a6c        0x4 00
 *.oram(*.rodata *.rodata.*)
 .rodata.ld     0x00202a70        0x4 /nxtOSEK/ecrobot/../ecrobot/libecrobot.a(udp.oram)
 .rodata.cfd    0x00202a74       0x20 /nxtOSEK/ecrobot/../ecrobot/libecrobot.a(udp.oram)
 .rodata.dd     0x00202a94       0x12 /nxtOSEK/ecrobot/../ecrobot/libecrobot.a(udp.oram)
 *fill*         0x00202aa6        0x2 00
 .rodata.str1.4
                0x00202aa8       0x22 /nxtOSEK/ecrobot/../ecrobot/libecrobot.a(data_abort.oram)
                                 0x24 (size before relaxing)
 .rodata.font   0x00202aca      0x280 /nxtOSEK/ecrobot/../ecrobot/libecrobot.a(display.oram)
 *fill*         0x00202d4a        0x2 00
 .rodata.str1.4
                0x00202d4c       0x76 /nxtOSEK/ecrobot/../ecrobot/libecrobot.a(display.oram)
                                 0x78 (size before relaxing)
 *fill*         0x00202dc2        0x2 00
 .rodata.i2c_pin
                0x00202dc4       0x20 /nxtOSEK/ecrobot/../ecrobot/libecrobot.a(i2c.oram)
 .rodata.i2c_timer_isr_C
                0x00202de4       0x38 /nxtOSEK/ecrobot/../ecrobot/libecrobot.a(i2c.oram)
 .rodata.silence
                0x00202e1c       0x40 /nxtOSEK/ecrobot/../ecrobot/libecrobot.a(sound.oram)
                0x00202e1c                silence
 .rodata.sample_pattern
                0x00202e5c       0x84 /nxtOSEK/ecrobot/../ecrobot/libecrobot.a(sound.oram)
                0x00202e5c                sample_pattern
 .rodata        0x00202ee0        0xc /nxtOSEK/ecrobot/../ecrobot/libecrobot.a(sound.oram)
 .rodata.avr_brainwash_string
                0x00202eec       0x30 /nxtOSEK/ecrobot/../ecrobot/libecrobot.a(nxt_avr.oram)
                0x00202eec                avr_brainwash_string
 .rodata.nxt_avr_1kHz_update
                0x00202f1c       0x14 /nxtOSEK/ecrobot/../ecrobot/libecrobot.a(nxt_avr.oram)
 .rodata.C.33.1823
                0x00202f30       0x10 /nxtOSEK/ecrobot/../ecrobot/libecrobot.a(sensors.oram)
 .rodata.C.37.1857
                0x00202f40       0x10 /nxtOSEK/ecrobot/../ecrobot/libecrobot.a(sensors.oram)
 .rodata.str1.4
                0x00202f50       0x23 /nxtOSEK/ecrobot/../ecrobot/libecrobot.a(flash_loader.oram)
                                 0x24 (size before relaxing)
                0x00202f80                . = ALIGN (0x10)
 *fill*         0x00202f73        0xd 00
                0x00200040                __ramtext_ram_start__ = ADDR (.ram_text)
                0x00202f80                __ramtext_ram_end__ = (ADDR (.ram_text) + SIZEOF (.ram_text))
                0x001082c0                __ramtext_load_start__ = LOADADDR (.ram_text)
                0x0010b200                __ramtext_load_end__ = (__ramtext_load_start__ + SIZEOF (.ram_text))

.wav_data       0x0010b200        0x0
 *.owav(*.data *.data.*)
                0x0010b200                . = ALIGN (0x10)

.bmp_data       0x0010b200      0x440
 *.obmp(*.data *.data.*)
 .data          0x0010b200      0x43e /nxtOSEK/ecrobot/../ecrobot/libecrobot.a(nxtosek_splash.obmp)
                0x0010b200                nxtosek_splash_bmp_start
                0x0010b63e                nxtosek_splash_bmp_end
                0x0010b640                . = ALIGN (0x10)
 *fill*         0x0010b63e        0x2 00

.spr_data       0x0010b640        0x0
 *.ospr(*.data *.data.*)
                0x0010b640                . = ALIGN (0x10)

.data           0x00202f80      0x870 load address 0x0010b640
 *(*.data *.data.*)
 .data.deviceStatus
                0x00202f80        0x1 /nxtOSEK/ecrobot/../ecrobot/libecrobot.a(ecrobot_interface.o)
 .data.named    0x00202f81       0x22 /nxtOSEK/ecrobot/../ecrobot/libecrobot.a(udp.oram)
 .data.snd      0x00202fa3       0x1a /nxtOSEK/ecrobot/../ecrobot/libecrobot.a(udp.oram)
 *fill*         0x00202fbd        0x3 00
 .data.configured
                0x00202fc0        0x4 /nxtOSEK/ecrobot/../ecrobot/libecrobot.a(udp.oram)
 .data.mode     0x00202fc4        0x1 /nxtOSEK/ecrobot/../ecrobot/libecrobot.a(nxt_spi.oram)
                0x00202fc4                mode
 *fill*         0x00202fc5        0x3 00
 .bss.data      0x00202fc8        0x4 /nxtOSEK/ecrobot/../ecrobot/libecrobot.a(nxt_spi.oram)
                0x00202fc8                data
 .data.display_auto_update
                0x00202fcc        0x4 /nxtOSEK/ecrobot/../ecrobot/libecrobot.a(display.oram)
                0x00202fcc                display_auto_update
 .data.display_buffer
                0x00202fd0        0x4 /nxtOSEK/ecrobot/../ecrobot/libecrobot.a(display.oram)
 .data          0x00202fd4      0x410 /cygdrive/C/cygwin/GNUARM/bin/../lib/gcc/arm-elf/4.0.2/../../../../arm-elf/lib/thumb/interwork/libc.a(mallocr.o)
                0x00202fd4                __malloc_sbrk_base
                0x00202fdc                __malloc_av_
                0x00202fd8                __malloc_trim_threshold
 .data          0x002033e4      0x404 /cygdrive/C/cygwin/GNUARM/bin/../lib/gcc/arm-elf/4.0.2/../../../../arm-elf/lib/thumb/interwork/libc.a(impure.o)
                0x002037e4                _impure_ptr
                0x002037f0                . = ALIGN (0x10)
 *fill*         0x002037e8        0x8 00
                0x00202f80                __data_ram_start__ = ADDR (.data)
                0x002037f0                __data_ram_end__ = (ADDR (.data) + SIZEOF (.data))
                0x0010b640                __data_load_start__ = LOADADDR (.data)
                0x0010beb0                __data_load_end__ = (__data_load_start__ + SIZEOF (.data))

.text           0x0010beb0     0x21d0
                0x0010beb0                . = ALIGN (0x10)
 *(*.text *.text.* *.glue*)
 .text.enqueue_alarm
                0x0010beb0       0x90 build/kernel/alarm.o
 .text.alarm_initialize
                0x0010bf40       0x98 build/kernel/alarm.o
                0x0010bf40                alarm_initialize
 .text.SignalCounter
                0x0010bfd8      0x134 build/kernel/alarm.o
                0x0010bfd8                SignalCounter
 .text.SetEvent
                0x0010c10c       0xac build/kernel/event.o
                0x0010c10c                SetEvent
 .text.StartOS  0x0010c1b8       0x58 build/kernel/osctl.o
                0x0010c1b8                StartOS
 .text.ShutdownOS
                0x0010c210       0x4c build/kernel/osctl.o
                0x0010c210                ShutdownOS
 .text.call_pretaskhook
                0x0010c25c       0x24 build/kernel/osctl.o
                0x0010c25c                call_pretaskhook
 .text.call_errorhook
                0x0010c280       0x78 build/kernel/osctl.o
                0x0010c280                call_errorhook
 .text.call_posttaskhook
                0x0010c2f8       0x24 build/kernel/osctl.o
                0x0010c2f8                call_posttaskhook
 .text.resource_initialize
                0x0010c31c       0x2c build/kernel/resource.o
                0x0010c31c                resource_initialize
 .text.search_schedtsk
                0x0010c348       0x94 build/kernel/task.o
                0x0010c348                search_schedtsk
 .text.make_runnable
                0x0010c3dc       0xac build/kernel/task.o
                0x0010c3dc                make_runnable
 .text.make_active
                0x0010c488       0x78 build/kernel/task.o
                0x0010c488                make_active
 .text.task_initialize
                0x0010c500       0x90 build/kernel/task.o
                0x0010c500                task_initialize
 .text.ActivateTask
                0x0010c590       0x8c build/kernel/task_manage.o
                0x0010c590                ActivateTask
 .text.TerminateTask
                0x0010c61c       0x74 build/kernel/task_manage.o
                0x0010c61c                TerminateTask
 .text.cpu_initialize
                0x0010c690        0x4 build/config/at91sam7s-gnu/cpu_config.o
                0x0010c690                cpu_initialize
 .text.cpu_terminate
                0x0010c694        0x4 build/config/at91sam7s-gnu/cpu_config.o
                0x0010c694                cpu_terminate
 .text.sys_initialize
                0x0010c698        0x4 build/config/at91sam7s-gnu/lego_nxt/sys_config.o
                0x0010c698                sys_initialize
 .text.sys_exit
                0x0010c69c        0x4 build/config/at91sam7s-gnu/lego_nxt/sys_config.o
                0x0010c69c                sys_exit
 .text._activate_alarm_cyclic_alarm_main
                0x0010c6a0        0xc build/./kernel_cfg.o
 .text._activate_alarm_cyclic_alarm_task2
                0x0010c6ac        0xc build/./kernel_cfg.o
 .text.object_initialize
                0x0010c6b8       0x14 build/./kernel_cfg.o
                0x0010c6b8                object_initialize
 .text.SleeperMonitor
                0x0010c6cc       0x84 build/rtoscalls.o
                0x0010c6cc                SleeperMonitor
 .text._sbrk_r  0x0010c750       0x1c build/syscalls.o
                0x0010c750                _sbrk_r
 .text.init_OS_flag
                0x0010c76c        0xc build/ecrobot_base.o
                0x0010c76c                init_OS_flag
 .text.set_OS_flag
                0x0010c778        0xc build/ecrobot_base.o
                0x0010c778                set_OS_flag
 .text.get_OS_flag
                0x0010c784        0xc build/ecrobot_base.o
                0x0010c784                get_OS_flag
 .text.cpp_constructor
                0x0010c790       0x28 build/ecrobot_base.o
                0x0010c790                cpp_constructor
 .text.cpp_destructor
                0x0010c7b8       0x28 build/ecrobot_base.o
                0x0010c7b8                cpp_destructor
 .text.execution_mode
                0x0010c7e0       0x24 build/ecrobot_base.o
                0x0010c7e0                execution_mode
 .text.show_main_screen
                0x0010c804       0x48 build/ecrobot_base.o
                0x0010c804                show_main_screen
 .text.display_status_bar
                0x0010c84c       0x5c build/ecrobot_base.o
                0x0010c84c                display_status_bar
 .text.restart_NXT
                0x0010c8a8       0x2c build/ecrobot_base.o
                0x0010c8a8                restart_NXT
 .text.shutdown_NXT
                0x0010c8d4       0x2c build/ecrobot_base.o
                0x0010c8d4                shutdown_NXT
 .text.check_NXT_buttons
                0x0010c900       0x38 build/ecrobot_base.o
                0x0010c900                check_NXT_buttons
 .text.add_status_info
                0x0010c938       0x68 build/ecrobot_base.o
                0x0010c938                add_status_info
 .text.show_splash_screen
                0x0010c9a0       0x90 build/ecrobot_base.o
                0x0010c9a0                show_splash_screen
 .text.main     0x0010ca30      0x10c build/ecrobot.o
                0x0010ca30                main
 .text._ZN4nxpl8numToStrEmPc
                0x0010cb3c       0x48 build/StringConvert.o
                0x0010cb3c                _ZN4nxpl8numToStrEmPc
 .text.__cxa_pure_virtual
                0x0010cb84        0x4 build/NOstream.o
                0x0010cb84                __cxa_pure_virtual
 .text._ZN4nxpl7NStringC1El
                0x0010cb88       0x2c build/NString.o
                0x0010cb88                _ZN4nxpl7NStringC1El
 .text._ZN4nxpl7NString4copyEPKcPc
                0x0010cbb4       0x24 build/NString.o
                0x0010cbb4                _ZN4nxpl7NString4copyEPKcPc
 .text._ZN4nxpl7NString6strlenEPKc
                0x0010cbd8       0x18 build/NString.o
                0x0010cbd8                _ZN4nxpl7NString6strlenEPKc
 .text._ZN4nxpl7NString9addBufferEl
                0x0010cbf0       0x40 build/NString.o
                0x0010cbf0                _ZN4nxpl7NString9addBufferEl
 .text._ZN4nxpl7NString6appendEPKc
                0x0010cc30       0x34 build/NString.o
                0x0010cc30                _ZN4nxpl7NString6appendEPKc
 .text._ZNK4nxpl6NLabel14showWidgetImplEv
                0x0010cc64       0x70 build/NLabel.o
                0x0010cc64                _ZNK4nxpl6NLabel14showWidgetImplEv
 .text._ZNK4nxpl6NLabel14hideWidgetImplEv
                0x0010ccd4       0x4c build/NLabel.o
                0x0010ccd4                _ZNK4nxpl6NLabel14hideWidgetImplEv
 .text._Znwm    0x0010cd20       0x10 build/NComSingle.o
                0x0010cd20                _Znwm
 .text._Znam    0x0010cd30       0x10 build/NComSingle.o
                0x0010cd30                _Znam
 .text._ZdaPv   0x0010cd40        0xc build/NComSingle.o
                0x0010cd40                _ZdaPv
 .text._ZdlPv   0x0010cd4c        0xc build/NComSingle.o
                0x0010cd4c                _ZdlPv
 .text.user_1ms_isr_type2
                0x0010cd58       0x20 build/sample.o
                0x0010cd58                user_1ms_isr_type2
 .text._ZN4nxpl6NTimer5startEv
                0x0010cd78       0x38 build/sample.o
                0x0010cd78                _ZN4nxpl6NTimer5startEv
 .text._ZN4nxpl6NTimer4stopEv
                0x0010cdb0       0x28 build/sample.o
                0x0010cdb0                _ZN4nxpl6NTimer4stopEv
 .text.TaskMainTask2
                0x0010cdd8        0xc build/sample.o
                0x0010cdd8                TaskMainTask2
 .text.TaskMainTaskMain
                0x0010cde4       0xf8 build/sample.o
                0x0010cde4                TaskMainTaskMain
 .text._ZN7ecrobot5ClockC1Ev
                0x0010cedc       0x10 /nxtOSEK/ecrobot/../ecrobot/libecrobot++.a(Clock.o)
                0x0010cedc                _ZN7ecrobot5ClockC1Ev
 .text._ZN7ecrobot5Clock5resetEv
                0x0010ceec       0x10 /nxtOSEK/ecrobot/../ecrobot/libecrobot++.a(Clock.o)
                0x0010ceec                _ZN7ecrobot5Clock5resetEv
 .text._ZNK7ecrobot5Clock3nowEv
                0x0010cefc       0x14 /nxtOSEK/ecrobot/../ecrobot/libecrobot++.a(Clock.o)
                0x0010cefc                _ZNK7ecrobot5Clock3nowEv
 .text.ecrobot_device_initialize
                0x0010cf10        0x4 /nxtOSEK/ecrobot/../ecrobot/libecrobot.a(ecrobot_device_hook.o)
                0x0010cf10                ecrobot_device_initialize
 .text.ecrobot_device_terminate
                0x0010cf14        0x4 /nxtOSEK/ecrobot/../ecrobot/libecrobot.a(ecrobot_device_hook.o)
                0x0010cf14                ecrobot_device_terminate
 .text.ecrobot_get_battery_voltage
                0x0010cf18        0xc /nxtOSEK/ecrobot/../ecrobot/libecrobot.a(ecrobot_interface.o)
                0x0010cf18                ecrobot_get_battery_voltage
 .text.ecrobot_get_button_state
                0x0010cf24        0xc /nxtOSEK/ecrobot/../ecrobot/libecrobot.a(ecrobot_interface.o)
                0x0010cf24                ecrobot_get_button_state
 .text.ecrobot_init_nxtstate
                0x0010cf30       0x28 /nxtOSEK/ecrobot/../ecrobot/libecrobot.a(ecrobot_interface.o)
                0x0010cf30                ecrobot_init_nxtstate
 .text.ecrobot_poll_nxtstate
                0x0010cf58       0x64 /nxtOSEK/ecrobot/../ecrobot/libecrobot.a(ecrobot_interface.o)
                0x0010cf58                ecrobot_poll_nxtstate
 .text.ecrobot_setDeviceInitialized
                0x0010cfbc       0x18 /nxtOSEK/ecrobot/../ecrobot/libecrobot.a(ecrobot_interface.o)
                0x0010cfbc                ecrobot_setDeviceInitialized
 .text.ecrobot_initDeviceStatus
                0x0010cfd4        0xc /nxtOSEK/ecrobot/../ecrobot/libecrobot.a(ecrobot_interface.o)
                0x0010cfd4                ecrobot_initDeviceStatus
 .text.ecrobot_bmp2lcd
                0x0010cfe0      0x1c8 /nxtOSEK/ecrobot/../ecrobot/libecrobot.a(ecrobot_interface.o)
                0x0010cfe0                ecrobot_bmp2lcd
 .text.StartupHook
                0x0010d1a8        0x4 /nxtOSEK/ecrobot/../ecrobot/libecrobot.a(osek_hook.o)
                0x0010d1a8                StartupHook
 .text.PreTaskHook
                0x0010d1ac        0x4 /nxtOSEK/ecrobot/../ecrobot/libecrobot.a(osek_hook.o)
                0x0010d1ac                PreTaskHook
 .text.PostTaskHook
                0x0010d1b0        0x4 /nxtOSEK/ecrobot/../ecrobot/libecrobot.a(osek_hook.o)
                0x0010d1b0                PostTaskHook
 .text.ErrorHook
                0x0010d1b4        0x4 /nxtOSEK/ecrobot/../ecrobot/libecrobot.a(osek_hook.o)
                0x0010d1b4                ErrorHook
 .text.ShutdownHook
                0x0010d1b8        0x4 /nxtOSEK/ecrobot/../ecrobot/libecrobot.a(osek_hook.o)
                0x0010d1b8                ShutdownHook
 .text          0x0010d1bc       0x8c /cygdrive/C/cygwin/GNUARM/bin/../lib/gcc/arm-elf/4.0.2/thumb/interwork/libgcc.a(_udivsi3.o)
                0x0010d1bc                __udivsi3
                0x0010d238                __aeabi_uidivmod
 .text          0x0010d248       0xc8 /cygdrive/C/cygwin/GNUARM/bin/../lib/gcc/arm-elf/4.0.2/thumb/interwork/libgcc.a(_umodsi3.o)
                0x0010d248                __umodsi3
 .text          0x0010d310        0x4 /cygdrive/C/cygwin/GNUARM/bin/../lib/gcc/arm-elf/4.0.2/thumb/interwork/libgcc.a(_dvmd_tls.o)
                0x0010d310                __aeabi_ldiv0
                0x0010d310                __div0
                0x0010d310                __aeabi_idiv0
 .text          0x0010d314       0x28 /cygdrive/C/cygwin/GNUARM/bin/../lib/gcc/arm-elf/4.0.2/../../../../arm-elf/lib/thumb/interwork/libc.a(malloc.o)
                0x0010d314                malloc
                0x0010d328                free
 .text          0x0010d33c      0x548 /cygdrive/C/cygwin/GNUARM/bin/../lib/gcc/arm-elf/4.0.2/../../../../arm-elf/lib/thumb/interwork/libc.a(mallocr.o)
                0x0010d33c                _malloc_r
 .text          0x0010d884       0x68 /cygdrive/C/cygwin/GNUARM/bin/../lib/gcc/arm-elf/4.0.2/../../../../arm-elf/lib/thumb/interwork/libc.a(memset.o)
                0x0010d884                memset
 .text          0x0010d8ec        0x8 /cygdrive/C/cygwin/GNUARM/bin/../lib/gcc/arm-elf/4.0.2/../../../../arm-elf/lib/thumb/interwork/libc.a(mlock.o)
                0x0010d8f0                __malloc_unlock
                0x0010d8ec                __malloc_lock
 .text          0x0010d8f4       0x60 /cygdrive/C/cygwin/GNUARM/bin/../lib/gcc/arm-elf/4.0.2/../../../../arm-elf/lib/thumb/interwork/libc.a(strcpy.o)
                0x0010d8f4                strcpy
 .text          0x0010d954       0x48 /cygdrive/C/cygwin/GNUARM/bin/../lib/gcc/arm-elf/4.0.2/../../../../arm-elf/lib/thumb/interwork/libc.a(strlen.o)
                0x0010d954                strlen
 .text          0x0010d99c      0x260 /cygdrive/C/cygwin/GNUARM/bin/../lib/gcc/arm-elf/4.0.2/../../../../arm-elf/lib/thumb/interwork/libc.a(freer.o)
                0x0010da3c                _free_r
                0x0010d99c                _malloc_trim_r
 .glue_7        0x0010dbfc       0x30 /cygdrive/C/cygwin/GNUARM/bin/../lib/gcc/arm-elf/4.0.2/../../../../arm-elf/lib/thumb/interwork/libc.a(freer.o)
                0x0010dc14                __call_posttaskhook_from_arm
                0x0010dbfd                __ecrobot_debug1_from_arm
                0x0010dc09                __ecrobot_debug2_from_arm
                0x0010dc20                __call_pretaskhook_from_arm
 .glue_7t       0x0010dc2c       0x68 /cygdrive/C/cygwin/GNUARM/bin/../lib/gcc/arm-elf/4.0.2/../../../../arm-elf/lib/thumb/interwork/libc.a(freer.o)
                0x0010dc58                __start_change_to_arm
                0x0010dc7c                __interrupts_get_and_disable_from_thumb
                0x0010dc75                ____gtdf2_from_thumb
                0x0010dc4c                __exit_and_dispatch_from_thumb
                0x0010dc60                ____eqsf2_change_to_arm
                0x0010dc50                __exit_and_dispatch_change_to_arm
                0x0010dc2c                __disable_int_from_thumb
                0x0010dc44                __start_dispatch_from_thumb
                0x0010dc54                __start_from_thumb
                0x0010dc70                ____muldf3_change_to_arm
                0x0010dc34                __enable_int_from_thumb
                0x0010dc3c                __dispatch_from_thumb
                0x0010dc88                __interrupts_enable_change_to_arm
                0x0010dc80                __interrupts_get_and_disable_change_to_arm
                0x0010dc40                __dispatch_change_to_arm
                0x0010dc78                ____gtdf2_change_to_arm
                0x0010dc65                ____floatsidf_from_thumb
                0x0010dc8d                __display_bios_status_from_thumb
                0x0010dc30                __disable_int_change_to_arm
                0x0010dc6d                ____muldf3_from_thumb
                0x0010dc5d                ____eqsf2_from_thumb
                0x0010dc38                __enable_int_change_to_arm
                0x0010dc68                ____floatsidf_change_to_arm
                0x0010dc84                __interrupts_enable_from_thumb
                0x0010dc90                __display_bios_status_change_to_arm
                0x0010dc48                __start_dispatch_change_to_arm
                0x0010dca0                . = ALIGN (0x10)
 *fill*         0x0010dc94        0xc 00
 *(*.rodata *.rodata.*)
 .rodata.search_table.966
                0x0010dca0        0xf build/kernel/task.o
 *fill*         0x0010dcaf        0x1 00
 .rodata.EventSleepI2C
                0x0010dcb0        0x4 build/./kernel_cfg.o
                0x0010dcb0                EventSleepI2C
 .rodata.EventSleep
                0x0010dcb4        0x4 build/./kernel_cfg.o
                0x0010dcb4                EventSleep
 .rodata.alminib_cycle
                0x0010dcb8        0x8 build/./kernel_cfg.o
                0x0010dcb8                alminib_cycle
 .rodata.alminib_almval
                0x0010dcc0        0x8 build/./kernel_cfg.o
                0x0010dcc0                alminib_almval
 .rodata.alminib_autosta
                0x0010dcc8        0x2 build/./kernel_cfg.o
                0x0010dcc8                alminib_autosta
 *fill*         0x0010dcca        0x2 00
 .rodata.alminib_cback
                0x0010dccc        0x8 build/./kernel_cfg.o
                0x0010dccc                alminib_cback
 .rodata.alminib_cntid
                0x0010dcd4        0x2 build/./kernel_cfg.o
                0x0010dcd4                alminib_cntid
 *fill*         0x0010dcd6        0x2 00
 .rodata.cntinib_tickbase
                0x0010dcd8        0x4 build/./kernel_cfg.o
                0x0010dcd8                cntinib_tickbase
 .rodata.cntinib_maxval2
                0x0010dcdc        0x4 build/./kernel_cfg.o
                0x0010dcdc                cntinib_maxval2
 .rodata.cntinib_maxval
                0x0010dce0        0x4 build/./kernel_cfg.o
                0x0010dce0                cntinib_maxval
 .rodata.SysTimerCnt
                0x0010dce4        0x1 build/./kernel_cfg.o
                0x0010dce4                SysTimerCnt
 *fill*         0x0010dce5        0x1 00
 .rodata.tinib_stksz
                0x0010dce6        0x4 build/./kernel_cfg.o
                0x0010dce6                tinib_stksz
 *fill*         0x0010dcea        0x2 00
 .rodata.tinib_stk
                0x0010dcec        0x8 build/./kernel_cfg.o
                0x0010dcec                tinib_stk
 .rodata.tinib_task
                0x0010dcf4        0x8 build/./kernel_cfg.o
                0x0010dcf4                tinib_task
 .rodata.tinib_autoact
                0x0010dcfc        0x2 build/./kernel_cfg.o
                0x0010dcfc                tinib_autoact
 .rodata.tinib_maxact
                0x0010dcfe        0x2 build/./kernel_cfg.o
                0x0010dcfe                tinib_maxact
 .rodata.tinib_exepri
                0x0010dd00        0x2 build/./kernel_cfg.o
                0x0010dd00                tinib_exepri
 .rodata.tinib_inipri
                0x0010dd02        0x2 build/./kernel_cfg.o
                0x0010dd02                tinib_inipri
 .rodata.tnum_exttask
                0x0010dd04        0x1 build/./kernel_cfg.o
                0x0010dd04                tnum_exttask
 .rodata.tnum_task
                0x0010dd05        0x1 build/./kernel_cfg.o
                0x0010dd05                tnum_task
 .rodata.tnum_resource
                0x0010dd06        0x1 build/./kernel_cfg.o
                0x0010dd06                tnum_resource
 .rodata.tnum_counter
                0x0010dd07        0x1 build/./kernel_cfg.o
                0x0010dd07                tnum_counter
 .rodata.tnum_alarm
                0x0010dd08        0x1 build/./kernel_cfg.o
                0x0010dd08                tnum_alarm
 *fill*         0x0010dd09        0x3 00
 .rodata.exec_addr
                0x0010dd0c        0x4 build/ecrobot_base.o
                0x0010dd0c                exec_addr
 .rodata.str1.4
                0x0010dd10       0x80 build/ecrobot_base.o
 .rodata._ZN4nxpl12_digitAsCharE
                0x0010dd90        0xc build/StringConvert.o
 .rodata.str1.4
                0x0010dd9c        0x6 build/sample.o
                                  0x8 (size before relaxing)
 *fill*         0x0010dda2        0x2 00
 .rodata.str1.4
                0x0010dda4        0x2 /cygdrive/C/cygwin/GNUARM/bin/../lib/gcc/arm-elf/4.0.2/../../../../arm-elf/lib/thumb/interwork/libc.a(impure.o)
                                  0x4 (size before relaxing)
                0x0010ddb0                . = ALIGN (0x10)
 *fill*         0x0010dda6        0xa 00
 *(*.gnu.linkonce.* .gcc_except_table)
 .gnu.linkonce.r._ZTVN4nxpl10NGuiObjectE
                0x0010ddb0       0x18 build/NOstream.o
                0x0010ddb0                _ZTVN4nxpl10NGuiObjectE
 .gnu.linkonce.t._ZN4nxpl10NGuiObjectD1Ev
                0x0010ddc8        0xc build/NOstream.o
                0x0010ddc8                _ZN4nxpl10NGuiObjectD1Ev
 .gnu.linkonce.t._ZN4nxpl10NGuiObjectD0Ev
                0x0010ddd4       0x14 build/NOstream.o
                0x0010ddd4                _ZN4nxpl10NGuiObjectD0Ev
 .gnu.linkonce.t._ZNK4nxpl7NWidget8showImplEv
                0x0010dde8       0x10 build/NOstream.o
                0x0010dde8                _ZNK4nxpl7NWidget8showImplEv
 .gnu.linkonce.t._ZNK4nxpl7NWidget8hideImplEv
                0x0010ddf8       0x10 build/NOstream.o
                0x0010ddf8                _ZNK4nxpl7NWidget8hideImplEv
 .gnu.linkonce.t._ZN4nxpl7NWidget21textBoxChangedHandlerEv
                0x0010de08        0x4 build/NOstream.o
                0x0010de08                _ZN4nxpl7NWidget21textBoxChangedHandlerEv
 .gnu.linkonce.r._ZTVN4nxpl6NLabelE
                0x0010de0c       0x24 build/NLabel.o
                0x0010de0c                _ZTVN4nxpl6NLabelE
 .gnu.linkonce.t._ZN4nxpl6NLabelD0Ev
                0x0010de30       0x68 build/NLabel.o
                0x0010de30                _ZN4nxpl6NLabelD0Ev
 .gnu.linkonce.t._ZN4nxpl6NLabelD1Ev
                0x0010de98       0x64 build/NLabel.o
                0x0010de98                _ZN4nxpl6NLabelD1Ev
 .gnu.linkonce.t._ZN4nxpl6NLabel9setNumberIPKcEEvT_
                0x0010defc       0x94 build/sample.o
                0x0010defc                _ZN4nxpl6NLabel9setNumberIPKcEEvT_
 .gnu.linkonce.t._ZN4nxpl6NLabel9setNumberImEEvT_
                0x0010df90       0xec build/sample.o
                0x0010df90                _ZN4nxpl6NLabel9setNumberImEEvT_
                0x0010e080                . = ALIGN (0x10)
 *fill*         0x0010e07c        0x4 00

.tors           0x0010e080        0x0
                0x0010e080                . = ALIGN (0x10)
                0x0010e080                __ctor_begin = .
 *(*.ctors*)
                0x0010e080                __ctor_end = .
                0x0010e080                . = ALIGN (0x10)
                0x0010e080                __dtor_begin = .
 *(*.dtors*)
                0x0010e080                __dtor_end = .
                0x0010e080                . = ALIGN (0x10)
                0x0010e080                __rom_end__ = __dtor_end

.bss            0x002037f0     0x12b0
 *(*.bss *.bss.*)
 .bss.ready_primap
                0x002037f0        0x2 build/kernel/task.o
 .bss.ready_queue_last
                0x002037f2       0x10 build/kernel/task.o
 .bss.ready_queue_first
                0x00203802       0x10 build/kernel/task.o
 *fill*         0x00203812        0x2 00
 .bss._stack_Task2
                0x00203814      0x200 build/./kernel_cfg.o
 .bss._stack_TaskMain
                0x00203a14      0x200 build/./kernel_cfg.o
 .bss.sleepTaskCounter
                0x00203c14       0x20 build/rtoscalls.o
 .bss.isTaskSleeping
                0x00203c34        0x8 build/rtoscalls.o
 .bss.isI2cSleeping
                0x00203c3c        0x4 build/rtoscalls.o
 .bss.sleeperTask_ID
                0x00203c40        0x8 build/rtoscalls.o
 .bss.sleeperI2C_ID
                0x00203c48        0x4 build/rtoscalls.o
 .bss.heap_ptr  0x00203c4c        0x4 build/syscalls.o
 .bss.status_bar_position
                0x00203c50        0x4 build/ecrobot_base.o
 .bss.last_act_time.2776
                0x00203c54        0x4 build/ecrobot_base.o
 .bss.lcd.2705  0x00203c58      0x320 build/ecrobot_base.o
 .bss.OS_flag   0x00203f78        0x4 build/ecrobot_base.o
 .bss.status_bar
                0x00203f7c       0x10 build/ecrobot_base.o
 .bss.display_y
                0x00203f8c        0x4 build/StringConvert.o
                0x00203f8c                display_y
 .bss.display_x
                0x00203f90        0x4 build/StringConvert.o
                0x00203f90                display_x
 .bss.state     0x00203f94        0x1 build/sample.o
                0x00203f94                state
 *fill*         0x00203f95        0x3 00
 .bss.buttons_i
                0x00203f98        0x4 /nxtOSEK/ecrobot/../ecrobot/libecrobot.a(ecrobot_interface.o)
 .bss.buttons_states
                0x00203f9c       0x14 /nxtOSEK/ecrobot/../ecrobot/libecrobot.a(ecrobot_interface.o)
 .bss.ecrobot_inputs
                0x00203fb0        0x8 /nxtOSEK/ecrobot/../ecrobot/libecrobot.a(ecrobot_interface.o)
 .bss.systick_ms
                0x00203fb8        0x4 /nxtOSEK/ecrobot/../ecrobot/libecrobot.a(systick.oram)
 .bss.delayedEnable
                0x00203fbc        0x1 /nxtOSEK/ecrobot/../ecrobot/libecrobot.a(udp.oram)
 *fill*         0x00203fbd        0x3 00
 .bss.outCnt    0x00203fc0        0x4 /nxtOSEK/ecrobot/../ecrobot/libecrobot.a(udp.oram)
 .bss.outPtr    0x00203fc4        0x4 /nxtOSEK/ecrobot/../ecrobot/libecrobot.a(udp.oram)
 .bss.newAddress
                0x00203fc8        0x4 /nxtOSEK/ecrobot/../ecrobot/libecrobot.a(udp.oram)
 .bss.currentRxBank
                0x00203fcc        0x4 /nxtOSEK/ecrobot/../ecrobot/libecrobot.a(udp.oram)
 .bss.currentFeatures
                0x00203fd0        0x4 /nxtOSEK/ecrobot/../ecrobot/libecrobot.a(udp.oram)
 .bss.currentConfig
                0x00203fd4        0x1 /nxtOSEK/ecrobot/../ecrobot/libecrobot.a(udp.oram)
 *fill*         0x00203fd5        0x3 00
 .bss.twi_mask  0x00203fd8        0x4 /nxtOSEK/ecrobot/../ecrobot/libecrobot.a(twi.oram)
 .bss.twi_ptr   0x00203fdc        0x4 /nxtOSEK/ecrobot/../ecrobot/libecrobot.a(twi.oram)
 .bss.twi_pending
                0x00203fe0        0x4 /nxtOSEK/ecrobot/../ecrobot/libecrobot.a(twi.oram)
 .bss.twi_state
                0x00203fe4        0x4 /nxtOSEK/ecrobot/../ecrobot/libecrobot.a(twi.oram)
 .bss.page      0x00203fe8        0x1 /nxtOSEK/ecrobot/../ecrobot/libecrobot.a(nxt_spi.oram)
                0x00203fe8                page
 .bss.dirty     0x00203fe9        0x1 /nxtOSEK/ecrobot/../ecrobot/libecrobot.a(nxt_spi.oram)
                0x00203fe9                dirty
 *fill*         0x00203fea        0x2 00
 .bss.display   0x00203fec        0x4 /nxtOSEK/ecrobot/../ecrobot/libecrobot.a(nxt_spi.oram)
                0x00203fec                display
 .bss.interrupts_this_period
                0x00203ff0        0x4 /nxtOSEK/ecrobot/../ecrobot/libecrobot.a(nxt_motors.oram)
 .bss.nxt_motor_initialised
                0x00203ff4        0x4 /nxtOSEK/ecrobot/../ecrobot/libecrobot.a(nxt_motors.oram)
 .bss.motor     0x00203ff8       0x30 /nxtOSEK/ecrobot/../ecrobot/libecrobot.a(nxt_motors.oram)
 .bss.display_tick
                0x00204028        0x4 /nxtOSEK/ecrobot/../ecrobot/libecrobot.a(display.oram)
                0x00204028                display_tick
 .bss.display_array
                0x0020402c      0x388 /nxtOSEK/ecrobot/../ecrobot/libecrobot.a(display.oram)
 .bss.i2c_int_count
                0x002043b4        0x4 /nxtOSEK/ecrobot/../ecrobot/libecrobot.a(i2c.oram)
 .bss.i2c_port  0x002043b8      0x170 /nxtOSEK/ecrobot/../ecrobot/libecrobot.a(i2c.oram)
 .bss.sound_mode
                0x00204528        0x1 /nxtOSEK/ecrobot/../ecrobot/libecrobot.a(sound.oram)
                0x00204528                sound_mode
 *fill*         0x00204529        0x3 00
 .bss.in_buf_idx
                0x0020452c        0x4 /nxtOSEK/ecrobot/../ecrobot/libecrobot.a(bt.oram)
 .bss.buf_ptr   0x00204530        0x4 /nxtOSEK/ecrobot/../ecrobot/libecrobot.a(bt.oram)
 .bss.out_buf_ptr
                0x00204534        0x1 /nxtOSEK/ecrobot/../ecrobot/libecrobot.a(bt.oram)
 .bss.in_buf_in_ptr
                0x00204535        0x1 /nxtOSEK/ecrobot/../ecrobot/libecrobot.a(bt.oram)
 .bss.in_buf    0x00204536      0x100 /nxtOSEK/ecrobot/../ecrobot/libecrobot.a(bt.oram)
 *fill*         0x00204636        0x2 00
 .bss.link_state
                0x00204638        0x4 /nxtOSEK/ecrobot/../ecrobot/libecrobot.a(nxt_avr.oram)
 .bss.update_count
                0x0020463c        0x4 /nxtOSEK/ecrobot/../ecrobot/libecrobot.a(nxt_avr.oram)
 .bss.nxt_avr_stats
                0x00204640       0x14 /nxtOSEK/ecrobot/../ecrobot/libecrobot.a(nxt_avr.oram)
 .bss.debounce_cnt
                0x00204654        0x2 /nxtOSEK/ecrobot/../ecrobot/libecrobot.a(nxt_avr.oram)
 .bss.debounce_state
                0x00204656        0x2 /nxtOSEK/ecrobot/../ecrobot/libecrobot.a(nxt_avr.oram)
 .bss.button_state
                0x00204658        0x2 /nxtOSEK/ecrobot/../ecrobot/libecrobot.a(nxt_avr.oram)
 .bss.prev_buttons
                0x0020465a        0x2 /nxtOSEK/ecrobot/../ecrobot/libecrobot.a(nxt_avr.oram)
 .bss.from_buf  0x0020465c        0x4 /nxtOSEK/ecrobot/../ecrobot/libecrobot.a(nxt_avr.oram)
 .bss.io_from_avr
                0x00204660        0x4 /nxtOSEK/ecrobot/../ecrobot/libecrobot.a(nxt_avr.oram)
 .bss.data_from_avr
                0x00204664       0x1a /nxtOSEK/ecrobot/../ecrobot/libecrobot.a(nxt_avr.oram)
 .bss.data_to_avr
                0x0020467e        0x9 /nxtOSEK/ecrobot/../ecrobot/libecrobot.a(nxt_avr.oram)
 .bss.io_to_avr
                0x00204687        0x8 /nxtOSEK/ecrobot/../ecrobot/libecrobot.a(nxt_avr.oram)
 *fill*         0x0020468f        0x1 00
 .bss.display   0x00204690        0x4 /nxtOSEK/ecrobot/../ecrobot/libecrobot.a(nxt_lcd.oram)
 .bss           0x00204694       0x34 /cygdrive/C/cygwin/GNUARM/bin/../lib/gcc/arm-elf/4.0.2/../../../../arm-elf/lib/thumb/interwork/libc.a(mallocr.o)
                0x002046c4                __malloc_top_pad
                0x002046c0                __malloc_max_sbrked_mem
                0x00204694                __malloc_current_mallinfo
                0x002046bc                __malloc_max_total_mem
                0x002046d0                . = ALIGN (0x10)
 *fill*         0x002046c8        0x8 00
                0x002046d0                __bss_end__ = .
 COMMON         0x002046d0        0x2 build/kernel/interrupt.o
                0x002046d0                runisr
                0x002046d1                sus_all_cnt
 *fill*         0x002046d2        0x2 00
 COMMON         0x002046d4       0x10 build/kernel/osctl.o
                0x002046d4                callevel
                0x002046d5                _errorhook_svcid
                0x002046d6                appmode
                0x002046d8                _errorhook_par1
                0x002046dc                _errorhook_par3
                0x002046e0                _errorhook_par2
 COMMON         0x002046e4        0x3 build/kernel/task.o
                0x002046e4                runtsk
                0x002046e5                schedtsk
                0x002046e6                nextpri
 *fill*         0x002046e7        0x1 00
 COMMON         0x002046e8       0x4c build/./kernel_cfg.o
                0x002046e8                tcb_waievt
                0x002046f0                rescb_prevpri
                0x002046f2                almcb_prev
                0x002046f4                tcb_lastres
                0x002046f8                almcb_almval
                0x00204700                tcxb_pc
                0x00204708                tcb_next
                0x0020470a                tcb_curpri
                0x0020470c                tcb_tstat
                0x0020470e                isrcb_lastres
                0x0020470f                cntcb_almque
                0x00204710                rescb_prevres
                0x00204712                tcb_actcnt
                0x00204714                tcb_curevt
                0x0020471c                almcb_cycle
                0x00204724                tcxb_sp
                0x0020472c                almcb_next
                0x00204730                cntcb_curval
 COMMON         0x00204734       0x44 /nxtOSEK/ecrobot/../ecrobot/libecrobot.a(uart.oram)
                0x00204734                uart
 COMMON         0x00204778        0x4 /nxtOSEK/ecrobot/../ecrobot/libecrobot.a(data_abort.oram)
                0x00204778                data_abort_pc
 COMMON         0x0020477c      0x324 /nxtOSEK/ecrobot/../ecrobot/libecrobot.a(sound.oram)
                0x0020477c                sample
                0x002037f0                __bss_start__ = ADDR (.bss)
                0x00204aa0                __bss_end__ = (ADDR (.bss) + SIZEOF (.bss))
                0x00204aa0                PROVIDE (end, .)

.heap_area      0x00204aa0     0xb0d8
                0x0020fb78                . = (. + (0x20fb78 - end))
 *fill*         0x00204aa0     0xb0d8 00

.stack          0x0020fb78      0x488
                0x0020fbf8                . = (. + 0x80)
 *fill*         0x0020fb78       0x80 00
                0x0020fc00                . = ALIGN (0x10)
 *fill*         0x0020fbf8        0x8 00
                0x0020fc00                __irq_stack__ = .
                0x0020fc00                __system_stack_bottom__ = .
                0x00210000                . = (. + 0x400)
 *fill*         0x0020fc00      0x400 00
                0x00210000                . = ALIGN (0x10)
                0x00210000                __system_stack__ = .
                0x00210000                __system_stack_top__ = .
                0x0020fb78                __stack_start__ = ADDR (.stack)
                0x00210000                __stack_end__ = (ADDR (.stack) + SIZEOF (.stack))
OUTPUT(mytest_rom.elf elf32-littlearm)

.comment        0x00000000      0x4a4
 .comment       0x00000000       0x12 build/kernel/alarm.o
 .comment       0x00000012       0x12 build/kernel/event.o
 .comment       0x00000024       0x12 build/kernel/interrupt.o
 .comment       0x00000036       0x12 build/kernel/osctl.o
 .comment       0x00000048       0x12 build/kernel/resource.o
 .comment       0x0000005a       0x12 build/kernel/task.o
 .comment       0x0000006c       0x12 build/kernel/task_manage.o
 .comment       0x0000007e       0x12 build/config/at91sam7s-gnu/cpu_config.o
 .comment       0x00000090       0x12 build/config/at91sam7s-gnu/lego_nxt/sys_config.o
 .comment       0x000000a2       0x12 build/./kernel_cfg.o
 .comment       0x000000b4       0x12 build/rtoscalls.o
 .comment       0x000000c6       0x12 build/syscalls.o
 .comment       0x000000d8       0x12 build/ecrobot_bluetooth.o
 .comment       0x000000ea       0x12 build/ecrobot_base.o
 .comment       0x000000fc       0x12 build/ecrobot.o
 .comment       0x0000010e       0x12 build/syslib/at91sam7s-gnu/lego_nxt/hw_sys_timer.oram
 .comment       0x00000120       0x12 build/StringConvert.o
 .comment       0x00000132       0x12 build/NOstream.o
 .comment       0x00000144       0x12 build/NString.o
 .comment       0x00000156       0x12 build/NLabel.o
 .comment       0x00000168       0x12 build/LcdDrawer.o
 .comment       0x0000017a       0x12 build/NCom.o
 .comment       0x0000018c       0x12 build/NComSingle.o
 .comment       0x0000019e       0x12 build/Motorcontroller.o
 .comment       0x000001b0       0x12 build/sample.o
 .comment       0x000001c2       0x12 /nxtOSEK/ecrobot/../ecrobot/libecrobot++.a(Clock.o)
 .comment       0x000001d4       0x12 /nxtOSEK/ecrobot/../ecrobot/libecrobot++.a(Motor.o)
 .comment       0x000001e6       0x12 /nxtOSEK/ecrobot/../ecrobot/libecrobot++.a(Usb.o)
 .comment       0x000001f8       0x12 /nxtOSEK/ecrobot/../ecrobot/libecrobot.a(ecrobot_usb.o)
 .comment       0x0000020a       0x12 /nxtOSEK/ecrobot/../ecrobot/libecrobot.a(ecrobot_device_hook.o)
 .comment       0x0000021c       0x12 /nxtOSEK/ecrobot/../ecrobot/libecrobot.a(ecrobot_interface.o)
 .comment       0x0000022e       0x12 /nxtOSEK/ecrobot/../ecrobot/libecrobot.a(colorsensor.o)
 .comment       0x00000240       0x12 /nxtOSEK/ecrobot/../ecrobot/libecrobot.a(osek_hook.o)
 .comment       0x00000252       0x12 /nxtOSEK/ecrobot/../ecrobot/libecrobot.a(uart.oram)
 .comment       0x00000264       0x12 /nxtOSEK/ecrobot/../ecrobot/libecrobot.a(systick.oram)
 .comment       0x00000276       0x12 /nxtOSEK/ecrobot/../ecrobot/libecrobot.a(byte_fifo.oram)
 .comment       0x00000288       0x12 /nxtOSEK/ecrobot/../ecrobot/libecrobot.a(aic.oram)
 .comment       0x0000029a       0x12 /nxtOSEK/ecrobot/../ecrobot/libecrobot.a(udp.oram)
 .comment       0x000002ac       0x12 /nxtOSEK/ecrobot/../ecrobot/libecrobot.a(twi.oram)
 .comment       0x000002be       0x12 /nxtOSEK/ecrobot/../ecrobot/libecrobot.a(nxt_spi.oram)
 .comment       0x000002d0       0x12 /nxtOSEK/ecrobot/../ecrobot/libecrobot.a(nxt_motors.oram)
 .comment       0x000002e2       0x12 /nxtOSEK/ecrobot/../ecrobot/libecrobot.a(data_abort.oram)
 .comment       0x000002f4       0x12 /nxtOSEK/ecrobot/../ecrobot/libecrobot.a(display.oram)
 .comment       0x00000306       0x12 /nxtOSEK/ecrobot/../ecrobot/libecrobot.a(i2c.oram)
 .comment       0x00000318       0x12 /nxtOSEK/ecrobot/../ecrobot/libecrobot.a(sound.oram)
 .comment       0x0000032a       0x12 /nxtOSEK/ecrobot/../ecrobot/libecrobot.a(bt.oram)
 .comment       0x0000033c       0x12 /nxtOSEK/ecrobot/../ecrobot/libecrobot.a(nxt_avr.oram)
 .comment       0x0000034e       0x12 /nxtOSEK/ecrobot/../ecrobot/libecrobot.a(sensors.oram)
 .comment       0x00000360       0x12 /nxtOSEK/ecrobot/../ecrobot/libecrobot.a(sensors1.oram)
 .comment       0x00000372       0x12 /nxtOSEK/ecrobot/../ecrobot/libecrobot.a(nxt_lcd.oram)
 .comment       0x00000384       0x12 /nxtOSEK/ecrobot/../ecrobot/libecrobot.a(flash_loader.oram)
 .comment       0x00000396       0x12 /nxtOSEK/ecrobot/../ecrobot/libecrobot.a(flashprog.oram)
 .comment       0x000003a8       0x12 /cygdrive/C/cygwin/GNUARM/bin/../lib/gcc/arm-elf/4.0.2/thumb/interwork/libgcc.a(_muldi3.o)
 .comment       0x000003ba       0x12 /cygdrive/C/cygwin/GNUARM/bin/../lib/gcc/arm-elf/4.0.2/thumb/interwork/libgcc.a(_divdi3.o)
 .comment       0x000003cc       0x12 /cygdrive/C/cygwin/GNUARM/bin/../lib/gcc/arm-elf/4.0.2/thumb/interwork/libgcc.a(_clz.o)
 .comment       0x000003de       0x12 /cygdrive/C/cygwin/GNUARM/bin/../lib/gcc/arm-elf/4.0.2/../../../../arm-elf/lib/thumb/interwork/libc.a(malloc.o)
 .comment       0x000003f0       0x12 /cygdrive/C/cygwin/GNUARM/bin/../lib/gcc/arm-elf/4.0.2/../../../../arm-elf/lib/thumb/interwork/libc.a(mallocr.o)
 .comment       0x00000402       0x12 /cygdrive/C/cygwin/GNUARM/bin/../lib/gcc/arm-elf/4.0.2/../../../../arm-elf/lib/thumb/interwork/libc.a(memcpy.o)
 .comment       0x00000414       0x12 /cygdrive/C/cygwin/GNUARM/bin/../lib/gcc/arm-elf/4.0.2/../../../../arm-elf/lib/thumb/interwork/libc.a(memset.o)
 .comment       0x00000426       0x12 /cygdrive/C/cygwin/GNUARM/bin/../lib/gcc/arm-elf/4.0.2/../../../../arm-elf/lib/thumb/interwork/libc.a(mlock.o)
 .comment       0x00000438       0x12 /cygdrive/C/cygwin/GNUARM/bin/../lib/gcc/arm-elf/4.0.2/../../../../arm-elf/lib/thumb/interwork/libc.a(strcmp.o)
 .comment       0x0000044a       0x12 /cygdrive/C/cygwin/GNUARM/bin/../lib/gcc/arm-elf/4.0.2/../../../../arm-elf/lib/thumb/interwork/libc.a(strcpy.o)
 .comment       0x0000045c       0x12 /cygdrive/C/cygwin/GNUARM/bin/../lib/gcc/arm-elf/4.0.2/../../../../arm-elf/lib/thumb/interwork/libc.a(strlen.o)
 .comment       0x0000046e       0x12 /cygdrive/C/cygwin/GNUARM/bin/../lib/gcc/arm-elf/4.0.2/../../../../arm-elf/lib/thumb/interwork/libc.a(strncpy.o)
 .comment       0x00000480       0x12 /cygdrive/C/cygwin/GNUARM/bin/../lib/gcc/arm-elf/4.0.2/../../../../arm-elf/lib/thumb/interwork/libc.a(freer.o)
 .comment       0x00000492       0x12 /cygdrive/C/cygwin/GNUARM/bin/../lib/gcc/arm-elf/4.0.2/../../../../arm-elf/lib/thumb/interwork/libc.a(impure.o)

.debug_line     0x00000000     0x1285
 .debug_line    0x00000000       0x70 /cygdrive/C/cygwin/GNUARM/bin/../lib/gcc/arm-elf/4.0.2/thumb/interwork/libgcc.a(_udivsi3.o)
 .debug_line    0x00000070       0x7c /cygdrive/C/cygwin/GNUARM/bin/../lib/gcc/arm-elf/4.0.2/thumb/interwork/libgcc.a(_divsi3.o)
 .debug_line    0x000000ec       0x68 /cygdrive/C/cygwin/GNUARM/bin/../lib/gcc/arm-elf/4.0.2/thumb/interwork/libgcc.a(_umodsi3.o)
 .debug_line    0x00000154       0x71 /cygdrive/C/cygwin/GNUARM/bin/../lib/gcc/arm-elf/4.0.2/thumb/interwork/libgcc.a(_modsi3.o)
 .debug_line    0x000001c5       0x5a /cygdrive/C/cygwin/GNUARM/bin/../lib/gcc/arm-elf/4.0.2/thumb/interwork/libgcc.a(_dvmd_tls.o)
 .debug_line    0x0000021f      0x162 /cygdrive/C/cygwin/GNUARM/bin/../lib/gcc/arm-elf/4.0.2/thumb/interwork/libgcc.a(_addsubdf3.o)
 .debug_line    0x00000381      0x177 /cygdrive/C/cygwin/GNUARM/bin/../lib/gcc/arm-elf/4.0.2/thumb/interwork/libgcc.a(_muldivdf3.o)
 .debug_line    0x000004f8       0xa4 /cygdrive/C/cygwin/GNUARM/bin/../lib/gcc/arm-elf/4.0.2/thumb/interwork/libgcc.a(_cmpdf2.o)
 .debug_line    0x0000059c       0x98 /cygdrive/C/cygwin/GNUARM/bin/../lib/gcc/arm-elf/4.0.2/thumb/interwork/libgcc.a(_cmpsf2.o)
 .debug_line    0x00000634       0x61 /cygdrive/C/cygwin/GNUARM/bin/../lib/gcc/arm-elf/4.0.2/thumb/interwork/libgcc.a(_muldi3.o)
 .debug_line    0x00000695      0x122 /cygdrive/C/cygwin/GNUARM/bin/../lib/gcc/arm-elf/4.0.2/thumb/interwork/libgcc.a(_divdi3.o)
 .debug_line    0x000007b7       0x48 /cygdrive/C/cygwin/GNUARM/bin/../lib/gcc/arm-elf/4.0.2/thumb/interwork/libgcc.a(_clz.o)
 .debug_line    0x000007ff       0xfd /cygdrive/C/cygwin/GNUARM/bin/../lib/gcc/arm-elf/4.0.2/../../../../arm-elf/lib/thumb/interwork/libc.a(malloc.o)
 .debug_line    0x000008fc      0x23d /cygdrive/C/cygwin/GNUARM/bin/../lib/gcc/arm-elf/4.0.2/../../../../arm-elf/lib/thumb/interwork/libc.a(mallocr.o)
 .debug_line    0x00000b39       0xc3 /cygdrive/C/cygwin/GNUARM/bin/../lib/gcc/arm-elf/4.0.2/../../../../arm-elf/lib/thumb/interwork/libc.a(memcpy.o)
 .debug_line    0x00000bfc       0xd4 /cygdrive/C/cygwin/GNUARM/bin/../lib/gcc/arm-elf/4.0.2/../../../../arm-elf/lib/thumb/interwork/libc.a(memset.o)
 .debug_line    0x00000cd0       0xf5 /cygdrive/C/cygwin/GNUARM/bin/../lib/gcc/arm-elf/4.0.2/../../../../arm-elf/lib/thumb/interwork/libc.a(mlock.o)
 .debug_line    0x00000dc5       0x88 /cygdrive/C/cygwin/GNUARM/bin/../lib/gcc/arm-elf/4.0.2/../../../../arm-elf/lib/thumb/interwork/libc.a(strcmp.o)
 .debug_line    0x00000e4d       0x80 /cygdrive/C/cygwin/GNUARM/bin/../lib/gcc/arm-elf/4.0.2/../../../../arm-elf/lib/thumb/interwork/libc.a(strcpy.o)
 .debug_line    0x00000ecd       0xaf /cygdrive/C/cygwin/GNUARM/bin/../lib/gcc/arm-elf/4.0.2/../../../../arm-elf/lib/thumb/interwork/libc.a(strlen.o)
 .debug_line    0x00000f7c       0xc2 /cygdrive/C/cygwin/GNUARM/bin/../lib/gcc/arm-elf/4.0.2/../../../../arm-elf/lib/thumb/interwork/libc.a(strncpy.o)
 .debug_line    0x0000103e      0x164 /cygdrive/C/cygwin/GNUARM/bin/../lib/gcc/arm-elf/4.0.2/../../../../arm-elf/lib/thumb/interwork/libc.a(freer.o)
 .debug_line    0x000011a2       0xe3 /cygdrive/C/cygwin/GNUARM/bin/../lib/gcc/arm-elf/4.0.2/../../../../arm-elf/lib/thumb/interwork/libc.a(impure.o)

.debug_info     0x00000000     0x4808
 .debug_info    0x00000000       0x6a /cygdrive/C/cygwin/GNUARM/bin/../lib/gcc/arm-elf/4.0.2/thumb/interwork/libgcc.a(_udivsi3.o)
 .debug_info    0x0000006a       0x6a /cygdrive/C/cygwin/GNUARM/bin/../lib/gcc/arm-elf/4.0.2/thumb/interwork/libgcc.a(_divsi3.o)
 .debug_info    0x000000d4       0x6a /cygdrive/C/cygwin/GNUARM/bin/../lib/gcc/arm-elf/4.0.2/thumb/interwork/libgcc.a(_umodsi3.o)
 .debug_info    0x0000013e       0x6a /cygdrive/C/cygwin/GNUARM/bin/../lib/gcc/arm-elf/4.0.2/thumb/interwork/libgcc.a(_modsi3.o)
 .debug_info    0x000001a8       0x6a /cygdrive/C/cygwin/GNUARM/bin/../lib/gcc/arm-elf/4.0.2/thumb/interwork/libgcc.a(_dvmd_tls.o)
 .debug_info    0x00000212       0x69 /cygdrive/C/cygwin/GNUARM/bin/../lib/gcc/arm-elf/4.0.2/thumb/interwork/libgcc.a(_addsubdf3.o)
 .debug_info    0x0000027b       0x69 /cygdrive/C/cygwin/GNUARM/bin/../lib/gcc/arm-elf/4.0.2/thumb/interwork/libgcc.a(_muldivdf3.o)
 .debug_info    0x000002e4       0x69 /cygdrive/C/cygwin/GNUARM/bin/../lib/gcc/arm-elf/4.0.2/thumb/interwork/libgcc.a(_cmpdf2.o)
 .debug_info    0x0000034d       0x69 /cygdrive/C/cygwin/GNUARM/bin/../lib/gcc/arm-elf/4.0.2/thumb/interwork/libgcc.a(_cmpsf2.o)
 .debug_info    0x000003b6      0x20e /cygdrive/C/cygwin/GNUARM/bin/../lib/gcc/arm-elf/4.0.2/thumb/interwork/libgcc.a(_muldi3.o)
 .debug_info    0x000005c4      0x758 /cygdrive/C/cygwin/GNUARM/bin/../lib/gcc/arm-elf/4.0.2/thumb/interwork/libgcc.a(_divdi3.o)
 .debug_info    0x00000d1c       0xc9 /cygdrive/C/cygwin/GNUARM/bin/../lib/gcc/arm-elf/4.0.2/thumb/interwork/libgcc.a(_clz.o)
 .debug_info    0x00000de5      0x955 /cygdrive/C/cygwin/GNUARM/bin/../lib/gcc/arm-elf/4.0.2/../../../../arm-elf/lib/thumb/interwork/libc.a(malloc.o)
 .debug_info    0x0000173a      0xcbd /cygdrive/C/cygwin/GNUARM/bin/../lib/gcc/arm-elf/4.0.2/../../../../arm-elf/lib/thumb/interwork/libc.a(mallocr.o)
 .debug_info    0x000023f7      0x10d /cygdrive/C/cygwin/GNUARM/bin/../lib/gcc/arm-elf/4.0.2/../../../../arm-elf/lib/thumb/interwork/libc.a(memcpy.o)
 .debug_info    0x00002504      0x111 /cygdrive/C/cygwin/GNUARM/bin/../lib/gcc/arm-elf/4.0.2/../../../../arm-elf/lib/thumb/interwork/libc.a(memset.o)
 .debug_info    0x00002615      0x93e /cygdrive/C/cygwin/GNUARM/bin/../lib/gcc/arm-elf/4.0.2/../../../../arm-elf/lib/thumb/interwork/libc.a(mlock.o)
 .debug_info    0x00002f53       0xd9 /cygdrive/C/cygwin/GNUARM/bin/../lib/gcc/arm-elf/4.0.2/../../../../arm-elf/lib/thumb/interwork/libc.a(strcmp.o)
 .debug_info    0x0000302c      0x10c /cygdrive/C/cygwin/GNUARM/bin/../lib/gcc/arm-elf/4.0.2/../../../../arm-elf/lib/thumb/interwork/libc.a(strcpy.o)
 .debug_info    0x00003138       0xd5 /cygdrive/C/cygwin/GNUARM/bin/../lib/gcc/arm-elf/4.0.2/../../../../arm-elf/lib/thumb/interwork/libc.a(strlen.o)
 .debug_info    0x0000320d      0x126 /cygdrive/C/cygwin/GNUARM/bin/../lib/gcc/arm-elf/4.0.2/../../../../arm-elf/lib/thumb/interwork/libc.a(strncpy.o)
 .debug_info    0x00003333      0xbb3 /cygdrive/C/cygwin/GNUARM/bin/../lib/gcc/arm-elf/4.0.2/../../../../arm-elf/lib/thumb/interwork/libc.a(freer.o)
 .debug_info    0x00003ee6      0x922 /cygdrive/C/cygwin/GNUARM/bin/../lib/gcc/arm-elf/4.0.2/../../../../arm-elf/lib/thumb/interwork/libc.a(impure.o)

.debug_abbrev   0x00000000      0xee6
 .debug_abbrev  0x00000000       0x14 /cygdrive/C/cygwin/GNUARM/bin/../lib/gcc/arm-elf/4.0.2/thumb/interwork/libgcc.a(_udivsi3.o)
 .debug_abbrev  0x00000014       0x14 /cygdrive/C/cygwin/GNUARM/bin/../lib/gcc/arm-elf/4.0.2/thumb/interwork/libgcc.a(_divsi3.o)
 .debug_abbrev  0x00000028       0x14 /cygdrive/C/cygwin/GNUARM/bin/../lib/gcc/arm-elf/4.0.2/thumb/interwork/libgcc.a(_umodsi3.o)
 .debug_abbrev  0x0000003c       0x14 /cygdrive/C/cygwin/GNUARM/bin/../lib/gcc/arm-elf/4.0.2/thumb/interwork/libgcc.a(_modsi3.o)
 .debug_abbrev  0x00000050       0x14 /cygdrive/C/cygwin/GNUARM/bin/../lib/gcc/arm-elf/4.0.2/thumb/interwork/libgcc.a(_dvmd_tls.o)
 .debug_abbrev  0x00000064       0x14 /cygdrive/C/cygwin/GNUARM/bin/../lib/gcc/arm-elf/4.0.2/thumb/interwork/libgcc.a(_addsubdf3.o)
 .debug_abbrev  0x00000078       0x14 /cygdrive/C/cygwin/GNUARM/bin/../lib/gcc/arm-elf/4.0.2/thumb/interwork/libgcc.a(_muldivdf3.o)
 .debug_abbrev  0x0000008c       0x14 /cygdrive/C/cygwin/GNUARM/bin/../lib/gcc/arm-elf/4.0.2/thumb/interwork/libgcc.a(_cmpdf2.o)
 .debug_abbrev  0x000000a0       0x14 /cygdrive/C/cygwin/GNUARM/bin/../lib/gcc/arm-elf/4.0.2/thumb/interwork/libgcc.a(_cmpsf2.o)
 .debug_abbrev  0x000000b4       0xec /cygdrive/C/cygwin/GNUARM/bin/../lib/gcc/arm-elf/4.0.2/thumb/interwork/libgcc.a(_muldi3.o)
 .debug_abbrev  0x000001a0      0x174 /cygdrive/C/cygwin/GNUARM/bin/../lib/gcc/arm-elf/4.0.2/thumb/interwork/libgcc.a(_divdi3.o)
 .debug_abbrev  0x00000314       0x61 /cygdrive/C/cygwin/GNUARM/bin/../lib/gcc/arm-elf/4.0.2/thumb/interwork/libgcc.a(_clz.o)
 .debug_abbrev  0x00000375      0x187 /cygdrive/C/cygwin/GNUARM/bin/../lib/gcc/arm-elf/4.0.2/../../../../arm-elf/lib/thumb/interwork/libc.a(malloc.o)
 .debug_abbrev  0x000004fc      0x214 /cygdrive/C/cygwin/GNUARM/bin/../lib/gcc/arm-elf/4.0.2/../../../../arm-elf/lib/thumb/interwork/libc.a(mallocr.o)
 .debug_abbrev  0x00000710       0x99 /cygdrive/C/cygwin/GNUARM/bin/../lib/gcc/arm-elf/4.0.2/../../../../arm-elf/lib/thumb/interwork/libc.a(memcpy.o)
 .debug_abbrev  0x000007a9       0x9a /cygdrive/C/cygwin/GNUARM/bin/../lib/gcc/arm-elf/4.0.2/../../../../arm-elf/lib/thumb/interwork/libc.a(memset.o)
 .debug_abbrev  0x00000843      0x16a /cygdrive/C/cygwin/GNUARM/bin/../lib/gcc/arm-elf/4.0.2/../../../../arm-elf/lib/thumb/interwork/libc.a(mlock.o)
 .debug_abbrev  0x000009ad       0x71 /cygdrive/C/cygwin/GNUARM/bin/../lib/gcc/arm-elf/4.0.2/../../../../arm-elf/lib/thumb/interwork/libc.a(strcmp.o)
 .debug_abbrev  0x00000a1e       0x80 /cygdrive/C/cygwin/GNUARM/bin/../lib/gcc/arm-elf/4.0.2/../../../../arm-elf/lib/thumb/interwork/libc.a(strcpy.o)
 .debug_abbrev  0x00000a9e       0x8b /cygdrive/C/cygwin/GNUARM/bin/../lib/gcc/arm-elf/4.0.2/../../../../arm-elf/lib/thumb/interwork/libc.a(strlen.o)
 .debug_abbrev  0x00000b29       0x8d /cygdrive/C/cygwin/GNUARM/bin/../lib/gcc/arm-elf/4.0.2/../../../../arm-elf/lib/thumb/interwork/libc.a(strncpy.o)
 .debug_abbrev  0x00000bb6      0x1d9 /cygdrive/C/cygwin/GNUARM/bin/../lib/gcc/arm-elf/4.0.2/../../../../arm-elf/lib/thumb/interwork/libc.a(freer.o)
 .debug_abbrev  0x00000d8f      0x157 /cygdrive/C/cygwin/GNUARM/bin/../lib/gcc/arm-elf/4.0.2/../../../../arm-elf/lib/thumb/interwork/libc.a(impure.o)

.debug_aranges  0x00000000      0x2a0
 .debug_aranges
                0x00000000       0x20 /cygdrive/C/cygwin/GNUARM/bin/../lib/gcc/arm-elf/4.0.2/thumb/interwork/libgcc.a(_udivsi3.o)
 .debug_aranges
                0x00000020       0x20 /cygdrive/C/cygwin/GNUARM/bin/../lib/gcc/arm-elf/4.0.2/thumb/interwork/libgcc.a(_divsi3.o)
 .debug_aranges
                0x00000040       0x20 /cygdrive/C/cygwin/GNUARM/bin/../lib/gcc/arm-elf/4.0.2/thumb/interwork/libgcc.a(_umodsi3.o)
 .debug_aranges
                0x00000060       0x20 /cygdrive/C/cygwin/GNUARM/bin/../lib/gcc/arm-elf/4.0.2/thumb/interwork/libgcc.a(_modsi3.o)
 .debug_aranges
                0x00000080       0x20 /cygdrive/C/cygwin/GNUARM/bin/../lib/gcc/arm-elf/4.0.2/thumb/interwork/libgcc.a(_dvmd_tls.o)
 .debug_aranges
                0x000000a0       0x20 /cygdrive/C/cygwin/GNUARM/bin/../lib/gcc/arm-elf/4.0.2/thumb/interwork/libgcc.a(_addsubdf3.o)
 .debug_aranges
                0x000000c0       0x20 /cygdrive/C/cygwin/GNUARM/bin/../lib/gcc/arm-elf/4.0.2/thumb/interwork/libgcc.a(_muldivdf3.o)
 .debug_aranges
                0x000000e0       0x20 /cygdrive/C/cygwin/GNUARM/bin/../lib/gcc/arm-elf/4.0.2/thumb/interwork/libgcc.a(_cmpdf2.o)
 .debug_aranges
                0x00000100       0x20 /cygdrive/C/cygwin/GNUARM/bin/../lib/gcc/arm-elf/4.0.2/thumb/interwork/libgcc.a(_cmpsf2.o)
 .debug_aranges
                0x00000120       0x20 /cygdrive/C/cygwin/GNUARM/bin/../lib/gcc/arm-elf/4.0.2/thumb/interwork/libgcc.a(_muldi3.o)
 .debug_aranges
                0x00000140       0x20 /cygdrive/C/cygwin/GNUARM/bin/../lib/gcc/arm-elf/4.0.2/thumb/interwork/libgcc.a(_divdi3.o)
 .debug_aranges
                0x00000160       0x20 /cygdrive/C/cygwin/GNUARM/bin/../lib/gcc/arm-elf/4.0.2/../../../../arm-elf/lib/thumb/interwork/libc.a(malloc.o)
 .debug_aranges
                0x00000180       0x20 /cygdrive/C/cygwin/GNUARM/bin/../lib/gcc/arm-elf/4.0.2/../../../../arm-elf/lib/thumb/interwork/libc.a(mallocr.o)
 .debug_aranges
                0x000001a0       0x20 /cygdrive/C/cygwin/GNUARM/bin/../lib/gcc/arm-elf/4.0.2/../../../../arm-elf/lib/thumb/interwork/libc.a(memcpy.o)
 .debug_aranges
                0x000001c0       0x20 /cygdrive/C/cygwin/GNUARM/bin/../lib/gcc/arm-elf/4.0.2/../../../../arm-elf/lib/thumb/interwork/libc.a(memset.o)
 .debug_aranges
                0x000001e0       0x20 /cygdrive/C/cygwin/GNUARM/bin/../lib/gcc/arm-elf/4.0.2/../../../../arm-elf/lib/thumb/interwork/libc.a(mlock.o)
 .debug_aranges
                0x00000200       0x20 /cygdrive/C/cygwin/GNUARM/bin/../lib/gcc/arm-elf/4.0.2/../../../../arm-elf/lib/thumb/interwork/libc.a(strcmp.o)
 .debug_aranges
                0x00000220       0x20 /cygdrive/C/cygwin/GNUARM/bin/../lib/gcc/arm-elf/4.0.2/../../../../arm-elf/lib/thumb/interwork/libc.a(strcpy.o)
 .debug_aranges
                0x00000240       0x20 /cygdrive/C/cygwin/GNUARM/bin/../lib/gcc/arm-elf/4.0.2/../../../../arm-elf/lib/thumb/interwork/libc.a(strlen.o)
 .debug_aranges
                0x00000260       0x20 /cygdrive/C/cygwin/GNUARM/bin/../lib/gcc/arm-elf/4.0.2/../../../../arm-elf/lib/thumb/interwork/libc.a(strncpy.o)
 .debug_aranges
                0x00000280       0x20 /cygdrive/C/cygwin/GNUARM/bin/../lib/gcc/arm-elf/4.0.2/../../../../arm-elf/lib/thumb/interwork/libc.a(freer.o)

.debug_frame    0x00000000      0x280
 .debug_frame   0x00000000       0x38 /cygdrive/C/cygwin/GNUARM/bin/../lib/gcc/arm-elf/4.0.2/thumb/interwork/libgcc.a(_muldi3.o)
 .debug_frame   0x00000038       0x3c /cygdrive/C/cygwin/GNUARM/bin/../lib/gcc/arm-elf/4.0.2/thumb/interwork/libgcc.a(_divdi3.o)
 .debug_frame   0x00000074       0x40 /cygdrive/C/cygwin/GNUARM/bin/../lib/gcc/arm-elf/4.0.2/../../../../arm-elf/lib/thumb/interwork/libc.a(malloc.o)
 .debug_frame   0x000000b4       0x3c /cygdrive/C/cygwin/GNUARM/bin/../lib/gcc/arm-elf/4.0.2/../../../../arm-elf/lib/thumb/interwork/libc.a(mallocr.o)
 .debug_frame   0x000000f0       0x2c /cygdrive/C/cygwin/GNUARM/bin/../lib/gcc/arm-elf/4.0.2/../../../../arm-elf/lib/thumb/interwork/libc.a(memcpy.o)
 .debug_frame   0x0000011c       0x2c /cygdrive/C/cygwin/GNUARM/bin/../lib/gcc/arm-elf/4.0.2/../../../../arm-elf/lib/thumb/interwork/libc.a(memset.o)
 .debug_frame   0x00000148       0x30 /cygdrive/C/cygwin/GNUARM/bin/../lib/gcc/arm-elf/4.0.2/../../../../arm-elf/lib/thumb/interwork/libc.a(mlock.o)
 .debug_frame   0x00000178       0x2c /cygdrive/C/cygwin/GNUARM/bin/../lib/gcc/arm-elf/4.0.2/../../../../arm-elf/lib/thumb/interwork/libc.a(strcmp.o)
 .debug_frame   0x000001a4       0x2c /cygdrive/C/cygwin/GNUARM/bin/../lib/gcc/arm-elf/4.0.2/../../../../arm-elf/lib/thumb/interwork/libc.a(strcpy.o)
 .debug_frame   0x000001d0       0x2c /cygdrive/C/cygwin/GNUARM/bin/../lib/gcc/arm-elf/4.0.2/../../../../arm-elf/lib/thumb/interwork/libc.a(strlen.o)
 .debug_frame   0x000001fc       0x30 /cygdrive/C/cygwin/GNUARM/bin/../lib/gcc/arm-elf/4.0.2/../../../../arm-elf/lib/thumb/interwork/libc.a(strncpy.o)
 .debug_frame   0x0000022c       0x54 /cygdrive/C/cygwin/GNUARM/bin/../lib/gcc/arm-elf/4.0.2/../../../../arm-elf/lib/thumb/interwork/libc.a(freer.o)

.debug_loc      0x00000000     0x22c4
 .debug_loc     0x00000000      0x156 /cygdrive/C/cygwin/GNUARM/bin/../lib/gcc/arm-elf/4.0.2/thumb/interwork/libgcc.a(_muldi3.o)
 .debug_loc     0x00000156      0xd45 /cygdrive/C/cygwin/GNUARM/bin/../lib/gcc/arm-elf/4.0.2/thumb/interwork/libgcc.a(_divdi3.o)
 .debug_loc     0x00000e9b       0x3c /cygdrive/C/cygwin/GNUARM/bin/../lib/gcc/arm-elf/4.0.2/../../../../arm-elf/lib/thumb/interwork/libc.a(malloc.o)
 .debug_loc     0x00000ed7      0xaf9 /cygdrive/C/cygwin/GNUARM/bin/../lib/gcc/arm-elf/4.0.2/../../../../arm-elf/lib/thumb/interwork/libc.a(mallocr.o)
 .debug_loc     0x000019d0      0x127 /cygdrive/C/cygwin/GNUARM/bin/../lib/gcc/arm-elf/4.0.2/../../../../arm-elf/lib/thumb/interwork/libc.a(memcpy.o)
 .debug_loc     0x00001af7      0x12a /cygdrive/C/cygwin/GNUARM/bin/../lib/gcc/arm-elf/4.0.2/../../../../arm-elf/lib/thumb/interwork/libc.a(memset.o)
 .debug_loc     0x00001c21       0x8e /cygdrive/C/cygwin/GNUARM/bin/../lib/gcc/arm-elf/4.0.2/../../../../arm-elf/lib/thumb/interwork/libc.a(strcmp.o)
 .debug_loc     0x00001caf       0xb4 /cygdrive/C/cygwin/GNUARM/bin/../lib/gcc/arm-elf/4.0.2/../../../../arm-elf/lib/thumb/interwork/libc.a(strcpy.o)
 .debug_loc     0x00001d63       0x3c /cygdrive/C/cygwin/GNUARM/bin/../lib/gcc/arm-elf/4.0.2/../../../../arm-elf/lib/thumb/interwork/libc.a(strlen.o)
 .debug_loc     0x00001d9f      0x156 /cygdrive/C/cygwin/GNUARM/bin/../lib/gcc/arm-elf/4.0.2/../../../../arm-elf/lib/thumb/interwork/libc.a(strncpy.o)
 .debug_loc     0x00001ef5      0x3cf /cygdrive/C/cygwin/GNUARM/bin/../lib/gcc/arm-elf/4.0.2/../../../../arm-elf/lib/thumb/interwork/libc.a(freer.o)

.debug_pubnames
                0x00000000      0x2a3
 .debug_pubnames
                0x00000000       0x1f /cygdrive/C/cygwin/GNUARM/bin/../lib/gcc/arm-elf/4.0.2/thumb/interwork/libgcc.a(_muldi3.o)
 .debug_pubnames
                0x0000001f       0x1f /cygdrive/C/cygwin/GNUARM/bin/../lib/gcc/arm-elf/4.0.2/thumb/interwork/libgcc.a(_divdi3.o)
 .debug_pubnames
                0x0000003e       0x20 /cygdrive/C/cygwin/GNUARM/bin/../lib/gcc/arm-elf/4.0.2/thumb/interwork/libgcc.a(_clz.o)
 .debug_pubnames
                0x0000005e       0x26 /cygdrive/C/cygwin/GNUARM/bin/../lib/gcc/arm-elf/4.0.2/../../../../arm-elf/lib/thumb/interwork/libc.a(malloc.o)
 .debug_pubnames
                0x00000084       0xce /cygdrive/C/cygwin/GNUARM/bin/../lib/gcc/arm-elf/4.0.2/../../../../arm-elf/lib/thumb/interwork/libc.a(mallocr.o)
 .debug_pubnames
                0x00000152       0x1d /cygdrive/C/cygwin/GNUARM/bin/../lib/gcc/arm-elf/4.0.2/../../../../arm-elf/lib/thumb/interwork/libc.a(memcpy.o)
 .debug_pubnames
                0x0000016f       0x1d /cygdrive/C/cygwin/GNUARM/bin/../lib/gcc/arm-elf/4.0.2/../../../../arm-elf/lib/thumb/interwork/libc.a(memset.o)
 .debug_pubnames
                0x0000018c       0x38 /cygdrive/C/cygwin/GNUARM/bin/../lib/gcc/arm-elf/4.0.2/../../../../arm-elf/lib/thumb/interwork/libc.a(mlock.o)
 .debug_pubnames
                0x000001c4       0x1d /cygdrive/C/cygwin/GNUARM/bin/../lib/gcc/arm-elf/4.0.2/../../../../arm-elf/lib/thumb/interwork/libc.a(strcmp.o)
 .debug_pubnames
                0x000001e1       0x1d /cygdrive/C/cygwin/GNUARM/bin/../lib/gcc/arm-elf/4.0.2/../../../../arm-elf/lib/thumb/interwork/libc.a(strcpy.o)
 .debug_pubnames
                0x000001fe       0x1d /cygdrive/C/cygwin/GNUARM/bin/../lib/gcc/arm-elf/4.0.2/../../../../arm-elf/lib/thumb/interwork/libc.a(strlen.o)
 .debug_pubnames
                0x0000021b       0x1e /cygdrive/C/cygwin/GNUARM/bin/../lib/gcc/arm-elf/4.0.2/../../../../arm-elf/lib/thumb/interwork/libc.a(strncpy.o)
 .debug_pubnames
                0x00000239       0x31 /cygdrive/C/cygwin/GNUARM/bin/../lib/gcc/arm-elf/4.0.2/../../../../arm-elf/lib/thumb/interwork/libc.a(freer.o)
 .debug_pubnames
                0x0000026a       0x39 /cygdrive/C/cygwin/GNUARM/bin/../lib/gcc/arm-elf/4.0.2/../../../../arm-elf/lib/thumb/interwork/libc.a(impure.o)

.debug_ranges   0x00000000      0x210
 .debug_ranges  0x00000000       0x30 /cygdrive/C/cygwin/GNUARM/bin/../lib/gcc/arm-elf/4.0.2/thumb/interwork/libgcc.a(_muldi3.o)
 .debug_ranges  0x00000030      0x1a8 /cygdrive/C/cygwin/GNUARM/bin/../lib/gcc/arm-elf/4.0.2/thumb/interwork/libgcc.a(_divdi3.o)
 .debug_ranges  0x000001d8       0x38 /cygdrive/C/cygwin/GNUARM/bin/../lib/gcc/arm-elf/4.0.2/../../../../arm-elf/lib/thumb/interwork/libc.a(mallocr.o)

.debug_str      0x00000000      0xadf
 .debug_str     0x00000000       0xfb /cygdrive/C/cygwin/GNUARM/bin/../lib/gcc/arm-elf/4.0.2/thumb/interwork/libgcc.a(_muldi3.o)
                                0x14f (size before relaxing)
 .debug_str     0x000000fb       0x5d /cygdrive/C/cygwin/GNUARM/bin/../lib/gcc/arm-elf/4.0.2/thumb/interwork/libgcc.a(_divdi3.o)
                                0x1a3 (size before relaxing)
 .debug_str     0x00000158        0x0 /cygdrive/C/cygwin/GNUARM/bin/../lib/gcc/arm-elf/4.0.2/thumb/interwork/libgcc.a(_clz.o)
                                0x104 (size before relaxing)
 .debug_str     0x00000158      0x40d /cygdrive/C/cygwin/GNUARM/bin/../lib/gcc/arm-elf/4.0.2/../../../../arm-elf/lib/thumb/interwork/libc.a(malloc.o)
                                0x4c7 (size before relaxing)
 .debug_str     0x00000565      0x20c /cygdrive/C/cygwin/GNUARM/bin/../lib/gcc/arm-elf/4.0.2/../../../../arm-elf/lib/thumb/interwork/libc.a(mallocr.o)
                                0x6a8 (size before relaxing)
 .debug_str     0x00000771       0xac /cygdrive/C/cygwin/GNUARM/bin/../lib/gcc/arm-elf/4.0.2/../../../../arm-elf/lib/thumb/interwork/libc.a(memcpy.o)
                                 0xdf (size before relaxing)
 .debug_str     0x0000081d       0x5a /cygdrive/C/cygwin/GNUARM/bin/../lib/gcc/arm-elf/4.0.2/../../../../arm-elf/lib/thumb/interwork/libc.a(memset.o)
                                0x129 (size before relaxing)
 .debug_str     0x00000877       0x71 /cygdrive/C/cygwin/GNUARM/bin/../lib/gcc/arm-elf/4.0.2/../../../../arm-elf/lib/thumb/interwork/libc.a(mlock.o)
                                0x4ce (size before relaxing)
 .debug_str     0x000008e8       0x46 /cygdrive/C/cygwin/GNUARM/bin/../lib/gcc/arm-elf/4.0.2/../../../../arm-elf/lib/thumb/interwork/libc.a(strcmp.o)
                                0x10e (size before relaxing)
 .debug_str     0x0000092e       0x46 /cygdrive/C/cygwin/GNUARM/bin/../lib/gcc/arm-elf/4.0.2/../../../../arm-elf/lib/thumb/interwork/libc.a(strcpy.o)
                                0x130 (size before relaxing)
 .debug_str     0x00000974       0x4c /cygdrive/C/cygwin/GNUARM/bin/../lib/gcc/arm-elf/4.0.2/../../../../arm-elf/lib/thumb/interwork/libc.a(strlen.o)
                                0x128 (size before relaxing)
 .debug_str     0x000009c0       0x48 /cygdrive/C/cygwin/GNUARM/bin/../lib/gcc/arm-elf/4.0.2/../../../../arm-elf/lib/thumb/interwork/libc.a(strncpy.o)
                                0x13f (size before relaxing)
 .debug_str     0x00000a08       0x3c /cygdrive/C/cygwin/GNUARM/bin/../lib/gcc/arm-elf/4.0.2/../../../../arm-elf/lib/thumb/interwork/libc.a(freer.o)
                                0x5fa (size before relaxing)
 .debug_str     0x00000a44       0x9b /cygdrive/C/cygwin/GNUARM/bin/../lib/gcc/arm-elf/4.0.2/../../../../arm-elf/lib/thumb/interwork/libc.a(impure.o)
                                0x4c5 (size before relaxing)

Cross Reference Table

Symbol                                            File
ActivateTask                                      build/kernel/task_manage.o
                                                  build/./kernel_cfg.o
AssertDeviceConstructor                           build/rtoscalls.o
                                                  /nxtOSEK/ecrobot/../ecrobot/libecrobot++.a(Usb.o)
                                                  /nxtOSEK/ecrobot/../ecrobot/libecrobot++.a(Motor.o)
CancelAlarm                                       build/kernel/alarm.o
ChainTask                                         build/kernel/task_manage.o
ClearEvent                                        build/kernel/event.o
                                                  build/rtoscalls.o
DisableAllInterrupts                              build/kernel/interrupt.o
EnableAllInterrupts                               build/kernel/interrupt.o
ErrorHook                                         /nxtOSEK/ecrobot/../ecrobot/libecrobot.a(osek_hook.o)
                                                  build/kernel/osctl.o
EventSleep                                        build/./kernel_cfg.o
                                                  build/rtoscalls.o
EventSleepI2C                                     build/./kernel_cfg.o
                                                  build/rtoscalls.o
GetActiveApplicationMode                          build/kernel/osctl.o
GetAlarm                                          build/kernel/alarm.o
GetAlarmBase                                      build/kernel/alarm.o
GetEvent                                          build/kernel/event.o
GetResource                                       build/kernel/resource.o
                                                  build/NOstream.o
GetTaskID                                         build/kernel/task_manage.o
                                                  build/rtoscalls.o
GetTaskState                                      build/kernel/task_manage.o
NXT_COLORSENSOR_PROTOCOLS                         /nxtOSEK/ecrobot/../ecrobot/libecrobot.a(ecrobot_interface.o)
NXT_Entry_Point                                   build/nxt_entry_point.o
                                                  build/nxt_binary_header.o
PostTaskHook                                      /nxtOSEK/ecrobot/../ecrobot/libecrobot.a(osek_hook.o)
                                                  build/config/at91sam7s-gnu/cpu_support.oram
                                                  build/kernel/osctl.o
PreTaskHook                                       /nxtOSEK/ecrobot/../ecrobot/libecrobot.a(osek_hook.o)
                                                  build/config/at91sam7s-gnu/cpu_support.oram
                                                  build/kernel/osctl.o
ReleaseResource                                   build/kernel/resource.o
                                                  build/NOstream.o
ResumeAllInterrupts                               build/kernel/interrupt.o
ResumeOSInterrupts                                build/kernel/interrupt.o
Schedule                                          build/kernel/task_manage.o
SetAbsAlarm                                       build/kernel/alarm.o
SetEvent                                          build/kernel/event.o
                                                  build/rtoscalls.o
SetRelAlarm                                       build/kernel/alarm.o
ShutdownHook                                      /nxtOSEK/ecrobot/../ecrobot/libecrobot.a(osek_hook.o)
                                                  build/kernel/osctl.o
ShutdownOS                                        build/kernel/osctl.o
                                                  build/sample.o
SignalCounter                                     build/kernel/alarm.o
                                                  build/sample.o
Sleep                                             build/rtoscalls.o
                                                  /nxtOSEK/ecrobot/../ecrobot/libecrobot++.a(Clock.o)
                                                  build/Motorcontroller.o
SleepI2C                                          build/rtoscalls.o
SleeperMonitor                                    build/rtoscalls.o
                                                  build/sample.o
StartOS                                           build/kernel/osctl.o
                                                  build/ecrobot.o
StartupHook                                       /nxtOSEK/ecrobot/../ecrobot/libecrobot.a(osek_hook.o)
                                                  build/kernel/osctl.o
SuspendAllInterrupts                              build/kernel/interrupt.o
SuspendOSInterrupts                               build/kernel/interrupt.o
SysTimerCnt                                       build/./kernel_cfg.o
                                                  build/sample.o
Task2                                             build/./kernel_cfg.o
TaskMain                                          build/./kernel_cfg.o
TaskMainTask2                                     build/sample.o
                                                  build/./kernel_cfg.o
TaskMainTaskMain                                  build/sample.o
                                                  build/./kernel_cfg.o
TerminateTask                                     build/kernel/task_manage.o
                                                  build/sample.o
WaitEvent                                         build/kernel/event.o
                                                  build/rtoscalls.o
____eqsf2_change_to_arm                           /cygdrive/C/cygwin/GNUARM/bin/../lib/gcc/arm-elf/4.0.2/../../../../arm-elf/lib/thumb/interwork/libc.a(freer.o)
____eqsf2_from_thumb                              /cygdrive/C/cygwin/GNUARM/bin/../lib/gcc/arm-elf/4.0.2/../../../../arm-elf/lib/thumb/interwork/libc.a(freer.o)
____floatsidf_change_to_arm                       /cygdrive/C/cygwin/GNUARM/bin/../lib/gcc/arm-elf/4.0.2/../../../../arm-elf/lib/thumb/interwork/libc.a(freer.o)
____floatsidf_from_thumb                          /cygdrive/C/cygwin/GNUARM/bin/../lib/gcc/arm-elf/4.0.2/../../../../arm-elf/lib/thumb/interwork/libc.a(freer.o)
____gtdf2_change_to_arm                           /cygdrive/C/cygwin/GNUARM/bin/../lib/gcc/arm-elf/4.0.2/../../../../arm-elf/lib/thumb/interwork/libc.a(freer.o)
____gtdf2_from_thumb                              /cygdrive/C/cygwin/GNUARM/bin/../lib/gcc/arm-elf/4.0.2/../../../../arm-elf/lib/thumb/interwork/libc.a(freer.o)
____muldf3_change_to_arm                          /cygdrive/C/cygwin/GNUARM/bin/../lib/gcc/arm-elf/4.0.2/../../../../arm-elf/lib/thumb/interwork/libc.a(freer.o)
____muldf3_from_thumb                             /cygdrive/C/cygwin/GNUARM/bin/../lib/gcc/arm-elf/4.0.2/../../../../arm-elf/lib/thumb/interwork/libc.a(freer.o)
__adddf3                                          /cygdrive/C/cygwin/GNUARM/bin/../lib/gcc/arm-elf/4.0.2/thumb/interwork/libgcc.a(_addsubdf3.o)