Archive member included because of file (symbol)

/nxtOSEK/ecrobot/../ecrobot/libecrobot++.a(Clock.o)
                              build/sample.o (_ZN7ecrobot5ClockC1Ev)
/nxtOSEK/ecrobot/../ecrobot/libecrobot++.a(Motor.o)
                              build//nxtOSEK/ecrobot/../NXtpandedLib/src/Motorcontroller.o (_ZN7ecrobot5Motor6setPWMEa)
/nxtOSEK/ecrobot/../ecrobot/libecrobot++.a(Usb.o)
                              build//nxtOSEK/ecrobot/../NXtpandedLib/src/NCom.o (_ZN7ecrobot3Usb4sendEPhmm)
/nxtOSEK/ecrobot/../ecrobot/libecrobot.a(ecrobot_usb.o)
                              /nxtOSEK/ecrobot/../ecrobot/libecrobot++.a(Usb.o) (ecrobot_init_usb)
/nxtOSEK/ecrobot/../ecrobot/libecrobot.a(ecrobot_device_hook.o)
                              build/ecrobot.o (ecrobot_device_initialize)
/nxtOSEK/ecrobot/../ecrobot/libecrobot.a(ecrobot_interface.o)
                              build/ecrobot_base.o (ecrobot_get_battery_voltage)
/nxtOSEK/ecrobot/../ecrobot/libecrobot.a(colorsensor.o)
                              /nxtOSEK/ecrobot/../ecrobot/libecrobot.a(ecrobot_interface.o) (colorsensor_init)
/nxtOSEK/ecrobot/../ecrobot/libecrobot.a(osek_hook.o)
                              build/kernel/osctl.o (StartupHook)
/nxtOSEK/ecrobot/../ecrobot/libecrobot.a(uart.oram)
                              build/config/at91sam7s-gnu/irq.oram (uart_isr_C_0)
/nxtOSEK/ecrobot/../ecrobot/libecrobot.a(systick.oram)
                              build/syslib/at91sam7s-gnu/lego_nxt/hw_sys_timer.oram (systick_low_priority_C)
/nxtOSEK/ecrobot/../ecrobot/libecrobot.a(byte_fifo.oram)
                              /nxtOSEK/ecrobot/../ecrobot/libecrobot.a(uart.oram) (byte_fifo_put)
/nxtOSEK/ecrobot/../ecrobot/libecrobot.a(aic.oram)
                              /nxtOSEK/ecrobot/../ecrobot/libecrobot.a(uart.oram) (aic_set_vector)
/nxtOSEK/ecrobot/../ecrobot/libecrobot.a(udp.oram)
                              /nxtOSEK/ecrobot/../ecrobot/libecrobot.a(ecrobot_usb.o) (udp_read)
/nxtOSEK/ecrobot/../ecrobot/libecrobot.a(twi.oram)
                              build/config/at91sam7s-gnu/irq.oram (twi_isr_C)
/nxtOSEK/ecrobot/../ecrobot/libecrobot.a(nxt_spi.oram)
                              build/config/at91sam7s-gnu/irq.oram (spi_isr_C)
/nxtOSEK/ecrobot/../ecrobot/libecrobot.a(nxt_motors.oram)
                              build//nxtOSEK/ecrobot/../NXtpandedLib/src/Motorcontroller.o (nxt_motor_get_count)
/nxtOSEK/ecrobot/../ecrobot/libecrobot.a(data_abort.oram)
                              build/ecrobot_init.o (data_abort_C)
/nxtOSEK/ecrobot/../ecrobot/libecrobot.a(display.oram)
                              build/rtoscalls.o (display_update)
/nxtOSEK/ecrobot/../ecrobot/libecrobot.a(i2c.oram)
                              build/config/at91sam7s-gnu/irq.oram (i2c_timer_isr_C)
/nxtOSEK/ecrobot/../ecrobot/libecrobot.a(sound.oram)
                              /nxtOSEK/ecrobot/../ecrobot/libecrobot.a(ecrobot_interface.o) (sound_get_time)
/nxtOSEK/ecrobot/../ecrobot/libecrobot.a(bt.oram)
                              build/ecrobot_bluetooth.o (bt_send)
/nxtOSEK/ecrobot/../ecrobot/libecrobot.a(nxt_avr.oram)
                              build/ecrobot_base.o (nxt_avr_power_down)
/nxtOSEK/ecrobot/../ecrobot/libecrobot.a(sensors.oram)
                              /nxtOSEK/ecrobot/../ecrobot/libecrobot.a(ecrobot_interface.o) (unset_digi0)
/nxtOSEK/ecrobot/../ecrobot/libecrobot.a(sensors1.oram)
                              /nxtOSEK/ecrobot/../ecrobot/libecrobot.a(colorsensor.o) (sensor_pins)
/nxtOSEK/ecrobot/../ecrobot/libecrobot.a(nxt_lcd.oram)
                              /nxtOSEK/ecrobot/../ecrobot/libecrobot.a(display.oram) (nxt_lcd_force_update)
/nxtOSEK/ecrobot/../ecrobot/libecrobot.a(flash_loader.oram)
                              build/ecrobot_base.o (set_flash_request)
/nxtOSEK/ecrobot/../ecrobot/libecrobot.a(interrupts.oram)
                              /nxtOSEK/ecrobot/../ecrobot/libecrobot.a(uart.oram) (interrupts_get_and_disable)
/nxtOSEK/ecrobot/../ecrobot/libecrobot.a(nxtosek_splash.obmp)
                              build/ecrobot_base.o (nxtosek_splash_bmp_start)
/nxtOSEK/ecrobot/../ecrobot/libecrobot.a(flashprog.oram)
                              /nxtOSEK/ecrobot/../ecrobot/libecrobot.a(flash_loader.oram) (flash_write_page)
/cygdrive/C/cygwin/GNUARM/bin/../lib/gcc/arm-elf/4.0.2/thumb/interwork/libgcc.a(_udivsi3.o)
                              build/ecrobot_base.o (__udivsi3)
/cygdrive/C/cygwin/GNUARM/bin/../lib/gcc/arm-elf/4.0.2/thumb/interwork/libgcc.a(_divsi3.o)
                              build//nxtOSEK/ecrobot/../NXtpandedLib/src/StringConvert.o (__divsi3)
/cygdrive/C/cygwin/GNUARM/bin/../lib/gcc/arm-elf/4.0.2/thumb/interwork/libgcc.a(_umodsi3.o)
                              build//nxtOSEK/ecrobot/../NXtpandedLib/src/StringConvert.o (__umodsi3)
/cygdrive/C/cygwin/GNUARM/bin/../lib/gcc/arm-elf/4.0.2/thumb/interwork/libgcc.a(_modsi3.o)
[...]
Memory Configuration

Name             Origin             Length             Attributes
rom              0x00108000         0x00038000
vector_ram       0x00200000         0x00000040
ram              0x00200040         0x0000ffc0
*default*        0x00000000         0xffffffff

Linker script and memory map

LOAD build/kernel/alarm.o
LOAD build/kernel/event.o
LOAD build/kernel/interrupt.o
LOAD build/kernel/osctl.o
LOAD build/kernel/resource.o
LOAD build/kernel/task.o
LOAD build/kernel/task_manage.o
LOAD build/config/at91sam7s-gnu/cpu_config.o
LOAD build/config/at91sam7s-gnu/lego_nxt/sys_config.o
LOAD build/./kernel_cfg.o
LOAD build/rtoscalls.o
LOAD build/syscalls.o
LOAD build/ecrobot_bluetooth.o
LOAD build/ecrobot_base.o
LOAD build/ecrobot.o
LOAD build/syslib/at91sam7s-gnu/lego_nxt/hw_sys_timer.oram
LOAD build//nxtOSEK/ecrobot/../NXtpandedLib/src/StringConvert.o
LOAD build//nxtOSEK/ecrobot/../NXtpandedLib/src/NOstream.o
LOAD build//nxtOSEK/ecrobot/../NXtpandedLib/src/NString.o
LOAD build//nxtOSEK/ecrobot/../NXtpandedLib/src/NLabel.o
LOAD build//nxtOSEK/ecrobot/../NXtpandedLib/src/NPairBox.o
LOAD build//nxtOSEK/ecrobot/../NXtpandedLib/src/LcdDrawer.o
LOAD build//nxtOSEK/ecrobot/../NXtpandedLib/src/NCom.o
LOAD build//nxtOSEK/ecrobot/../NXtpandedLib/src/NComSingle.o
LOAD build//nxtOSEK/ecrobot/../NXtpandedLib/src/Motorcontroller.o
LOAD build/sample.o
LOAD build/nxtvm/platform/nxt/vectors.o
LOAD build/config/at91sam7s-gnu/debug.o
LOAD build/config/at91sam7s-gnu/lego_nxt/sys_support.o
LOAD build/nxt_binary_header.o
LOAD build/nxt_entry_point.o
LOAD build/ecrobot_init.o
LOAD build/config/at91sam7s-gnu/cpu_support.oram
LOAD build/config/at91sam7s-gnu/irq.oram
LOAD /nxtOSEK/ecrobot/../ecrobot/libecrobot++.a
LOAD /nxtOSEK/ecrobot/../ecrobot/libecrobot.a
LOAD /cygdrive/C/cygwin/GNUARM/bin/../lib/gcc/arm-elf/4.0.2/../../../../arm-elf/lib/thumb/interwork/libstdc++.a
LOAD /cygdrive/C/cygwin/GNUARM/bin/../lib/gcc/arm-elf/4.0.2/../../../../arm-elf/lib/thumb/interwork/libm.a
LOAD /cygdrive/C/cygwin/GNUARM/bin/../lib/gcc/arm-elf/4.0.2/thumb/interwork/libgcc.a
LOAD /cygdrive/C/cygwin/GNUARM/bin/../lib/gcc/arm-elf/4.0.2/../../../../arm-elf/lib/thumb/interwork/libc.a
LOAD /cygdrive/C/cygwin/GNUARM/bin/../lib/gcc/arm-elf/4.0.2/thumb/interwork/libgcc.a
                0x00108000                ROM_BASE = 0x108000
                0x00038000                ROM_SIZE = 0x38000
                0x00200000                RAM_BASE = 0x200000
                0x00010000                RAM_SIZE = 0x10000

.vectors        0x00200000       0x40 load address 0x00108000
 vectors.o(*.text *.text.*)
 .text          0x00200000       0x38 build/nxtvm/platform/nxt/vectors.o
                0x00200040                . = ALIGN (0x10)
 *fill*         0x00200038        0x8 00
                0x00200000                __vectors_ram_start__ = ADDR (.vectors)
                0x00200040                __vectors_ram_end__ = (ADDR (.vectors) + SIZEOF (.vectors))
                0x00108000                __vectors_load_start__ = LOADADDR (.vectors)
                0x00108040                __vectors_load_end__ = (LOADADDR (.vectors) + SIZEOF (.vectors))

.init           0x00108040      0x280
 *ecrobot_init.o(*.text *.text.*)
 .text          0x00108040      0x280 build/ecrobot_init.o
                0x001081ac                undef_handler
                0x001081b4                prefetch_abort_handler
                0x001081b8                data_abort_handler
                0x001081b0                swi_handler
                0x00108040                start
                0x001081d4                reserved_handler
                0x001082c0                . = ALIGN (0x10)

.ram_text       0x00200040     0x2f30 load address 0x001082c0
                0x00200040                . = ALIGN (0x10)
 *.oram(*.text *.text.* *.glue*)
 .text.systick_isr_C1
                0x00200040       0x28 build/syslib/at91sam7s-gnu/lego_nxt/hw_sys_timer.oram
                0x00200040                systick_isr_C1
 *fill*         0x00200068        0x8 00
 .text          0x00200070      0x230 build/config/at91sam7s-gnu/cpu_support.oram
                0x00200250                enable_int
                0x002000f0                start_dispatch
                0x002000b0                activate_r
                0x00200248                disable_int
                0x00200070                dispatch
                0x0020021c                int_return
                0x002001ac                _interrupt
                0x002000e0                exit_and_dispatch
                0x00200258                nop
 .text          0x002002a0      0x2c0 build/config/at91sam7s-gnu/irq.oram
                0x002002a0                default_isr
                0x0020042c                uart_isr_entry_0
                0x002003ac                twi_isr_entry
                0x0020046c                uart_isr_entry_1
                0x0020036c                spi_isr_entry
                0x002002ec                systick_low_priority_entry
                0x002004ac                nxt_motor_isr_entry
                0x002004ec                i2c_timer_isr_entry
                0x002002a0                default_fiq
                0x002002a4                systick_isr_entry
                0x002002a0                spurious_isr
                0x002003ec                sound_isr_entry
                0x0020032c                udp_isr_entry
 .text.uart_process_isr
                0x00200560       0x88 /nxtOSEK/ecrobot/../ecrobot/libecrobot.a(uart.oram)
 .text.uart_isr_C_0
                0x002005e8        0xc /nxtOSEK/ecrobot/../ecrobot/libecrobot.a(uart.oram)
                0x002005e8                uart_isr_C_0
 .text.uart_isr_C_1
                0x002005f4        0xc /nxtOSEK/ecrobot/../ecrobot/libecrobot.a(uart.oram)
                0x002005f4                uart_isr_C_1
 .text.systick_low_priority_C
                0x00200600       0x1c /nxtOSEK/ecrobot/../ecrobot/libecrobot.a(systick.oram)
                0x00200600                systick_low_priority_C
 .text.systick_isr_C
                0x0020061c       0x24 /nxtOSEK/ecrobot/../ecrobot/libecrobot.a(systick.oram)
                0x0020061c                systick_isr_C
 .text.systick_get_ms
                0x00200640        0xc /nxtOSEK/ecrobot/../ecrobot/libecrobot.a(systick.oram)
                0x00200640                systick_get_ms
 .text.systick_wait_ms
                0x0020064c       0x1c /nxtOSEK/ecrobot/../ecrobot/libecrobot.a(systick.oram)
                0x0020064c                systick_wait_ms
 .text.systick_wait_ns
                0x00200668       0x1c /nxtOSEK/ecrobot/../ecrobot/libecrobot.a(systick.oram)
                0x00200668                systick_wait_ns
 .text.systick_init
                0x00200684       0x58 /nxtOSEK/ecrobot/../ecrobot/libecrobot.a(systick.oram)
                0x00200684                systick_init
 .text.systick_suspend
                0x002006dc        0xc /nxtOSEK/ecrobot/../ecrobot/libecrobot.a(systick.oram)
                0x002006dc                systick_suspend
 .text.systick_resume
                0x002006e8        0xc /nxtOSEK/ecrobot/../ecrobot/libecrobot.a(systick.oram)
                0x002006e8                systick_resume
 .text.byte_fifo_put
                0x002006f4       0x58 /nxtOSEK/ecrobot/../ecrobot/libecrobot.a(byte_fifo.oram)
                0x002006f4                byte_fifo_put
 .text.byte_fifo_get
                0x0020074c       0x2c /nxtOSEK/ecrobot/../ecrobot/libecrobot.a(byte_fifo.oram)
                0x0020074c                byte_fifo_get
 .text.aic_initialise
                0x00200778       0x5c /nxtOSEK/ecrobot/../ecrobot/libecrobot.a(aic.oram)
                0x00200778                aic_initialise
 .text.aic_set_vector
                0x002007d4       0x30 /nxtOSEK/ecrobot/../ecrobot/libecrobot.a(aic.oram)
                0x002007d4                aic_set_vector
 .text.aic_mask_on
                0x00200804       0x24 /nxtOSEK/ecrobot/../ecrobot/libecrobot.a(aic.oram)
                0x00200804                aic_mask_on
 .text.aic_mask_off
                0x00200828       0x24 /nxtOSEK/ecrobot/../ecrobot/libecrobot.a(aic.oram)
                0x00200828                aic_mask_off
 .text.aic_clear
                0x0020084c       0x24 /nxtOSEK/ecrobot/../ecrobot/libecrobot.a(aic.oram)
                0x0020084c                aic_clear
 .text.reset    0x00200870       0x4c /nxtOSEK/ecrobot/../ecrobot/libecrobot.a(udp.oram)
 .text.udp_send_null
                0x002008bc       0x2c /nxtOSEK/ecrobot/../ecrobot/libecrobot.a(udp.oram)
 .text.udp_send_stall
                0x002008e8       0x2c /nxtOSEK/ecrobot/../ecrobot/libecrobot.a(udp.oram)
 .text.udp_send_control
                0x00200914       0x60 /nxtOSEK/ecrobot/../ecrobot/libecrobot.a(udp.oram)
 .text.udp_isr_C
                0x00200974      0x7d0 /nxtOSEK/ecrobot/../ecrobot/libecrobot.a(udp.oram)
                0x00200974                udp_isr_C
 .text.twi_status
                0x00201144       0x20 /nxtOSEK/ecrobot/../ecrobot/libecrobot.a(twi.oram)
                0x00201144                twi_status
 .text.twi_isr_C
                0x00201164       0xc4 /nxtOSEK/ecrobot/../ecrobot/libecrobot.a(twi.oram)
                0x00201164                twi_isr_C
 .text.twi_reset
                0x00201228       0xb4 /nxtOSEK/ecrobot/../ecrobot/libecrobot.a(twi.oram)
                0x00201228                twi_reset
 .text.twi_init
                0x002012dc       0x4c /nxtOSEK/ecrobot/../ecrobot/libecrobot.a(twi.oram)
                0x002012dc                twi_init
 .text.twi_start_read
                0x00201328       0x60 /nxtOSEK/ecrobot/../ecrobot/libecrobot.a(twi.oram)
                0x00201328                twi_start_read
 .text.twi_start_write
                0x00201388       0x64 /nxtOSEK/ecrobot/../ecrobot/libecrobot.a(twi.oram)
                0x00201388                twi_start_write
 .text.spi_set_mode
                0x002013ec       0x40 /nxtOSEK/ecrobot/../ecrobot/libecrobot.a(nxt_spi.oram)
 .text.spi_isr_C
                0x0020142c       0x8c /nxtOSEK/ecrobot/../ecrobot/libecrobot.a(nxt_spi.oram)
                0x0020142c                spi_isr_C
 .text.nxt_spi_init
                0x002014b8      0x12c /nxtOSEK/ecrobot/../ecrobot/libecrobot.a(nxt_spi.oram)
                0x002014b8                nxt_spi_init
 .text.nxt_spi_write
                0x002015e4       0x44 /nxtOSEK/ecrobot/../ecrobot/libecrobot.a(nxt_spi.oram)
                0x002015e4                nxt_spi_write
 .text.nxt_spi_set_display
                0x00201628       0x10 /nxtOSEK/ecrobot/../ecrobot/libecrobot.a(nxt_spi.oram)
                0x00201628                nxt_spi_set_display
 .text.nxt_spi_refresh
                0x00201638       0x24 /nxtOSEK/ecrobot/../ecrobot/libecrobot.a(nxt_spi.oram)
                0x00201638                nxt_spi_refresh
 .text.nxt_motor_set_count
                0x0020165c       0x10 /nxtOSEK/ecrobot/../ecrobot/libecrobot.a(nxt_motors.oram)
                0x0020165c                nxt_motor_set_count
 .text.nxt_motor_1kHz_process
                0x0020166c       0x28 /nxtOSEK/ecrobot/../ecrobot/libecrobot.a(nxt_motors.oram)
                0x0020166c                nxt_motor_1kHz_process
 .text.nxt_motor_quad_decode
                0x00201694       0x30 /nxtOSEK/ecrobot/../ecrobot/libecrobot.a(nxt_motors.oram)
                0x00201694                nxt_motor_quad_decode
 .text.nxt_motor_isr_C
                0x002016c4       0x88 /nxtOSEK/ecrobot/../ecrobot/libecrobot.a(nxt_motors.oram)
                0x002016c4                nxt_motor_isr_C
 .text.nxt_motor_init
                0x0020174c       0x68 /nxtOSEK/ecrobot/../ecrobot/libecrobot.a(nxt_motors.oram)
                0x0020174c                nxt_motor_init
 .text.data_abort_C
                0x002017b4       0x7c /nxtOSEK/ecrobot/../ecrobot/libecrobot.a(data_abort.oram)
                0x002017b4                data_abort_C
 .text.display_update
                0x00201830       0x14 /nxtOSEK/ecrobot/../ecrobot/libecrobot.a(display.oram)
                0x00201830                display_update
 .text.display_force_update
                0x00201844        0xc /nxtOSEK/ecrobot/../ecrobot/libecrobot.a(display.oram)
                0x00201844                display_force_update
 .text.display_clear
                0x00201850       0x24 /nxtOSEK/ecrobot/../ecrobot/libecrobot.a(display.oram)
                0x00201850                display_clear
 .text.display_goto_xy
                0x00201874       0x14 /nxtOSEK/ecrobot/../ecrobot/libecrobot.a(display.oram)
                0x00201874                display_goto_xy
 .text.display_char
                0x00201888       0x60 /nxtOSEK/ecrobot/../ecrobot/libecrobot.a(display.oram)
                0x00201888                display_char
 .text.display_string
                0x002018e8       0x3c /nxtOSEK/ecrobot/../ecrobot/libecrobot.a(display.oram)
                0x002018e8                display_string
 .text.display_hex
                0x00201924       0x50 /nxtOSEK/ecrobot/../ecrobot/libecrobot.a(display.oram)
                0x00201924                display_hex
 .text.display_unsigned_worker
                0x00201974       0x70 /nxtOSEK/ecrobot/../ecrobot/libecrobot.a(display.oram)
 .text.display_unsigned
                0x002019e4        0xc /nxtOSEK/ecrobot/../ecrobot/libecrobot.a(display.oram)
                0x002019e4                display_unsigned
 .text.display_bitmap_copy
                0x002019f0       0x5c /nxtOSEK/ecrobot/../ecrobot/libecrobot.a(display.oram)
                0x002019f0                display_bitmap_copy
 .text.display_get_buffer
                0x00201a4c        0xc /nxtOSEK/ecrobot/../ecrobot/libecrobot.a(display.oram)
                0x00201a4c                display_get_buffer
 .text.display_init
                0x00201a58       0x50 /nxtOSEK/ecrobot/../ecrobot/libecrobot.a(display.oram)
                0x00201a58                display_init
 .text.i2c_timer_isr_C
                0x00201aa8      0x314 /nxtOSEK/ecrobot/../ecrobot/libecrobot.a(i2c.oram)
                0x00201aa8                i2c_timer_isr_C
 .text.i2c_disable
                0x00201dbc       0x20 /nxtOSEK/ecrobot/../ecrobot/libecrobot.a(i2c.oram)
                0x00201dbc                i2c_disable
 .text.i2c_init
                0x00201ddc       0xa4 /nxtOSEK/ecrobot/../ecrobot/libecrobot.a(i2c.oram)
                0x00201ddc                i2c_init
 .text.sound_fill_sample_buffer
                0x00201e80       0xe4 /nxtOSEK/ecrobot/../ecrobot/libecrobot.a(sound.oram)
                0x00201e80                sound_fill_sample_buffer
 .text.sound_init
                0x00201f64       0xa0 /nxtOSEK/ecrobot/../ecrobot/libecrobot.a(sound.oram)
                0x00201f64                sound_init
 .text.sound_isr_C
                0x00202004      0x180 /nxtOSEK/ecrobot/../ecrobot/libecrobot.a(sound.oram)
                0x00202004                sound_isr_C
 .text.bt_init  0x00202184      0x1c0 /nxtOSEK/ecrobot/../ecrobot/libecrobot.a(bt.oram)
                0x00202184                bt_init
 .text.nxt_avr_power_down
                0x00202344       0x10 /nxtOSEK/ecrobot/../ecrobot/libecrobot.a(nxt_avr.oram)
                0x00202344                nxt_avr_power_down
 .text.nxt_avr_link_init
                0x00202354       0x20 /nxtOSEK/ecrobot/../ecrobot/libecrobot.a(nxt_avr.oram)
                0x00202354                nxt_avr_link_init
 .text.nxt_avr_init
                0x00202374       0x6c /nxtOSEK/ecrobot/../ecrobot/libecrobot.a(nxt_avr.oram)
                0x00202374                nxt_avr_init
 .text.nxt_avr_1kHz_update
                0x002023e0      0x1cc /nxtOSEK/ecrobot/../ecrobot/libecrobot.a(nxt_avr.oram)
                0x002023e0                nxt_avr_1kHz_update
 .text.buttons_get
                0x002025ac        0xc /nxtOSEK/ecrobot/../ecrobot/libecrobot.a(nxt_avr.oram)
                0x002025ac                buttons_get
 .text.battery_voltage
                0x002025b8       0x28 /nxtOSEK/ecrobot/../ecrobot/libecrobot.a(nxt_avr.oram)
                0x002025b8                battery_voltage
 .text.nxt_avr_set_input_power
                0x002025e0       0x3c /nxtOSEK/ecrobot/../ecrobot/libecrobot.a(nxt_avr.oram)
                0x002025e0                nxt_avr_set_input_power
 .text.unset_digi0
                0x0020261c       0x44 /nxtOSEK/ecrobot/../ecrobot/libecrobot.a(sensors.oram)
                0x0020261c                unset_digi0
 .text.unset_digi1
                0x00202660       0x44 /nxtOSEK/ecrobot/../ecrobot/libecrobot.a(sensors.oram)
                0x00202660                unset_digi1
 .text.init_sensors
                0x002026a4       0x4c /nxtOSEK/ecrobot/../ecrobot/libecrobot.a(sensors.oram)
                0x002026a4                init_sensors
 .text.nxt_lcd_command
                0x002026f0       0x18 /nxtOSEK/ecrobot/../ecrobot/libecrobot.a(nxt_lcd.oram)
                0x002026f0                nxt_lcd_command
 .text.nxt_lcd_set_col
                0x00202708       0x24 /nxtOSEK/ecrobot/../ecrobot/libecrobot.a(nxt_lcd.oram)
                0x00202708                nxt_lcd_set_col
 .text.nxt_lcd_set_multiplex_rate
                0x0020272c       0x18 /nxtOSEK/ecrobot/../ecrobot/libecrobot.a(nxt_lcd.oram)
                0x0020272c                nxt_lcd_set_multiplex_rate
 .text.nxt_lcd_set_page_address
                0x00202744       0x18 /nxtOSEK/ecrobot/../ecrobot/libecrobot.a(nxt_lcd.oram)
                0x00202744                nxt_lcd_set_page_address
 .text.nxt_lcd_set_pot
                0x0020275c       0x1c /nxtOSEK/ecrobot/../ecrobot/libecrobot.a(nxt_lcd.oram)
                0x0020275c                nxt_lcd_set_pot
 .text.nxt_lcd_set_ram_address_control
                0x00202778       0x18 /nxtOSEK/ecrobot/../ecrobot/libecrobot.a(nxt_lcd.oram)
                0x00202778                nxt_lcd_set_ram_address_control
 .text.nxt_lcd_enable
                0x00202790       0x14 /nxtOSEK/ecrobot/../ecrobot/libecrobot.a(nxt_lcd.oram)
                0x00202790                nxt_lcd_enable
 .text.nxt_lcd_set_map_control
                0x002027a4       0x18 /nxtOSEK/ecrobot/../ecrobot/libecrobot.a(nxt_lcd.oram)
                0x002027a4                nxt_lcd_set_map_control
 .text.nxt_lcd_reset
                0x002027bc        0xc /nxtOSEK/ecrobot/../ecrobot/libecrobot.a(nxt_lcd.oram)
                0x002027bc                nxt_lcd_reset
 .text.nxt_lcd_set_bias_ratio
                0x002027c8       0x18 /nxtOSEK/ecrobot/../ecrobot/libecrobot.a(nxt_lcd.oram)
                0x002027c8                nxt_lcd_set_bias_ratio
 .text.nxt_lcd_force_update
                0x002027e0       0x30 /nxtOSEK/ecrobot/../ecrobot/libecrobot.a(nxt_lcd.oram)
                0x002027e0                nxt_lcd_force_update
 .text.nxt_lcd_update
                0x00202810        0xc /nxtOSEK/ecrobot/../ecrobot/libecrobot.a(nxt_lcd.oram)
                0x00202810                nxt_lcd_update
 .text.nxt_lcd_power_up
                0x0020281c       0x48 /nxtOSEK/ecrobot/../ecrobot/libecrobot.a(nxt_lcd.oram)
                0x0020281c                nxt_lcd_power_up
 .text.nxt_lcd_power_down
                0x00202864        0xc /nxtOSEK/ecrobot/../ecrobot/libecrobot.a(nxt_lcd.oram)
                0x00202864                nxt_lcd_power_down
 .text.nxt_lcd_init
                0x00202870       0x18 /nxtOSEK/ecrobot/../ecrobot/libecrobot.a(nxt_lcd.oram)
                0x00202870                nxt_lcd_init
 .text.verify_flash_page
                0x00202888       0x34 /nxtOSEK/ecrobot/../ecrobot/libecrobot.a(flash_loader.oram)
 .text.set_flash_request
                0x002028bc       0x38 /nxtOSEK/ecrobot/../ecrobot/libecrobot.a(flash_loader.oram)
                0x002028bc                set_flash_request
 .text.nxt_device_init
                0x002028f4       0x38 /nxtOSEK/ecrobot/../ecrobot/libecrobot.a(flash_loader.oram)
                0x002028f4                nxt_device_init
 .text          0x0020292c       0x68 /nxtOSEK/ecrobot/../ecrobot/libecrobot.a(interrupts.oram)
                0x00202984                fiq_enable
                0x0020292c                interrupts_get_and_disable
                0x00202960                fiq_get_and_disable
                0x00202950                interrupts_enable
 .text.flash_write_page
                0x00202994       0xc0 /nxtOSEK/ecrobot/../ecrobot/libecrobot.a(flashprog.oram)
                0x00202994                flash_write_page
                0x00202a60                . = ALIGN (0x10)
 *fill*         0x00202a54        0xc 00
 *.oram(*.rodata *.rodata.*)
 .rodata.ld     0x00202a60        0x4 /nxtOSEK/ecrobot/../ecrobot/libecrobot.a(udp.oram)
 .rodata.cfd    0x00202a64       0x20 /nxtOSEK/ecrobot/../ecrobot/libecrobot.a(udp.oram)
 .rodata.dd     0x00202a84       0x12 /nxtOSEK/ecrobot/../ecrobot/libecrobot.a(udp.oram)
 *fill*         0x00202a96        0x2 00
 .rodata.str1.4
                0x00202a98       0x22 /nxtOSEK/ecrobot/../ecrobot/libecrobot.a(data_abort.oram)
                                 0x24 (size before relaxing)
 .rodata.font   0x00202aba      0x280 /nxtOSEK/ecrobot/../ecrobot/libecrobot.a(display.oram)
 *fill*         0x00202d3a        0x2 00
 .rodata.str1.4
                0x00202d3c       0x76 /nxtOSEK/ecrobot/../ecrobot/libecrobot.a(display.oram)
                                 0x78 (size before relaxing)
 *fill*         0x00202db2        0x2 00
 .rodata.i2c_pin
                0x00202db4       0x20 /nxtOSEK/ecrobot/../ecrobot/libecrobot.a(i2c.oram)
 .rodata.i2c_timer_isr_C
                0x00202dd4       0x38 /nxtOSEK/ecrobot/../ecrobot/libecrobot.a(i2c.oram)
 .rodata.silence
                0x00202e0c       0x40 /nxtOSEK/ecrobot/../ecrobot/libecrobot.a(sound.oram)
                0x00202e0c                silence
 .rodata.sample_pattern
                0x00202e4c       0x84 /nxtOSEK/ecrobot/../ecrobot/libecrobot.a(sound.oram)
                0x00202e4c                sample_pattern
 .rodata        0x00202ed0        0xc /nxtOSEK/ecrobot/../ecrobot/libecrobot.a(sound.oram)
 .rodata.avr_brainwash_string
                0x00202edc       0x30 /nxtOSEK/ecrobot/../ecrobot/libecrobot.a(nxt_avr.oram)
                0x00202edc                avr_brainwash_string
 .rodata.nxt_avr_1kHz_update
                0x00202f0c       0x14 /nxtOSEK/ecrobot/../ecrobot/libecrobot.a(nxt_avr.oram)
 .rodata.C.33.1823
                0x00202f20       0x10 /nxtOSEK/ecrobot/../ecrobot/libecrobot.a(sensors.oram)
 .rodata.C.37.1857
                0x00202f30       0x10 /nxtOSEK/ecrobot/../ecrobot/libecrobot.a(sensors.oram)
 .rodata.str1.4
                0x00202f40       0x23 /nxtOSEK/ecrobot/../ecrobot/libecrobot.a(flash_loader.oram)
                                 0x24 (size before relaxing)
                0x00202f70                . = ALIGN (0x10)
 *fill*         0x00202f63        0xd 00
                0x00200040                __ramtext_ram_start__ = ADDR (.ram_text)
                0x00202f70                __ramtext_ram_end__ = (ADDR (.ram_text) + SIZEOF (.ram_text))
                0x001082c0                __ramtext_load_start__ = LOADADDR (.ram_text)
                0x0010b1f0                __ramtext_load_end__ = (__ramtext_load_start__ + SIZEOF (.ram_text))

.wav_data       0x0010b1f0        0x0
 *.owav(*.data *.data.*)
                0x0010b1f0                . = ALIGN (0x10)

.bmp_data       0x0010b1f0      0x440
 *.obmp(*.data *.data.*)
 .data          0x0010b1f0      0x43e /nxtOSEK/ecrobot/../ecrobot/libecrobot.a(nxtosek_splash.obmp)
                0x0010b1f0                nxtosek_splash_bmp_start
                0x0010b62e                nxtosek_splash_bmp_end
                0x0010b630                . = ALIGN (0x10)
 *fill*         0x0010b62e        0x2 00

.spr_data       0x0010b630        0x0
 *.ospr(*.data *.data.*)
                0x0010b630                . = ALIGN (0x10)

.data           0x00202f70      0x870 load address 0x0010b630
 *(*.data *.data.*)
 .data.deviceStatus
                0x00202f70        0x1 /nxtOSEK/ecrobot/../ecrobot/libecrobot.a(ecrobot_interface.o)
 .data.named    0x00202f71       0x22 /nxtOSEK/ecrobot/../ecrobot/libecrobot.a(udp.oram)
 .data.snd      0x00202f93       0x1a /nxtOSEK/ecrobot/../ecrobot/libecrobot.a(udp.oram)
 *fill*         0x00202fad        0x3 00
 .data.configured
                0x00202fb0        0x4 /nxtOSEK/ecrobot/../ecrobot/libecrobot.a(udp.oram)
 .data.mode     0x00202fb4        0x1 /nxtOSEK/ecrobot/../ecrobot/libecrobot.a(nxt_spi.oram)
                0x00202fb4                mode
 *fill*         0x00202fb5        0x3 00
 .bss.data      0x00202fb8        0x4 /nxtOSEK/ecrobot/../ecrobot/libecrobot.a(nxt_spi.oram)
                0x00202fb8                data
 .data.display_auto_update
                0x00202fbc        0x4 /nxtOSEK/ecrobot/../ecrobot/libecrobot.a(display.oram)
                0x00202fbc                display_auto_update
 .data.display_buffer
                0x00202fc0        0x4 /nxtOSEK/ecrobot/../ecrobot/libecrobot.a(display.oram)
 .data          0x00202fc4      0x410 /cygdrive/C/cygwin/GNUARM/bin/../lib/gcc/arm-elf/4.0.2/../../../../arm-elf/lib/thumb/interwork/libc.a(mallocr.o)
                0x00202fc4                __malloc_sbrk_base
                0x00202fcc                __malloc_av_
                0x00202fc8                __malloc_trim_threshold
 .data          0x002033d4      0x404 /cygdrive/C/cygwin/GNUARM/bin/../lib/gcc/arm-elf/4.0.2/../../../../arm-elf/lib/thumb/interwork/libc.a(impure.o)
                0x002037d4                _impure_ptr
                0x002037e0                . = ALIGN (0x10)
 *fill*         0x002037d8        0x8 00
                0x00202f70                __data_ram_start__ = ADDR (.data)
                0x002037e0                __data_ram_end__ = (ADDR (.data) + SIZEOF (.data))
                0x0010b630                __data_load_start__ = LOADADDR (.data)
                0x0010bea0                __data_load_end__ = (__data_load_start__ + SIZEOF (.data))

.text           0x0010bea0     0x2280
                0x0010bea0                . = ALIGN (0x10)
 *(*.text *.text.* *.glue*)
 .text.StartOS  0x0010bea0       0x58 build/kernel/osctl.o
                0x0010bea0                StartOS
 .text.call_pretaskhook
                0x0010bef8       0x24 build/kernel/osctl.o
                0x0010bef8                call_pretaskhook
 .text.call_posttaskhook
                0x0010bf1c       0x24 build/kernel/osctl.o
                0x0010bf1c                call_posttaskhook
 .text.make_runnable
                0x0010bf40       0xac build/kernel/task.o
                0x0010bf40                make_runnable
 .text.make_active
                0x0010bfec       0x78 build/kernel/task.o
                0x0010bfec                make_active
 .text.task_initialize
                0x0010c064       0x90 build/kernel/task.o
                0x0010c064                task_initialize
 .text.cpu_initialize
                0x0010c0f4        0x4 build/config/at91sam7s-gnu/cpu_config.o
                0x0010c0f4                cpu_initialize
 .text.sys_initialize
                0x0010c0f8        0x4 build/config/at91sam7s-gnu/lego_nxt/sys_config.o
                0x0010c0f8                sys_initialize
 .text.object_initialize
                0x0010c0fc        0xc build/./kernel_cfg.o
                0x0010c0fc                object_initialize
 .text._sbrk_r  0x0010c108       0x1c build/syscalls.o
                0x0010c108                _sbrk_r
 .text.init_OS_flag
                0x0010c124        0xc build/ecrobot_base.o
                0x0010c124                init_OS_flag
 .text.set_OS_flag
                0x0010c130        0xc build/ecrobot_base.o
                0x0010c130                set_OS_flag
 .text.get_OS_flag
                0x0010c13c        0xc build/ecrobot_base.o
                0x0010c13c                get_OS_flag
 .text.cpp_constructor
                0x0010c148       0x28 build/ecrobot_base.o
                0x0010c148                cpp_constructor
 .text.cpp_destructor
                0x0010c170       0x28 build/ecrobot_base.o
                0x0010c170                cpp_destructor
 .text.execution_mode
                0x0010c198       0x24 build/ecrobot_base.o
                0x0010c198                execution_mode
 .text.show_main_screen
                0x0010c1bc       0x48 build/ecrobot_base.o
                0x0010c1bc                show_main_screen
 .text.display_status_bar
                0x0010c204       0x5c build/ecrobot_base.o
                0x0010c204                display_status_bar
 .text.restart_NXT
                0x0010c260       0x2c build/ecrobot_base.o
                0x0010c260                restart_NXT
 .text.shutdown_NXT
                0x0010c28c       0x2c build/ecrobot_base.o
                0x0010c28c                shutdown_NXT
 .text.check_NXT_buttons
                0x0010c2b8       0x38 build/ecrobot_base.o
                0x0010c2b8                check_NXT_buttons
 .text.add_status_info
                0x0010c2f0       0x68 build/ecrobot_base.o
                0x0010c2f0                add_status_info
 .text.show_splash_screen
                0x0010c358       0x90 build/ecrobot_base.o
                0x0010c358                show_splash_screen
 .text.main     0x0010c3e8      0x10c build/ecrobot.o
                0x0010c3e8                main
 .text.__cxa_pure_virtual
                0x0010c4f4        0x4 build//nxtOSEK/ecrobot/../NXtpandedLib/src/NOstream.o
                0x0010c4f4                __cxa_pure_virtual
 .text._ZN4nxpl3LCD10pixelInLcdEss
                0x0010c4f8       0x20 build//nxtOSEK/ecrobot/../NXtpandedLib/src/NOstream.o
                0x0010c4f8                _ZN4nxpl3LCD10pixelInLcdEss
 .text._ZN4nxpl3LCD11objectInLcdEssss
                0x0010c518       0x6c build//nxtOSEK/ecrobot/../NXtpandedLib/src/NOstream.o
                0x0010c518                _ZN4nxpl3LCD11objectInLcdEssss
 .text._ZN4nxpl10pointInLcdENS_6NPointE
                0x0010c584       0x18 build//nxtOSEK/ecrobot/../NXtpandedLib/src/LcdDrawer.o
                0x0010c584                _ZN4nxpl10pointInLcdENS_6NPointE
 .text._ZN4nxpl10drawCircleERNS_4NLcdENS_6NPointEaNS_7DrawOptE
                0x0010c59c      0x250 build//nxtOSEK/ecrobot/../NXtpandedLib/src/LcdDrawer.o
                0x0010c59c                _ZN4nxpl10drawCircleERNS_4NLcdENS_6NPointEaNS_7DrawOptE
 .text._ZN4nxpl13pixelBoxInLcdERKNS_9NPixelBoxE
                0x0010c7ec       0x28 build//nxtOSEK/ecrobot/../NXtpandedLib/src/LcdDrawer.o
                0x0010c7ec                _ZN4nxpl13pixelBoxInLcdERKNS_9NPixelBoxE
 .text._ZN4nxpl8drawLineERNS_4NLcdENS_6NPointES2_NS_7DrawOptE
                0x0010c814      0x1ac build//nxtOSEK/ecrobot/../NXtpandedLib/src/LcdDrawer.o
                0x0010c814                _ZN4nxpl8drawLineERNS_4NLcdENS_6NPointES2_NS_7DrawOptE
 .text._ZN4nxpl13drawRectangleERNS_4NLcdENS_9NPixelBoxENS_7DrawOptE
                0x0010c9c0       0xf0 build//nxtOSEK/ecrobot/../NXtpandedLib/src/LcdDrawer.o
                0x0010c9c0                _ZN4nxpl13drawRectangleERNS_4NLcdENS_9NPixelBoxENS_7DrawOptE
 .text._ZN4nxpl19drawRectangleFilledERNS_4NLcdERKNS_9NPixelBoxENS_7DrawOptE
                0x0010cab0      0x100 build//nxtOSEK/ecrobot/../NXtpandedLib/src/LcdDrawer.o
                0x0010cab0                _ZN4nxpl19drawRectangleFilledERNS_4NLcdERKNS_9NPixelBoxENS_7DrawOptE
 .text._ZN4nxpl16drawCircleFilledERNS_4NLcdENS_6NPointEaNS_7DrawOptE
                0x0010cbb0      0x184 build//nxtOSEK/ecrobot/../NXtpandedLib/src/LcdDrawer.o
                0x0010cbb0                _ZN4nxpl16drawCircleFilledERNS_4NLcdENS_6NPointEaNS_7DrawOptE
 .text._ZdlPv   0x0010cd34        0xc build//nxtOSEK/ecrobot/../NXtpandedLib/src/NComSingle.o
                0x0010cd34                _ZdlPv
 .text.user_1ms_isr_type2
                0x0010cd40        0x4 build/sample.o
                0x0010cd40                user_1ms_isr_type2
 .text.TaskMainTaskMain
                0x0010cd44      0x1d8 build/sample.o
                0x0010cd44                TaskMainTaskMain
 .text._ZN7ecrobot5ClockC1Ev
                0x0010cf1c       0x10 /nxtOSEK/ecrobot/../ecrobot/libecrobot++.a(Clock.o)
                0x0010cf1c                _ZN7ecrobot5ClockC1Ev
 .text._ZN7ecrobot5Clock4waitEm
                0x0010cf2c       0x10 /nxtOSEK/ecrobot/../ecrobot/libecrobot++.a(Clock.o)
                0x0010cf2c                _ZN7ecrobot5Clock4waitEm
 .text.ecrobot_device_initialize
                0x0010cf3c        0x4 /nxtOSEK/ecrobot/../ecrobot/libecrobot.a(ecrobot_device_hook.o)
                0x0010cf3c                ecrobot_device_initialize
 .text.ecrobot_device_terminate
                0x0010cf40        0x4 /nxtOSEK/ecrobot/../ecrobot/libecrobot.a(ecrobot_device_hook.o)
                0x0010cf40                ecrobot_device_terminate
 .text.ecrobot_get_battery_voltage
                0x0010cf44        0xc /nxtOSEK/ecrobot/../ecrobot/libecrobot.a(ecrobot_interface.o)
                0x0010cf44                ecrobot_get_battery_voltage
 .text.ecrobot_get_button_state
                0x0010cf50        0xc /nxtOSEK/ecrobot/../ecrobot/libecrobot.a(ecrobot_interface.o)
                0x0010cf50                ecrobot_get_button_state
 .text.ecrobot_init_nxtstate
                0x0010cf5c       0x28 /nxtOSEK/ecrobot/../ecrobot/libecrobot.a(ecrobot_interface.o)
                0x0010cf5c                ecrobot_init_nxtstate
 .text.ecrobot_poll_nxtstate
                0x0010cf84       0x64 /nxtOSEK/ecrobot/../ecrobot/libecrobot.a(ecrobot_interface.o)
                0x0010cf84                ecrobot_poll_nxtstate
 .text.ecrobot_setDeviceInitialized
                0x0010cfe8       0x18 /nxtOSEK/ecrobot/../ecrobot/libecrobot.a(ecrobot_interface.o)
                0x0010cfe8                ecrobot_setDeviceInitialized
 .text.ecrobot_initDeviceStatus
                0x0010d000        0xc /nxtOSEK/ecrobot/../ecrobot/libecrobot.a(ecrobot_interface.o)
                0x0010d000                ecrobot_initDeviceStatus
 .text.ecrobot_bmp2lcd
                0x0010d00c      0x1c8 /nxtOSEK/ecrobot/../ecrobot/libecrobot.a(ecrobot_interface.o)
                0x0010d00c                ecrobot_bmp2lcd
 .text.StartupHook
                0x0010d1d4        0x4 /nxtOSEK/ecrobot/../ecrobot/libecrobot.a(osek_hook.o)
                0x0010d1d4                StartupHook
 .text.PreTaskHook
                0x0010d1d8        0x4 /nxtOSEK/ecrobot/../ecrobot/libecrobot.a(osek_hook.o)
                0x0010d1d8                PreTaskHook
 .text.PostTaskHook
                0x0010d1dc        0x4 /nxtOSEK/ecrobot/../ecrobot/libecrobot.a(osek_hook.o)
                0x0010d1dc                PostTaskHook
 .text          0x0010d1e0       0x8c /cygdrive/C/cygwin/GNUARM/bin/../lib/gcc/arm-elf/4.0.2/thumb/interwork/libgcc.a(_udivsi3.o)
                0x0010d1e0                __udivsi3
                0x0010d25c                __aeabi_uidivmod
 .text          0x0010d26c       0xc8 /cygdrive/C/cygwin/GNUARM/bin/../lib/gcc/arm-elf/4.0.2/thumb/interwork/libgcc.a(_umodsi3.o)
                0x0010d26c                __umodsi3
 .text          0x0010d334        0x4 /cygdrive/C/cygwin/GNUARM/bin/../lib/gcc/arm-elf/4.0.2/thumb/interwork/libgcc.a(_dvmd_tls.o)
                0x0010d334                __aeabi_ldiv0
                0x0010d334                __div0
                0x0010d334                __aeabi_idiv0
 .text          0x0010d338       0x28 /cygdrive/C/cygwin/GNUARM/bin/../lib/gcc/arm-elf/4.0.2/../../../../arm-elf/lib/thumb/interwork/libc.a(malloc.o)
                0x0010d338                malloc
                0x0010d34c                free
 .text          0x0010d360      0x548 /cygdrive/C/cygwin/GNUARM/bin/../lib/gcc/arm-elf/4.0.2/../../../../arm-elf/lib/thumb/interwork/libc.a(mallocr.o)
                0x0010d360                _malloc_r
 .text          0x0010d8a8       0x68 /cygdrive/C/cygwin/GNUARM/bin/../lib/gcc/arm-elf/4.0.2/../../../../arm-elf/lib/thumb/interwork/libc.a(memset.o)
                0x0010d8a8                memset
 .text          0x0010d910        0x8 /cygdrive/C/cygwin/GNUARM/bin/../lib/gcc/arm-elf/4.0.2/../../../../arm-elf/lib/thumb/interwork/libc.a(mlock.o)
                0x0010d914                __malloc_unlock
                0x0010d910                __malloc_lock
 .text          0x0010d918       0x60 /cygdrive/C/cygwin/GNUARM/bin/../lib/gcc/arm-elf/4.0.2/../../../../arm-elf/lib/thumb/interwork/libc.a(strcpy.o)
                0x0010d918                strcpy
 .text          0x0010d978       0x48 /cygdrive/C/cygwin/GNUARM/bin/../lib/gcc/arm-elf/4.0.2/../../../../arm-elf/lib/thumb/interwork/libc.a(strlen.o)
                0x0010d978                strlen
 .text          0x0010d9c0      0x260 /cygdrive/C/cygwin/GNUARM/bin/../lib/gcc/arm-elf/4.0.2/../../../../arm-elf/lib/thumb/interwork/libc.a(freer.o)
                0x0010da60                _free_r
                0x0010d9c0                _malloc_trim_r
 .glue_7        0x0010dc20       0x30 /cygdrive/C/cygwin/GNUARM/bin/../lib/gcc/arm-elf/4.0.2/../../../../arm-elf/lib/thumb/interwork/libc.a(freer.o)
                0x0010dc38                __call_posttaskhook_from_arm
                0x0010dc21                __ecrobot_debug1_from_arm
                0x0010dc2d                __ecrobot_debug2_from_arm
                0x0010dc44                __call_pretaskhook_from_arm
 .glue_7t       0x0010dc50       0x68 /cygdrive/C/cygwin/GNUARM/bin/../lib/gcc/arm-elf/4.0.2/../../../../arm-elf/lib/thumb/interwork/libc.a(freer.o)
                0x0010dc7c                __start_change_to_arm
                0x0010dca0                __interrupts_get_and_disable_from_thumb
                0x0010dc99                ____gtdf2_from_thumb
                0x0010dc71                __exit_and_dispatch_from_thumb
                0x0010dc84                ____eqsf2_change_to_arm
                0x0010dc74                __exit_and_dispatch_change_to_arm
                0x0010dc50                __disable_int_from_thumb
                0x0010dc68                __start_dispatch_from_thumb
                0x0010dc78                __start_from_thumb
                0x0010dc94                ____muldf3_change_to_arm
                0x0010dc58                __enable_int_from_thumb
                0x0010dc61                __dispatch_from_thumb
                0x0010dcac                __interrupts_enable_change_to_arm
                0x0010dca4                __interrupts_get_and_disable_change_to_arm
                0x0010dc64                __dispatch_change_to_arm
                0x0010dc9c                ____gtdf2_change_to_arm
                0x0010dc89                ____floatsidf_from_thumb
                0x0010dcb1                __display_bios_status_from_thumb
                0x0010dc54                __disable_int_change_to_arm
                0x0010dc91                ____muldf3_from_thumb
                0x0010dc81                ____eqsf2_from_thumb
                0x0010dc5c                __enable_int_change_to_arm
                0x0010dc8c                ____floatsidf_change_to_arm
                0x0010dca8                __interrupts_enable_from_thumb
                0x0010dcb4                __display_bios_status_change_to_arm
                0x0010dc6c                __start_dispatch_change_to_arm
                0x0010dcc0                . = ALIGN (0x10)
 *fill*         0x0010dcb8        0x8 00
 *(*.rodata *.rodata.*)
 .rodata.tinib_stksz
                0x0010dcc0        0x2 build/./kernel_cfg.o
                0x0010dcc0                tinib_stksz
 *fill*         0x0010dcc2        0x2 00
 .rodata.tinib_stk
                0x0010dcc4        0x4 build/./kernel_cfg.o
                0x0010dcc4                tinib_stk
 .rodata.tinib_task
                0x0010dcc8        0x4 build/./kernel_cfg.o
                0x0010dcc8                tinib_task
 .rodata.tinib_autoact
                0x0010dccc        0x1 build/./kernel_cfg.o
                0x0010dccc                tinib_autoact
 .rodata.tinib_exepri
                0x0010dccd        0x1 build/./kernel_cfg.o
                0x0010dccd                tinib_exepri
 .rodata.tinib_inipri
                0x0010dcce        0x1 build/./kernel_cfg.o
                0x0010dcce                tinib_inipri
 .rodata.tnum_exttask
                0x0010dccf        0x1 build/./kernel_cfg.o
                0x0010dccf                tnum_exttask
 .rodata.tnum_task
                0x0010dcd0        0x1 build/./kernel_cfg.o
                0x0010dcd0                tnum_task
 *fill*         0x0010dcd1        0x3 00
 .rodata.exec_addr
                0x0010dcd4        0x4 build/ecrobot_base.o
                0x0010dcd4                exec_addr
 .rodata.str1.4
                0x0010dcd8       0x80 build/ecrobot_base.o
 .rodata.str1.4
                0x0010dd58        0x2 /cygdrive/C/cygwin/GNUARM/bin/../lib/gcc/arm-elf/4.0.2/../../../../arm-elf/lib/thumb/interwork/libc.a(impure.o)
                                  0x4 (size before relaxing)
                0x0010dd60                . = ALIGN (0x10)
 *fill*         0x0010dd5a        0x6 00
 *(*.gnu.linkonce.* .gcc_except_table)
 .gnu.linkonce.r._ZTVN4nxpl10NGuiObjectE
                0x0010dd60       0x18 build//nxtOSEK/ecrobot/../NXtpandedLib/src/NOstream.o
                0x0010dd60                _ZTVN4nxpl10NGuiObjectE
 .gnu.linkonce.t._ZN4nxpl10NGuiObjectD1Ev
                0x0010dd78        0xc build//nxtOSEK/ecrobot/../NXtpandedLib/src/NOstream.o
                0x0010dd78                _ZN4nxpl10NGuiObjectD1Ev
 .gnu.linkonce.t._ZN4nxpl10NGuiObjectD0Ev
                0x0010dd84       0x14 build//nxtOSEK/ecrobot/../NXtpandedLib/src/NOstream.o
                0x0010dd84                _ZN4nxpl10NGuiObjectD0Ev
 .gnu.linkonce.t._ZN4nxpl4NLcd7pixelOnEhh
                0x0010dd98       0x28 build//nxtOSEK/ecrobot/../NXtpandedLib/src/LcdDrawer.o
                0x0010dd98                _ZN4nxpl4NLcd7pixelOnEhh
 .gnu.linkonce.t._ZN4nxpl4NLcd8pixelOffEhh
                0x0010ddc0       0x28 build//nxtOSEK/ecrobot/../NXtpandedLib/src/LcdDrawer.o
                0x0010ddc0                _ZN4nxpl4NLcd8pixelOffEhh
 .gnu.linkonce.t._ZN4nxpl4NLcd11invertPixelEhh
                0x0010dde8       0x28 build//nxtOSEK/ecrobot/../NXtpandedLib/src/LcdDrawer.o
                0x0010dde8                _ZN4nxpl4NLcd11invertPixelEhh
 .gnu.linkonce.r._ZTVN4nxpl16NRectangleFilledE
                0x0010de10       0x28 build/sample.o
                0x0010de10                _ZTVN4nxpl16NRectangleFilledE
 .gnu.linkonce.r._ZTVN4nxpl13NCircleFilledE
                0x0010de38       0x28 build/sample.o
                0x0010de38                _ZTVN4nxpl13NCircleFilledE
 .gnu.linkonce.r._ZTVN4nxpl5NLineE
                0x0010de60       0x28 build/sample.o
                0x0010de60                _ZTVN4nxpl5NLineE
 .gnu.linkonce.t._ZNK4nxpl6NShape8showImplEv
                0x0010de88       0x18 build/sample.o
                0x0010de88                _ZNK4nxpl6NShape8showImplEv
 .gnu.linkonce.t._ZNK4nxpl6NShape8hideImplEv
                0x0010dea0       0x18 build/sample.o
                0x0010dea0                _ZNK4nxpl6NShape8hideImplEv
 .gnu.linkonce.t._ZNK4nxpl6NShape10invertImplEv
                0x0010deb8       0x20 build/sample.o
                0x0010deb8                _ZNK4nxpl6NShape10invertImplEv
 .gnu.linkonce.t._ZNK4nxpl16NRectangleFilled15invertShapeImplEv
                0x0010ded8       0x14 build/sample.o
                0x0010ded8                _ZNK4nxpl16NRectangleFilled15invertShapeImplEv
 .gnu.linkonce.t._ZNK4nxpl16NRectangleFilled13showShapeImplEv
                0x0010deec       0x18 build/sample.o
                0x0010deec                _ZNK4nxpl16NRectangleFilled13showShapeImplEv
 .gnu.linkonce.t._ZNK4nxpl16NRectangleFilled13hideShapeImplEv
                0x0010df04       0x14 build/sample.o
                0x0010df04                _ZNK4nxpl16NRectangleFilled13hideShapeImplEv
 .gnu.linkonce.t._ZNK4nxpl5NLine15invertShapeImplEv
                0x0010df18       0x24 build/sample.o
                0x0010df18                _ZNK4nxpl5NLine15invertShapeImplEv
 .gnu.linkonce.t._ZNK4nxpl13NCircleFilled15invertShapeImplEv
                0x0010df3c       0x24 build/sample.o
                0x0010df3c                _ZNK4nxpl13NCircleFilled15invertShapeImplEv
 .gnu.linkonce.t._ZNK4nxpl5NLine13hideShapeImplEv
                0x0010df60       0x24 build/sample.o
                0x0010df60                _ZNK4nxpl5NLine13hideShapeImplEv
 .gnu.linkonce.t._ZNK4nxpl13NCircleFilled13hideShapeImplEv
                0x0010df84       0x24 build/sample.o
                0x0010df84                _ZNK4nxpl13NCircleFilled13hideShapeImplEv
 .gnu.linkonce.t._ZNK4nxpl5NLine13showShapeImplEv
                0x0010dfa8       0x2c build/sample.o
                0x0010dfa8                _ZNK4nxpl5NLine13showShapeImplEv
 .gnu.linkonce.t._ZNK4nxpl13NCircleFilled13showShapeImplEv
                0x0010dfd4       0x2c build/sample.o
                0x0010dfd4                _ZNK4nxpl13NCircleFilled13showShapeImplEv
 .gnu.linkonce.t._ZN4nxpl16NRectangleFilledD1Ev
                0x0010e000       0x30 build/sample.o
                0x0010e000                _ZN4nxpl16NRectangleFilledD1Ev
 .gnu.linkonce.t._ZN4nxpl13NCircleFilledD1Ev
                0x0010e030       0x28 build/sample.o
                0x0010e030                _ZN4nxpl13NCircleFilledD1Ev
 .gnu.linkonce.t._ZN4nxpl5NLineD1Ev
                0x0010e058       0x28 build/sample.o
                0x0010e058                _ZN4nxpl5NLineD1Ev
 .gnu.linkonce.t._ZN4nxpl5NLineD0Ev
                0x0010e080       0x30 build/sample.o
                0x0010e080                _ZN4nxpl5NLineD0Ev
 .gnu.linkonce.t._ZN4nxpl13NCircleFilledD0Ev
                0x0010e0b0       0x30 build/sample.o
                0x0010e0b0                _ZN4nxpl13NCircleFilledD0Ev
 .gnu.linkonce.t._ZN4nxpl16NRectangleFilledD0Ev
                0x0010e0e0       0x34 build/sample.o
                0x0010e0e0                _ZN4nxpl16NRectangleFilledD0Ev
                0x0010e120                . = ALIGN (0x10)
 *fill*         0x0010e114        0xc 00

.tors           0x0010e120        0x0
                0x0010e120                . = ALIGN (0x10)
                0x0010e120                __ctor_begin = .
 *(*.ctors*)
                0x0010e120                __ctor_end = .
                0x0010e120                . = ALIGN (0x10)
                0x0010e120                __dtor_begin = .
 *(*.dtors*)
                0x0010e120                __dtor_end = .
                0x0010e120                . = ALIGN (0x10)
                0x0010e120                __rom_end__ = __dtor_end

.bss            0x002037e0     0x1050
 *(*.bss *.bss.*)
 .bss.ready_primap
                0x002037e0        0x2 build/kernel/task.o
 .bss.ready_queue_last
                0x002037e2       0x10 build/kernel/task.o
 .bss.ready_queue_first
                0x002037f2       0x10 build/kernel/task.o
 *fill*         0x00203802        0x2 00
 .bss._stack_TaskMain
                0x00203804      0x200 build/./kernel_cfg.o
 .bss.heap_ptr  0x00203a04        0x4 build/syscalls.o
 .bss.status_bar_position
                0x00203a08        0x4 build/ecrobot_base.o
 .bss.last_act_time.2776
                0x00203a0c        0x4 build/ecrobot_base.o
 .bss.lcd.2705  0x00203a10      0x320 build/ecrobot_base.o
 .bss.OS_flag   0x00203d30        0x4 build/ecrobot_base.o
 .bss.status_bar
                0x00203d34       0x10 build/ecrobot_base.o
 .bss.display_y
                0x00203d44        0x4 build//nxtOSEK/ecrobot/../NXtpandedLib/src/StringConvert.o
                0x00203d44                display_y
 .bss.display_x
                0x00203d48        0x4 build//nxtOSEK/ecrobot/../NXtpandedLib/src/StringConvert.o
                0x00203d48                display_x
 .bss.buttons_i
                0x00203d4c        0x4 /nxtOSEK/ecrobot/../ecrobot/libecrobot.a(ecrobot_interface.o)
 .bss.buttons_states
                0x00203d50       0x14 /nxtOSEK/ecrobot/../ecrobot/libecrobot.a(ecrobot_interface.o)
 .bss.ecrobot_inputs
                0x00203d64        0x8 /nxtOSEK/ecrobot/../ecrobot/libecrobot.a(ecrobot_interface.o)
 .bss.systick_ms
                0x00203d6c        0x4 /nxtOSEK/ecrobot/../ecrobot/libecrobot.a(systick.oram)
 .bss.delayedEnable
                0x00203d70        0x1 /nxtOSEK/ecrobot/../ecrobot/libecrobot.a(udp.oram)
 *fill*         0x00203d71        0x3 00
 .bss.outCnt    0x00203d74        0x4 /nxtOSEK/ecrobot/../ecrobot/libecrobot.a(udp.oram)
 .bss.outPtr    0x00203d78        0x4 /nxtOSEK/ecrobot/../ecrobot/libecrobot.a(udp.oram)
 .bss.newAddress
                0x00203d7c        0x4 /nxtOSEK/ecrobot/../ecrobot/libecrobot.a(udp.oram)
 .bss.currentRxBank
                0x00203d80        0x4 /nxtOSEK/ecrobot/../ecrobot/libecrobot.a(udp.oram)
 .bss.currentFeatures
                0x00203d84        0x4 /nxtOSEK/ecrobot/../ecrobot/libecrobot.a(udp.oram)
 .bss.currentConfig
                0x00203d88        0x1 /nxtOSEK/ecrobot/../ecrobot/libecrobot.a(udp.oram)
 *fill*         0x00203d89        0x3 00
 .bss.twi_mask  0x00203d8c        0x4 /nxtOSEK/ecrobot/../ecrobot/libecrobot.a(twi.oram)
 .bss.twi_ptr   0x00203d90        0x4 /nxtOSEK/ecrobot/../ecrobot/libecrobot.a(twi.oram)
 .bss.twi_pending
                0x00203d94        0x4 /nxtOSEK/ecrobot/../ecrobot/libecrobot.a(twi.oram)
 .bss.twi_state
                0x00203d98        0x4 /nxtOSEK/ecrobot/../ecrobot/libecrobot.a(twi.oram)
 .bss.page      0x00203d9c        0x1 /nxtOSEK/ecrobot/../ecrobot/libecrobot.a(nxt_spi.oram)
                0x00203d9c                page
 .bss.dirty     0x00203d9d        0x1 /nxtOSEK/ecrobot/../ecrobot/libecrobot.a(nxt_spi.oram)
                0x00203d9d                dirty
 *fill*         0x00203d9e        0x2 00
 .bss.display   0x00203da0        0x4 /nxtOSEK/ecrobot/../ecrobot/libecrobot.a(nxt_spi.oram)
                0x00203da0                display
 .bss.interrupts_this_period
                0x00203da4        0x4 /nxtOSEK/ecrobot/../ecrobot/libecrobot.a(nxt_motors.oram)
 .bss.nxt_motor_initialised
                0x00203da8        0x4 /nxtOSEK/ecrobot/../ecrobot/libecrobot.a(nxt_motors.oram)
 .bss.motor     0x00203dac       0x30 /nxtOSEK/ecrobot/../ecrobot/libecrobot.a(nxt_motors.oram)
 .bss.display_tick
                0x00203ddc        0x4 /nxtOSEK/ecrobot/../ecrobot/libecrobot.a(display.oram)
                0x00203ddc                display_tick
 .bss.display_array
                0x00203de0      0x388 /nxtOSEK/ecrobot/../ecrobot/libecrobot.a(display.oram)
 .bss.i2c_int_count
                0x00204168        0x4 /nxtOSEK/ecrobot/../ecrobot/libecrobot.a(i2c.oram)
 .bss.i2c_port  0x0020416c      0x170 /nxtOSEK/ecrobot/../ecrobot/libecrobot.a(i2c.oram)
 .bss.sound_mode
                0x002042dc        0x1 /nxtOSEK/ecrobot/../ecrobot/libecrobot.a(sound.oram)
                0x002042dc                sound_mode
 *fill*         0x002042dd        0x3 00
 .bss.in_buf_idx
                0x002042e0        0x4 /nxtOSEK/ecrobot/../ecrobot/libecrobot.a(bt.oram)
 .bss.buf_ptr   0x002042e4        0x4 /nxtOSEK/ecrobot/../ecrobot/libecrobot.a(bt.oram)
 .bss.out_buf_ptr
                0x002042e8        0x1 /nxtOSEK/ecrobot/../ecrobot/libecrobot.a(bt.oram)
 .bss.in_buf_in_ptr
                0x002042e9        0x1 /nxtOSEK/ecrobot/../ecrobot/libecrobot.a(bt.oram)
 .bss.in_buf    0x002042ea      0x100 /nxtOSEK/ecrobot/../ecrobot/libecrobot.a(bt.oram)
 *fill*         0x002043ea        0x2 00
 .bss.link_state
                0x002043ec        0x4 /nxtOSEK/ecrobot/../ecrobot/libecrobot.a(nxt_avr.oram)
 .bss.update_count
                0x002043f0        0x4 /nxtOSEK/ecrobot/../ecrobot/libecrobot.a(nxt_avr.oram)
 .bss.nxt_avr_stats
                0x002043f4       0x14 /nxtOSEK/ecrobot/../ecrobot/libecrobot.a(nxt_avr.oram)
 .bss.debounce_cnt
                0x00204408        0x2 /nxtOSEK/ecrobot/../ecrobot/libecrobot.a(nxt_avr.oram)
 .bss.debounce_state
                0x0020440a        0x2 /nxtOSEK/ecrobot/../ecrobot/libecrobot.a(nxt_avr.oram)
 .bss.button_state
                0x0020440c        0x2 /nxtOSEK/ecrobot/../ecrobot/libecrobot.a(nxt_avr.oram)
 .bss.prev_buttons
                0x0020440e        0x2 /nxtOSEK/ecrobot/../ecrobot/libecrobot.a(nxt_avr.oram)
 .bss.from_buf  0x00204410        0x4 /nxtOSEK/ecrobot/../ecrobot/libecrobot.a(nxt_avr.oram)
 .bss.io_from_avr
                0x00204414        0x4 /nxtOSEK/ecrobot/../ecrobot/libecrobot.a(nxt_avr.oram)
 .bss.data_from_avr
                0x00204418       0x1a /nxtOSEK/ecrobot/../ecrobot/libecrobot.a(nxt_avr.oram)
 .bss.data_to_avr
                0x00204432        0x9 /nxtOSEK/ecrobot/../ecrobot/libecrobot.a(nxt_avr.oram)
 .bss.io_to_avr
                0x0020443b        0x8 /nxtOSEK/ecrobot/../ecrobot/libecrobot.a(nxt_avr.oram)
 *fill*         0x00204443        0x1 00
 .bss.display   0x00204444        0x4 /nxtOSEK/ecrobot/../ecrobot/libecrobot.a(nxt_lcd.oram)
 .bss           0x00204448       0x34 /cygdrive/C/cygwin/GNUARM/bin/../lib/gcc/arm-elf/4.0.2/../../../../arm-elf/lib/thumb/interwork/libc.a(mallocr.o)
                0x00204478                __malloc_top_pad
                0x00204474                __malloc_max_sbrked_mem
                0x00204448                __malloc_current_mallinfo
                0x00204470                __malloc_max_total_mem
                0x00204480                . = ALIGN (0x10)
 *fill*         0x0020447c        0x4 00
                0x00204480                __bss_end__ = .
 COMMON         0x00204480        0x2 build/kernel/interrupt.o
                0x00204480                runisr
                0x00204481                sus_all_cnt
 *fill*         0x00204482        0x2 00
 COMMON         0x00204484       0x10 build/kernel/osctl.o
                0x00204484                callevel
                0x00204485                _errorhook_svcid
                0x00204486                appmode
                0x00204488                _errorhook_par1
                0x0020448c                _errorhook_par3
                0x00204490                _errorhook_par2
 COMMON         0x00204494        0x3 build/kernel/task.o
                0x00204494                runtsk
                0x00204495                schedtsk
                0x00204496                nextpri
 *fill*         0x00204497        0x1 00
 COMMON         0x00204498       0x2c build/./kernel_cfg.o
                0x00204498                tcb_waievt
                0x0020449c                rescb_prevpri
                0x0020449d                almcb_prev
                0x0020449e                tcb_lastres
                0x002044a0                almcb_almval
                0x002044a4                tcxb_pc
                0x002044a8                tcb_next
                0x002044a9                tcb_curpri
                0x002044aa                tcb_tstat
                0x002044ab                isrcb_lastres
                0x002044ac                cntcb_almque
                0x002044ad                rescb_prevres
                0x002044ae                tcb_actcnt
                0x002044b0                tcb_curevt
                0x002044b4                almcb_cycle
                0x002044b8                tcxb_sp
                0x002044bc                almcb_next
                0x002044c0                cntcb_curval
 COMMON         0x002044c4       0x44 /nxtOSEK/ecrobot/../ecrobot/libecrobot.a(uart.oram)
                0x002044c4                uart
 COMMON         0x00204508        0x4 /nxtOSEK/ecrobot/../ecrobot/libecrobot.a(data_abort.oram)
                0x00204508                data_abort_pc
 COMMON         0x0020450c      0x324 /nxtOSEK/ecrobot/../ecrobot/libecrobot.a(sound.oram)
                0x0020450c                sample
                0x002037e0                __bss_start__ = ADDR (.bss)
                0x00204830                __bss_end__ = (ADDR (.bss) + SIZEOF (.bss))
                0x00204830                PROVIDE (end, .)

.heap_area      0x00204830     0xb348
                0x0020fb78                . = (. + (0x20fb78 - end))
 *fill*         0x00204830     0xb348 00

.stack          0x0020fb78      0x488
                0x0020fbf8                . = (. + 0x80)
 *fill*         0x0020fb78       0x80 00
                0x0020fc00                . = ALIGN (0x10)
 *fill*         0x0020fbf8        0x8 00
                0x0020fc00                __irq_stack__ = .
                0x0020fc00                __system_stack_bottom__ = .
                0x00210000                . = (. + 0x400)
 *fill*         0x0020fc00      0x400 00
                0x00210000                . = ALIGN (0x10)
                0x00210000                __system_stack__ = .
                0x00210000                __system_stack_top__ = .
                0x0020fb78                __stack_start__ = ADDR (.stack)
                0x00210000                __stack_end__ = (ADDR (.stack) + SIZEOF (.stack))
OUTPUT(untitled_rom.elf elf32-littlearm)

.comment        0x00000000      0x4b6
 .comment       0x00000000       0x12 build/kernel/alarm.o
 .comment       0x00000012       0x12 build/kernel/event.o
 .comment       0x00000024       0x12 build/kernel/interrupt.o
 .comment       0x00000036       0x12 build/kernel/osctl.o
 .comment       0x00000048       0x12 build/kernel/resource.o
 .comment       0x0000005a       0x12 build/kernel/task.o
 .comment       0x0000006c       0x12 build/kernel/task_manage.o
 .comment       0x0000007e       0x12 build/config/at91sam7s-gnu/cpu_config.o
 .comment       0x00000090       0x12 build/config/at91sam7s-gnu/lego_nxt/sys_config.o
 .comment       0x000000a2       0x12 build/./kernel_cfg.o
 .comment       0x000000b4       0x12 build/rtoscalls.o
 .comment       0x000000c6       0x12 build/syscalls.o
 .comment       0x000000d8       0x12 build/ecrobot_bluetooth.o
 .comment       0x000000ea       0x12 build/ecrobot_base.o
 .comment       0x000000fc       0x12 build/ecrobot.o
 .comment       0x0000010e       0x12 build/syslib/at91sam7s-gnu/lego_nxt/hw_sys_timer.oram
 .comment       0x00000120       0x12 build//nxtOSEK/ecrobot/../NXtpandedLib/src/StringConvert.o
 .comment       0x00000132       0x12 build//nxtOSEK/ecrobot/../NXtpandedLib/src/NOstream.o
 .comment       0x00000144       0x12 build//nxtOSEK/ecrobot/../NXtpandedLib/src/NString.o
 .comment       0x00000156       0x12 build//nxtOSEK/ecrobot/../NXtpandedLib/src/NLabel.o
 .comment       0x00000168       0x12 build//nxtOSEK/ecrobot/../NXtpandedLib/src/NPairBox.o
 .comment       0x0000017a       0x12 build//nxtOSEK/ecrobot/../NXtpandedLib/src/LcdDrawer.o
 .comment       0x0000018c       0x12 build//nxtOSEK/ecrobot/../NXtpandedLib/src/NCom.o
 .comment       0x0000019e       0x12 build//nxtOSEK/ecrobot/../NXtpandedLib/src/NComSingle.o
 .comment       0x000001b0       0x12 build//nxtOSEK/ecrobot/../NXtpandedLib/src/Motorcontroller.o
 .comment       0x000001c2       0x12 build/sample.o
 .comment       0x000001d4       0x12 /nxtOSEK/ecrobot/../ecrobot/libecrobot++.a(Clock.o)
 .comment       0x000001e6       0x12 /nxtOSEK/ecrobot/../ecrobot/libecrobot++.a(Motor.o)
 .comment       0x000001f8       0x12 /nxtOSEK/ecrobot/../ecrobot/libecrobot++.a(Usb.o)
 .comment       0x0000020a       0x12 /nxtOSEK/ecrobot/../ecrobot/libecrobot.a(ecrobot_usb.o)
 .comment       0x0000021c       0x12 /nxtOSEK/ecrobot/../ecrobot/libecrobot.a(ecrobot_device_hook.o)
 .comment       0x0000022e       0x12 /nxtOSEK/ecrobot/../ecrobot/libecrobot.a(ecrobot_interface.o)
 .comment       0x00000240       0x12 /nxtOSEK/ecrobot/../ecrobot/libecrobot.a(colorsensor.o)
 .comment       0x00000252       0x12 /nxtOSEK/ecrobot/../ecrobot/libecrobot.a(osek_hook.o)
 .comment       0x00000264       0x12 /nxtOSEK/ecrobot/../ecrobot/libecrobot.a(uart.oram)
 .comment       0x00000276       0x12 /nxtOSEK/ecrobot/../ecrobot/libecrobot.a(systick.oram)
 .comment       0x00000288       0x12 /nxtOSEK/ecrobot/../ecrobot/libecrobot.a(byte_fifo.oram)
 .comment       0x0000029a       0x12 /nxtOSEK/ecrobot/../ecrobot/libecrobot.a(aic.oram)
 .comment       0x000002ac       0x12 /nxtOSEK/ecrobot/../ecrobot/libecrobot.a(udp.oram)
 .comment       0x000002be       0x12 /nxtOSEK/ecrobot/../ecrobot/libecrobot.a(twi.oram)
 .comment       0x000002d0       0x12 /nxtOSEK/ecrobot/../ecrobot/libecrobot.a(nxt_spi.oram)
 .comment       0x000002e2       0x12 /nxtOSEK/ecrobot/../ecrobot/libecrobot.a(nxt_motors.oram)
 .comment       0x000002f4       0x12 /nxtOSEK/ecrobot/../ecrobot/libecrobot.a(data_abort.oram)
 .comment       0x00000306       0x12 /nxtOSEK/ecrobot/../ecrobot/libecrobot.a(display.oram)
 .comment       0x00000318       0x12 /nxtOSEK/ecrobot/../ecrobot/libecrobot.a(i2c.oram)
 .comment       0x0000032a       0x12 /nxtOSEK/ecrobot/../ecrobot/libecrobot.a(sound.oram)
 .comment       0x0000033c       0x12 /nxtOSEK/ecrobot/../ecrobot/libecrobot.a(bt.oram)
 .comment       0x0000034e       0x12 /nxtOSEK/ecrobot/../ecrobot/libecrobot.a(nxt_avr.oram)
 .comment       0x00000360       0x12 /nxtOSEK/ecrobot/../ecrobot/libecrobot.a(sensors.oram)
 .comment       0x00000372       0x12 /nxtOSEK/ecrobot/../ecrobot/libecrobot.a(sensors1.oram)
 .comment       0x00000384       0x12 /nxtOSEK/ecrobot/../ecrobot/libecrobot.a(nxt_lcd.oram)
 .comment       0x00000396       0x12 /nxtOSEK/ecrobot/../ecrobot/libecrobot.a(flash_loader.oram)
 .comment       0x000003a8       0x12 /nxtOSEK/ecrobot/../ecrobot/libecrobot.a(flashprog.oram)
 .comment       0x000003ba       0x12 /cygdrive/C/cygwin/GNUARM/bin/../lib/gcc/arm-elf/4.0.2/thumb/interwork/libgcc.a(_muldi3.o)
 .comment       0x000003cc       0x12 /cygdrive/C/cygwin/GNUARM/bin/../lib/gcc/arm-elf/4.0.2/thumb/interwork/libgcc.a(_divdi3.o)
 .comment       0x000003de       0x12 /cygdrive/C/cygwin/GNUARM/bin/../lib/gcc/arm-elf/4.0.2/thumb/interwork/libgcc.a(_clz.o)
 .comment       0x000003f0       0x12 /cygdrive/C/cygwin/GNUARM/bin/../lib/gcc/arm-elf/4.0.2/../../../../arm-elf/lib/thumb/interwork/libc.a(malloc.o)
 .comment       0x00000402       0x12 /cygdrive/C/cygwin/GNUARM/bin/../lib/gcc/arm-elf/4.0.2/../../../../arm-elf/lib/thumb/interwork/libc.a(mallocr.o)
 .comment       0x00000414       0x12 /cygdrive/C/cygwin/GNUARM/bin/../lib/gcc/arm-elf/4.0.2/../../../../arm-elf/lib/thumb/interwork/libc.a(memcpy.o)
 .comment       0x00000426       0x12 /cygdrive/C/cygwin/GNUARM/bin/../lib/gcc/arm-elf/4.0.2/../../../../arm-elf/lib/thumb/interwork/libc.a(memset.o)
 .comment       0x00000438       0x12 /cygdrive/C/cygwin/GNUARM/bin/../lib/gcc/arm-elf/4.0.2/../../../../arm-elf/lib/thumb/interwork/libc.a(mlock.o)
 .comment       0x0000044a       0x12 /cygdrive/C/cygwin/GNUARM/bin/../lib/gcc/arm-elf/4.0.2/../../../../arm-elf/lib/thumb/interwork/libc.a(strcmp.o)
 .comment       0x0000045c       0x12 /cygdrive/C/cygwin/GNUARM/bin/../lib/gcc/arm-elf/4.0.2/../../../../arm-elf/lib/thumb/interwork/libc.a(strcpy.o)
 .comment       0x0000046e       0x12 /cygdrive/C/cygwin/GNUARM/bin/../lib/gcc/arm-elf/4.0.2/../../../../arm-elf/lib/thumb/interwork/libc.a(strlen.o)
 .comment       0x00000480       0x12 /cygdrive/C/cygwin/GNUARM/bin/../lib/gcc/arm-elf/4.0.2/../../../../arm-elf/lib/thumb/interwork/libc.a(strncpy.o)
 .comment       0x00000492       0x12 /cygdrive/C/cygwin/GNUARM/bin/../lib/gcc/arm-elf/4.0.2/../../../../arm-elf/lib/thumb/interwork/libc.a(freer.o)
 .comment       0x000004a4       0x12 /cygdrive/C/cygwin/GNUARM/bin/../lib/gcc/arm-elf/4.0.2/../../../../arm-elf/lib/thumb/interwork/libc.a(impure.o)

.debug_line     0x00000000     0x1285
 .debug_line    0x00000000       0x70 /cygdrive/C/cygwin/GNUARM/bin/../lib/gcc/arm-elf/4.0.2/thumb/interwork/libgcc.a(_udivsi3.o)
 .debug_line    0x00000070       0x7c /cygdrive/C/cygwin/GNUARM/bin/../lib/gcc/arm-elf/4.0.2/thumb/interwork/libgcc.a(_divsi3.o)
 .debug_line    0x000000ec       0x68 /cygdrive/C/cygwin/GNUARM/bin/../lib/gcc/arm-elf/4.0.2/thumb/interwork/libgcc.a(_umodsi3.o)
 .debug_line    0x00000154       0x71 /cygdrive/C/cygwin/GNUARM/bin/../lib/gcc/arm-elf/4.0.2/thumb/interwork/libgcc.a(_modsi3.o)
 .debug_line    0x000001c5       0x5a /cygdrive/C/cygwin/GNUARM/bin/../lib/gcc/arm-elf/4.0.2/thumb/interwork/libgcc.a(_dvmd_tls.o)
 .debug_line    0x0000021f      0x162 /cygdrive/C/cygwin/GNUARM/bin/../lib/gcc/arm-elf/4.0.2/thumb/interwork/libgcc.a(_addsubdf3.o)
 .debug_line    0x00000381      0x177 /cygdrive/C/cygwin/GNUARM/bin/../lib/gcc/arm-elf/4.0.2/thumb/interwork/libgcc.a(_muldivdf3.o)
 .debug_line    0x000004f8       0xa4 /cygdrive/C/cygwin/GNUARM/bin/../lib/gcc/arm-elf/4.0.2/thumb/interwork/libgcc.a(_cmpdf2.o)
 .debug_line    0x0000059c       0x98 /cygdrive/C/cygwin/GNUARM/bin/../lib/gcc/arm-elf/4.0.2/thumb/interwork/libgcc.a(_cmpsf2.o)
 .debug_line    0x00000634       0x61 /cygdrive/C/cygwin/GNUARM/bin/../lib/gcc/arm-elf/4.0.2/thumb/interwork/libgcc.a(_muldi3.o)
 .debug_line    0x00000695      0x122 /cygdrive/C/cygwin/GNUARM/bin/../lib/gcc/arm-elf/4.0.2/thumb/interwork/libgcc.a(_divdi3.o)
 .debug_line    0x000007b7       0x48 /cygdrive/C/cygwin/GNUARM/bin/../lib/gcc/arm-elf/4.0.2/thumb/interwork/libgcc.a(_clz.o)
 .debug_line    0x000007ff       0xfd /cygdrive/C/cygwin/GNUARM/bin/../lib/gcc/arm-elf/4.0.2/../../../../arm-elf/lib/thumb/interwork/libc.a(malloc.o)
 .debug_line    0x000008fc      0x23d /cygdrive/C/cygwin/GNUARM/bin/../lib/gcc/arm-elf/4.0.2/../../../../arm-elf/lib/thumb/interwork/libc.a(mallocr.o)
 .debug_line    0x00000b39       0xc3 /cygdrive/C/cygwin/GNUARM/bin/../lib/gcc/arm-elf/4.0.2/../../../../arm-elf/lib/thumb/interwork/libc.a(memcpy.o)
 .debug_line    0x00000bfc       0xd4 /cygdrive/C/cygwin/GNUARM/bin/../lib/gcc/arm-elf/4.0.2/../../../../arm-elf/lib/thumb/interwork/libc.a(memset.o)
 .debug_line    0x00000cd0       0xf5 /cygdrive/C/cygwin/GNUARM/bin/../lib/gcc/arm-elf/4.0.2/../../../../arm-elf/lib/thumb/interwork/libc.a(mlock.o)
 .debug_line    0x00000dc5       0x88 /cygdrive/C/cygwin/GNUARM/bin/../lib/gcc/arm-elf/4.0.2/../../../../arm-elf/lib/thumb/interwork/libc.a(strcmp.o)
 .debug_line    0x00000e4d       0x80 /cygdrive/C/cygwin/GNUARM/bin/../lib/gcc/arm-elf/4.0.2/../../../../arm-elf/lib/thumb/interwork/libc.a(strcpy.o)
 .debug_line    0x00000ecd       0xaf /cygdrive/C/cygwin/GNUARM/bin/../lib/gcc/arm-elf/4.0.2/../../../../arm-elf/lib/thumb/interwork/libc.a(strlen.o)
 .debug_line    0x00000f7c       0xc2 /cygdrive/C/cygwin/GNUARM/bin/../lib/gcc/arm-elf/4.0.2/../../../../arm-elf/lib/thumb/interwork/libc.a(strncpy.o)
 .debug_line    0x0000103e      0x164 /cygdrive/C/cygwin/GNUARM/bin/../lib/gcc/arm-elf/4.0.2/../../../../arm-elf/lib/thumb/interwork/libc.a(freer.o)
 .debug_line    0x000011a2       0xe3 /cygdrive/C/cygwin/GNUARM/bin/../lib/gcc/arm-elf/4.0.2/../../../../arm-elf/lib/thumb/interwork/libc.a(impure.o)

.debug_info     0x00000000     0x4808
 .debug_info    0x00000000       0x6a /cygdrive/C/cygwin/GNUARM/bin/../lib/gcc/arm-elf/4.0.2/thumb/interwork/libgcc.a(_udivsi3.o)
 .debug_info    0x0000006a       0x6a /cygdrive/C/cygwin/GNUARM/bin/../lib/gcc/arm-elf/4.0.2/thumb/interwork/libgcc.a(_divsi3.o)
 .debug_info    0x000000d4       0x6a /cygdrive/C/cygwin/GNUARM/bin/../lib/gcc/arm-elf/4.0.2/thumb/interwork/libgcc.a(_umodsi3.o)
 .debug_info    0x0000013e       0x6a /cygdrive/C/cygwin/GNUARM/bin/../lib/gcc/arm-elf/4.0.2/thumb/interwork/libgcc.a(_modsi3.o)
 .debug_info    0x000001a8       0x6a /cygdrive/C/cygwin/GNUARM/bin/../lib/gcc/arm-elf/4.0.2/thumb/interwork/libgcc.a(_dvmd_tls.o)
 .debug_info    0x00000212       0x69 /cygdrive/C/cygwin/GNUARM/bin/../lib/gcc/arm-elf/4.0.2/thumb/interwork/libgcc.a(_addsubdf3.o)
 .debug_info    0x0000027b       0x69 /cygdrive/C/cygwin/GNUARM/bin/../lib/gcc/arm-elf/4.0.2/thumb/interwork/libgcc.a(_muldivdf3.o)
 .debug_info    0x000002e4       0x69 /cygdrive/C/cygwin/GNUARM/bin/../lib/gcc/arm-elf/4.0.2/thumb/interwork/libgcc.a(_cmpdf2.o)
 .debug_info    0x0000034d       0x69 /cygdrive/C/cygwin/GNUARM/bin/../lib/gcc/arm-elf/4.0.2/thumb/interwork/libgcc.a(_cmpsf2.o)
 .debug_info    0x000003b6      0x20e /cygdrive/C/cygwin/GNUARM/bin/../lib/gcc/arm-elf/4.0.2/thumb/interwork/libgcc.a(_muldi3.o)
 .debug_info    0x000005c4      0x758 /cygdrive/C/cygwin/GNUARM/bin/../lib/gcc/arm-elf/4.0.2/thumb/interwork/libgcc.a(_divdi3.o)
 .debug_info    0x00000d1c       0xc9 /cygdrive/C/cygwin/GNUARM/bin/../lib/gcc/arm-elf/4.0.2/thumb/interwork/libgcc.a(_clz.o)
 .debug_info    0x00000de5      0x955 /cygdrive/C/cygwin/GNUARM/bin/../lib/gcc/arm-elf/4.0.2/../../../../arm-elf/lib/thumb/interwork/libc.a(malloc.o)
 .debug_info    0x0000173a      0xcbd /cygdrive/C/cygwin/GNUARM/bin/../lib/gcc/arm-elf/4.0.2/../../../../arm-elf/lib/thumb/interwork/libc.a(mallocr.o)
 .debug_info    0x000023f7      0x10d /cygdrive/C/cygwin/GNUARM/bin/../lib/gcc/arm-elf/4.0.2/../../../../arm-elf/lib/thumb/interwork/libc.a(memcpy.o)
 .debug_info    0x00002504      0x111 /cygdrive/C/cygwin/GNUARM/bin/../lib/gcc/arm-elf/4.0.2/../../../../arm-elf/lib/thumb/interwork/libc.a(memset.o)
 .debug_info    0x00002615      0x93e /cygdrive/C/cygwin/GNUARM/bin/../lib/gcc/arm-elf/4.0.2/../../../../arm-elf/lib/thumb/interwork/libc.a(mlock.o)
 .debug_info    0x00002f53       0xd9 /cygdrive/C/cygwin/GNUARM/bin/../lib/gcc/arm-elf/4.0.2/../../../../arm-elf/lib/thumb/interwork/libc.a(strcmp.o)
 .debug_info    0x0000302c      0x10c /cygdrive/C/cygwin/GNUARM/bin/../lib/gcc/arm-elf/4.0.2/../../../../arm-elf/lib/thumb/interwork/libc.a(strcpy.o)
 .debug_info    0x00003138       0xd5 /cygdrive/C/cygwin/GNUARM/bin/../lib/gcc/arm-elf/4.0.2/../../../../arm-elf/lib/thumb/interwork/libc.a(strlen.o)
 .debug_info    0x0000320d      0x126 /cygdrive/C/cygwin/GNUARM/bin/../lib/gcc/arm-elf/4.0.2/../../../../arm-elf/lib/thumb/interwork/libc.a(strncpy.o)
 .debug_info    0x00003333      0xbb3 /cygdrive/C/cygwin/GNUARM/bin/../lib/gcc/arm-elf/4.0.2/../../../../arm-elf/lib/thumb/interwork/libc.a(freer.o)
 .debug_info    0x00003ee6      0x922 /cygdrive/C/cygwin/GNUARM/bin/../lib/gcc/arm-elf/4.0.2/../../../../arm-elf/lib/thumb/interwork/libc.a(impure.o)

.debug_abbrev   0x00000000      0xee6
 .debug_abbrev  0x00000000       0x14 /cygdrive/C/cygwin/GNUARM/bin/../lib/gcc/arm-elf/4.0.2/thumb/interwork/libgcc.a(_udivsi3.o)
 .debug_abbrev  0x00000014       0x14 /cygdrive/C/cygwin/GNUARM/bin/../lib/gcc/arm-elf/4.0.2/thumb/interwork/libgcc.a(_divsi3.o)
 .debug_abbrev  0x00000028       0x14 /cygdrive/C/cygwin/GNUARM/bin/../lib/gcc/arm-elf/4.0.2/thumb/interwork/libgcc.a(_umodsi3.o)
 .debug_abbrev  0x0000003c       0x14 /cygdrive/C/cygwin/GNUARM/bin/../lib/gcc/arm-elf/4.0.2/thumb/interwork/libgcc.a(_modsi3.o)
 .debug_abbrev  0x00000050       0x14 /cygdrive/C/cygwin/GNUARM/bin/../lib/gcc/arm-elf/4.0.2/thumb/interwork/libgcc.a(_dvmd_tls.o)
 .debug_abbrev  0x00000064       0x14 /cygdrive/C/cygwin/GNUARM/bin/../lib/gcc/arm-elf/4.0.2/thumb/interwork/libgcc.a(_addsubdf3.o)
 .debug_abbrev  0x00000078       0x14 /cygdrive/C/cygwin/GNUARM/bin/../lib/gcc/arm-elf/4.0.2/thumb/interwork/libgcc.a(_muldivdf3.o)
 .debug_abbrev  0x0000008c       0x14 /cygdrive/C/cygwin/GNUARM/bin/../lib/gcc/arm-elf/4.0.2/thumb/interwork/libgcc.a(_cmpdf2.o)
 .debug_abbrev  0x000000a0       0x14 /cygdrive/C/cygwin/GNUARM/bin/../lib/gcc/arm-elf/4.0.2/thumb/interwork/libgcc.a(_cmpsf2.o)
 .debug_abbrev  0x000000b4       0xec /cygdrive/C/cygwin/GNUARM/bin/../lib/gcc/arm-elf/4.0.2/thumb/interwork/libgcc.a(_muldi3.o)
 .debug_abbrev  0x000001a0      0x174 /cygdrive/C/cygwin/GNUARM/bin/../lib/gcc/arm-elf/4.0.2/thumb/interwork/libgcc.a(_divdi3.o)
 .debug_abbrev  0x00000314       0x61 /cygdrive/C/cygwin/GNUARM/bin/../lib/gcc/arm-elf/4.0.2/thumb/interwork/libgcc.a(_clz.o)
 .debug_abbrev  0x00000375      0x187 /cygdrive/C/cygwin/GNUARM/bin/../lib/gcc/arm-elf/4.0.2/../../../../arm-elf/lib/thumb/interwork/libc.a(malloc.o)
 .debug_abbrev  0x000004fc      0x214 /cygdrive/C/cygwin/GNUARM/bin/../lib/gcc/arm-elf/4.0.2/../../../../arm-elf/lib/thumb/interwork/libc.a(mallocr.o)
 .debug_abbrev  0x00000710       0x99 /cygdrive/C/cygwin/GNUARM/bin/../lib/gcc/arm-elf/4.0.2/../../../../arm-elf/lib/thumb/interwork/libc.a(memcpy.o)
 .debug_abbrev  0x000007a9       0x9a /cygdrive/C/cygwin/GNUARM/bin/../lib/gcc/arm-elf/4.0.2/../../../../arm-elf/lib/thumb/interwork/libc.a(memset.o)
 .debug_abbrev  0x00000843      0x16a /cygdrive/C/cygwin/GNUARM/bin/../lib/gcc/arm-elf/4.0.2/../../../../arm-elf/lib/thumb/interwork/libc.a(mlock.o)
 .debug_abbrev  0x000009ad       0x71 /cygdrive/C/cygwin/GNUARM/bin/../lib/gcc/arm-elf/4.0.2/../../../../arm-elf/lib/thumb/interwork/libc.a(strcmp.o)
 .debug_abbrev  0x00000a1e       0x80 /cygdrive/C/cygwin/GNUARM/bin/../lib/gcc/arm-elf/4.0.2/../../../../arm-elf/lib/thumb/interwork/libc.a(strcpy.o)
 .debug_abbrev  0x00000a9e       0x8b /cygdrive/C/cygwin/GNUARM/bin/../lib/gcc/arm-elf/4.0.2/../../../../arm-elf/lib/thumb/interwork/libc.a(strlen.o)
 .debug_abbrev  0x00000b29       0x8d /cygdrive/C/cygwin/GNUARM/bin/../lib/gcc/arm-elf/4.0.2/../../../../arm-elf/lib/thumb/interwork/libc.a(strncpy.o)
 .debug_abbrev  0x00000bb6      0x1d9 /cygdrive/C/cygwin/GNUARM/bin/../lib/gcc/arm-elf/4.0.2/../../../../arm-elf/lib/thumb/interwork/libc.a(freer.o)
 .debug_abbrev  0x00000d8f      0x157 /cygdrive/C/cygwin/GNUARM/bin/../lib/gcc/arm-elf/4.0.2/../../../../arm-elf/lib/thumb/interwork/libc.a(impure.o)

.debug_aranges  0x00000000      0x2a0
 .debug_aranges
                0x00000000       0x20 /cygdrive/C/cygwin/GNUARM/bin/../lib/gcc/arm-elf/4.0.2/thumb/interwork/libgcc.a(_udivsi3.o)
 .debug_aranges
                0x00000020       0x20 /cygdrive/C/cygwin/GNUARM/bin/../lib/gcc/arm-elf/4.0.2/thumb/interwork/libgcc.a(_divsi3.o)
 .debug_aranges
                0x00000040       0x20 /cygdrive/C/cygwin/GNUARM/bin/../lib/gcc/arm-elf/4.0.2/thumb/interwork/libgcc.a(_umodsi3.o)
 .debug_aranges
                0x00000060       0x20 /cygdrive/C/cygwin/GNUARM/bin/../lib/gcc/arm-elf/4.0.2/thumb/interwork/libgcc.a(_modsi3.o)
 .debug_aranges
                0x00000080       0x20 /cygdrive/C/cygwin/GNUARM/bin/../lib/gcc/arm-elf/4.0.2/thumb/interwork/libgcc.a(_dvmd_tls.o)
 .debug_aranges
                0x000000a0       0x20 /cygdrive/C/cygwin/GNUARM/bin/../lib/gcc/arm-elf/4.0.2/thumb/interwork/libgcc.a(_addsubdf3.o)
 .debug_aranges
                0x000000c0       0x20 /cygdrive/C/cygwin/GNUARM/bin/../lib/gcc/arm-elf/4.0.2/thumb/interwork/libgcc.a(_muldivdf3.o)
 .debug_aranges
                0x000000e0       0x20 /cygdrive/C/cygwin/GNUARM/bin/../lib/gcc/arm-elf/4.0.2/thumb/interwork/libgcc.a(_cmpdf2.o)
 .debug_aranges
                0x00000100       0x20 /cygdrive/C/cygwin/GNUARM/bin/../lib/gcc/arm-elf/4.0.2/thumb/interwork/libgcc.a(_cmpsf2.o)
 .debug_aranges
                0x00000120       0x20 /cygdrive/C/cygwin/GNUARM/bin/../lib/gcc/arm-elf/4.0.2/thumb/interwork/libgcc.a(_muldi3.o)
 .debug_aranges
                0x00000140       0x20 /cygdrive/C/cygwin/GNUARM/bin/../lib/gcc/arm-elf/4.0.2/thumb/interwork/libgcc.a(_divdi3.o)
 .debug_aranges
                0x00000160       0x20 /cygdrive/C/cygwin/GNUARM/bin/../lib/gcc/arm-elf/4.0.2/../../../../arm-elf/lib/thumb/interwork/libc.a(malloc.o)
 .debug_aranges
                0x00000180       0x20 /cygdrive/C/cygwin/GNUARM/bin/../lib/gcc/arm-elf/4.0.2/../../../../arm-elf/lib/thumb/interwork/libc.a(mallocr.o)
 .debug_aranges
                0x000001a0       0x20 /cygdrive/C/cygwin/GNUARM/bin/../lib/gcc/arm-elf/4.0.2/../../../../arm-elf/lib/thumb/interwork/libc.a(memcpy.o)
 .debug_aranges
                0x000001c0       0x20 /cygdrive/C/cygwin/GNUARM/bin/../lib/gcc/arm-elf/4.0.2/../../../../arm-elf/lib/thumb/interwork/libc.a(memset.o)
 .debug_aranges
                0x000001e0       0x20 /cygdrive/C/cygwin/GNUARM/bin/../lib/gcc/arm-elf/4.0.2/../../../../arm-elf/lib/thumb/interwork/libc.a(mlock.o)
 .debug_aranges
                0x00000200       0x20 /cygdrive/C/cygwin/GNUARM/bin/../lib/gcc/arm-elf/4.0.2/../../../../arm-elf/lib/thumb/interwork/libc.a(strcmp.o)
 .debug_aranges
                0x00000220       0x20 /cygdrive/C/cygwin/GNUARM/bin/../lib/gcc/arm-elf/4.0.2/../../../../arm-elf/lib/thumb/interwork/libc.a(strcpy.o)
 .debug_aranges
                0x00000240       0x20 /cygdrive/C/cygwin/GNUARM/bin/../lib/gcc/arm-elf/4.0.2/../../../../arm-elf/lib/thumb/interwork/libc.a(strlen.o)
 .debug_aranges
                0x00000260       0x20 /cygdrive/C/cygwin/GNUARM/bin/../lib/gcc/arm-elf/4.0.2/../../../../arm-elf/lib/thumb/interwork/libc.a(strncpy.o)
 .debug_aranges
                0x00000280       0x20 /cygdrive/C/cygwin/GNUARM/bin/../lib/gcc/arm-elf/4.0.2/../../../../arm-elf/lib/thumb/interwork/libc.a(freer.o)

.debug_frame    0x00000000      0x280
 .debug_frame   0x00000000       0x38 /cygdrive/C/cygwin/GNUARM/bin/../lib/gcc/arm-elf/4.0.2/thumb/interwork/libgcc.a(_muldi3.o)
 .debug_frame   0x00000038       0x3c /cygdrive/C/cygwin/GNUARM/bin/../lib/gcc/arm-elf/4.0.2/thumb/interwork/libgcc.a(_divdi3.o)
 .debug_frame   0x00000074       0x40 /cygdrive/C/cygwin/GNUARM/bin/../lib/gcc/arm-elf/4.0.2/../../../../arm-elf/lib/thumb/interwork/libc.a(malloc.o)
 .debug_frame   0x000000b4       0x3c /cygdrive/C/cygwin/GNUARM/bin/../lib/gcc/arm-elf/4.0.2/../../../../arm-elf/lib/thumb/interwork/libc.a(mallocr.o)
 .debug_frame   0x000000f0       0x2c /cygdrive/C/cygwin/GNUARM/bin/../lib/gcc/arm-elf/4.0.2/../../../../arm-elf/lib/thumb/interwork/libc.a(memcpy.o)
 .debug_frame   0x0000011c       0x2c /cygdrive/C/cygwin/GNUARM/bin/../lib/gcc/arm-elf/4.0.2/../../../../arm-elf/lib/thumb/interwork/libc.a(memset.o)
 .debug_frame   0x00000148       0x30 /cygdrive/C/cygwin/GNUARM/bin/../lib/gcc/arm-elf/4.0.2/../../../../arm-elf/lib/thumb/interwork/libc.a(mlock.o)
 .debug_frame   0x00000178       0x2c /cygdrive/C/cygwin/GNUARM/bin/../lib/gcc/arm-elf/4.0.2/../../../../arm-elf/lib/thumb/interwork/libc.a(strcmp.o)
 .debug_frame   0x000001a4       0x2c /cygdrive/C/cygwin/GNUARM/bin/../lib/gcc/arm-elf/4.0.2/../../../../arm-elf/lib/thumb/interwork/libc.a(strcpy.o)
 .debug_frame   0x000001d0       0x2c /cygdrive/C/cygwin/GNUARM/bin/../lib/gcc/arm-elf/4.0.2/../../../../arm-elf/lib/thumb/interwork/libc.a(strlen.o)
 .debug_frame   0x000001fc       0x30 /cygdrive/C/cygwin/GNUARM/bin/../lib/gcc/arm-elf/4.0.2/../../../../arm-elf/lib/thumb/interwork/libc.a(strncpy.o)
 .debug_frame   0x0000022c       0x54 /cygdrive/C/cygwin/GNUARM/bin/../lib/gcc/arm-elf/4.0.2/../../../../arm-elf/lib/thumb/interwork/libc.a(freer.o)

.debug_loc      0x00000000     0x22c4
 .debug_loc     0x00000000      0x156 /cygdrive/C/cygwin/GNUARM/bin/../lib/gcc/arm-elf/4.0.2/thumb/interwork/libgcc.a(_muldi3.o)
 .debug_loc     0x00000156      0xd45 /cygdrive/C/cygwin/GNUARM/bin/../lib/gcc/arm-elf/4.0.2/thumb/interwork/libgcc.a(_divdi3.o)
 .debug_loc     0x00000e9b       0x3c /cygdrive/C/cygwin/GNUARM/bin/../lib/gcc/arm-elf/4.0.2/../../../../arm-elf/lib/thumb/interwork/libc.a(malloc.o)
 .debug_loc     0x00000ed7      0xaf9 /cygdrive/C/cygwin/GNUARM/bin/../lib/gcc/arm-elf/4.0.2/../../../../arm-elf/lib/thumb/interwork/libc.a(mallocr.o)
 .debug_loc     0x000019d0      0x127 /cygdrive/C/cygwin/GNUARM/bin/../lib/gcc/arm-elf/4.0.2/../../../../arm-elf/lib/thumb/interwork/libc.a(memcpy.o)
 .debug_loc     0x00001af7      0x12a /cygdrive/C/cygwin/GNUARM/bin/../lib/gcc/arm-elf/4.0.2/../../../../arm-elf/lib/thumb/interwork/libc.a(memset.o)
 .debug_loc     0x00001c21       0x8e /cygdrive/C/cygwin/GNUARM/bin/../lib/gcc/arm-elf/4.0.2/../../../../arm-elf/lib/thumb/interwork/libc.a(strcmp.o)
 .debug_loc     0x00001caf       0xb4 /cygdrive/C/cygwin/GNUARM/bin/../lib/gcc/arm-elf/4.0.2/../../../../arm-elf/lib/thumb/interwork/libc.a(strcpy.o)
 .debug_loc     0x00001d63       0x3c /cygdrive/C/cygwin/GNUARM/bin/../lib/gcc/arm-elf/4.0.2/../../../../arm-elf/lib/thumb/interwork/libc.a(strlen.o)
 .debug_loc     0x00001d9f      0x156 /cygdrive/C/cygwin/GNUARM/bin/../lib/gcc/arm-elf/4.0.2/../../../../arm-elf/lib/thumb/interwork/libc.a(strncpy.o)
 .debug_loc     0x00001ef5      0x3cf /cygdrive/C/cygwin/GNUARM/bin/../lib/gcc/arm-elf/4.0.2/../../../../arm-elf/lib/thumb/interwork/libc.a(freer.o)

.debug_pubnames
                0x00000000      0x2a3
 .debug_pubnames
                0x00000000       0x1f /cygdrive/C/cygwin/GNUARM/bin/../lib/gcc/arm-elf/4.0.2/thumb/interwork/libgcc.a(_muldi3.o)
 .debug_pubnames
                0x0000001f       0x1f /cygdrive/C/cygwin/GNUARM/bin/../lib/gcc/arm-elf/4.0.2/thumb/interwork/libgcc.a(_divdi3.o)
 .debug_pubnames
                0x0000003e       0x20 /cygdrive/C/cygwin/GNUARM/bin/../lib/gcc/arm-elf/4.0.2/thumb/interwork/libgcc.a(_clz.o)
 .debug_pubnames
                0x0000005e       0x26 /cygdrive/C/cygwin/GNUARM/bin/../lib/gcc/arm-elf/4.0.2/../../../../arm-elf/lib/thumb/interwork/libc.a(malloc.o)
 .debug_pubnames
                0x00000084       0xce /cygdrive/C/cygwin/GNUARM/bin/../lib/gcc/arm-elf/4.0.2/../../../../arm-elf/lib/thumb/interwork/libc.a(mallocr.o)
 .debug_pubnames
                0x00000152       0x1d /cygdrive/C/cygwin/GNUARM/bin/../lib/gcc/arm-elf/4.0.2/../../../../arm-elf/lib/thumb/interwork/libc.a(memcpy.o)
 .debug_pubnames
                0x0000016f       0x1d /cygdrive/C/cygwin/GNUARM/bin/../lib/gcc/arm-elf/4.0.2/../../../../arm-elf/lib/thumb/interwork/libc.a(memset.o)
 .debug_pubnames
                0x0000018c       0x38 /cygdrive/C/cygwin/GNUARM/bin/../lib/gcc/arm-elf/4.0.2/../../../../arm-elf/lib/thumb/interwork/libc.a(mlock.o)
 .debug_pubnames
                0x000001c4       0x1d /cygdrive/C/cygwin/GNUARM/bin/../lib/gcc/arm-elf/4.0.2/../../../../arm-elf/lib/thumb/interwork/libc.a(strcmp.o)
 .debug_pubnames
                0x000001e1       0x1d /cygdrive/C/cygwin/GNUARM/bin/../lib/gcc/arm-elf/4.0.2/../../../../arm-elf/lib/thumb/interwork/libc.a(strcpy.o)
 .debug_pubnames
                0x000001fe       0x1d /cygdrive/C/cygwin/GNUARM/bin/../lib/gcc/arm-elf/4.0.2/../../../../arm-elf/lib/thumb/interwork/libc.a(strlen.o)
 .debug_pubnames
                0x0000021b       0x1e /cygdrive/C/cygwin/GNUARM/bin/../lib/gcc/arm-elf/4.0.2/../../../../arm-elf/lib/thumb/interwork/libc.a(strncpy.o)
 .debug_pubnames
                0x00000239       0x31 /cygdrive/C/cygwin/GNUARM/bin/../lib/gcc/arm-elf/4.0.2/../../../../arm-elf/lib/thumb/interwork/libc.a(freer.o)
 .debug_pubnames
                0x0000026a       0x39 /cygdrive/C/cygwin/GNUARM/bin/../lib/gcc/arm-elf/4.0.2/../../../../arm-elf/lib/thumb/interwork/libc.a(impure.o)

.debug_ranges   0x00000000      0x210
 .debug_ranges  0x00000000       0x30 /cygdrive/C/cygwin/GNUARM/bin/../lib/gcc/arm-elf/4.0.2/thumb/interwork/libgcc.a(_muldi3.o)
 .debug_ranges  0x00000030      0x1a8 /cygdrive/C/cygwin/GNUARM/bin/../lib/gcc/arm-elf/4.0.2/thumb/interwork/libgcc.a(_divdi3.o)
 .debug_ranges  0x000001d8       0x38 /cygdrive/C/cygwin/GNUARM/bin/../lib/gcc/arm-elf/4.0.2/../../../../arm-elf/lib/thumb/interwork/libc.a(mallocr.o)

.debug_str      0x00000000      0xadf
 .debug_str     0x00000000       0xfb /cygdrive/C/cygwin/GNUARM/bin/../lib/gcc/arm-elf/4.0.2/thumb/interwork/libgcc.a(_muldi3.o)
                                0x14f (size before relaxing)
 .debug_str     0x000000fb       0x5d /cygdrive/C/cygwin/GNUARM/bin/../lib/gcc/arm-elf/4.0.2/thumb/interwork/libgcc.a(_divdi3.o)
                                0x1a3 (size before relaxing)
 .debug_str     0x00000158        0x0 /cygdrive/C/cygwin/GNUARM/bin/../lib/gcc/arm-elf/4.0.2/thumb/interwork/libgcc.a(_clz.o)
                                0x104 (size before relaxing)
 .debug_str     0x00000158      0x40d /cygdrive/C/cygwin/GNUARM/bin/../lib/gcc/arm-elf/4.0.2/../../../../arm-elf/lib/thumb/interwork/libc.a(malloc.o)
                                0x4c7 (size before relaxing)
 .debug_str     0x00000565      0x20c /cygdrive/C/cygwin/GNUARM/bin/../lib/gcc/arm-elf/4.0.2/../../../../arm-elf/lib/thumb/interwork/libc.a(mallocr.o)
                                0x6a8 (size before relaxing)
 .debug_str     0x00000771       0xac /cygdrive/C/cygwin/GNUARM/bin/../lib/gcc/arm-elf/4.0.2/../../../../arm-elf/lib/thumb/interwork/libc.a(memcpy.o)
                                 0xdf (size before relaxing)
 .debug_str     0x0000081d       0x5a /cygdrive/C/cygwin/GNUARM/bin/../lib/gcc/arm-elf/4.0.2/../../../../arm-elf/lib/thumb/interwork/libc.a(memset.o)
                                0x129 (size before relaxing)
 .debug_str     0x00000877       0x71 /cygdrive/C/cygwin/GNUARM/bin/../lib/gcc/arm-elf/4.0.2/../../../../arm-elf/lib/thumb/interwork/libc.a(mlock.o)
                                0x4ce (size before relaxing)
 .debug_str     0x000008e8       0x46 /cygdrive/C/cygwin/GNUARM/bin/../lib/gcc/arm-elf/4.0.2/../../../../arm-elf/lib/thumb/interwork/libc.a(strcmp.o)
                                0x10e (size before relaxing)
 .debug_str     0x0000092e       0x46 /cygdrive/C/cygwin/GNUARM/bin/../lib/gcc/arm-elf/4.0.2/../../../../arm-elf/lib/thumb/interwork/libc.a(strcpy.o)
                                0x130 (size before relaxing)
 .debug_str     0x00000974       0x4c /cygdrive/C/cygwin/GNUARM/bin/../lib/gcc/arm-elf/4.0.2/../../../../arm-elf/lib/thumb/interwork/libc.a(strlen.o)
                                0x128 (size before relaxing)
 .debug_str     0x000009c0       0x48 /cygdrive/C/cygwin/GNUARM/bin/../lib/gcc/arm-elf/4.0.2/../../../../arm-elf/lib/thumb/interwork/libc.a(strncpy.o)
                                0x13f (size before relaxing)
 .debug_str     0x00000a08       0x3c /cygdrive/C/cygwin/GNUARM/bin/../lib/gcc/arm-elf/4.0.2/../../../../arm-elf/lib/thumb/interwork/libc.a(freer.o)
                                0x5fa (size before relaxing)
 .debug_str     0x00000a44       0x9b /cygdrive/C/cygwin/GNUARM/bin/../lib/gcc/arm-elf/4.0.2/../../../../arm-elf/lib/thumb/interwork/libc.a(impure.o)
                                0x4c5 (size before relaxing)

Cross Reference Table

Symbol                                            File
ActivateTask                                      build/kernel/task_manage.o
AssertDeviceConstructor                           build/rtoscalls.o
                                                  /nxtOSEK/ecrobot/../ecrobot/libecrobot++.a(Usb.o)
                                                  /nxtOSEK/ecrobot/../ecrobot/libecrobot++.a(Motor.o)
CancelAlarm                                       build/kernel/alarm.o
ChainTask                                         build/kernel/task_manage.o
ClearEvent                                        build/kernel/event.o
                                                  build/rtoscalls.o
DisableAllInterrupts                              build/kernel/interrupt.o
EnableAllInterrupts                               build/kernel/interrupt.o
ErrorHook                                         /nxtOSEK/ecrobot/../ecrobot/libecrobot.a(osek_hook.o)
                                                  build/kernel/osctl.o
EventSleep                                        build/rtoscalls.o
EventSleepI2C                                     build/rtoscalls.o
GetActiveApplicationMode                          build/kernel/osctl.o
GetAlarm                                          build/kernel/alarm.o
GetAlarmBase                                      build/kernel/alarm.o
GetEvent                                          build/kernel/event.o
GetResource                                       build/kernel/resource.o
                                                  build//nxtOSEK/ecrobot/../NXtpandedLib/src/NOstream.o
GetTaskID                                         build/kernel/task_manage.o
                                                  build/rtoscalls.o
GetTaskState                                      build/kernel/task_manage.o
NXT_COLORSENSOR_PROTOCOLS                         /nxtOSEK/ecrobot/../ecrobot/libecrobot.a(ecrobot_interface.o)
NXT_Entry_Point                                   build/nxt_entry_point.o
                                                  build/nxt_binary_header.o
PostTaskHook                                      /nxtOSEK/ecrobot/../ecrobot/libecrobot.a(osek_hook.o)
                                                  build/config/at91sam7s-gnu/cpu_support.oram
                                                  build/kernel/osctl.o
PreTaskHook                                       /nxtOSEK/ecrobot/../ecrobot/libecrobot.a(osek_hook.o)
                                                  build/config/at91sam7s-gnu/cpu_support.oram
                                                  build/kernel/osctl.o
ReleaseResource                                   build/kernel/resource.o
                                                  build//nxtOSEK/ecrobot/../NXtpandedLib/src/NOstream.o
ResumeAllInterrupts                               build/kernel/interrupt.o
ResumeOSInterrupts                                build/kernel/interrupt.o
Schedule                                          build/kernel/task_manage.o
SetAbsAlarm                                       build/kernel/alarm.o
SetEvent                                          build/kernel/event.o
                                                  build/rtoscalls.o
SetRelAlarm                                       build/kernel/alarm.o
ShutdownHook                                      /nxtOSEK/ecrobot/../ecrobot/libecrobot.a(osek_hook.o)
                                                  build/kernel/osctl.o
ShutdownOS                                        build/kernel/osctl.o
SignalCounter                                     build/kernel/alarm.o
Sleep                                             build/rtoscalls.o
                                                  /nxtOSEK/ecrobot/../ecrobot/libecrobot++.a(Clock.o)
                                                  build//nxtOSEK/ecrobot/../NXtpandedLib/src/Motorcontroller.o
SleepI2C                                          build/rtoscalls.o
SleeperMonitor                                    build/rtoscalls.o
StartOS                                           build/kernel/osctl.o
                                                  build/ecrobot.o
StartupHook                                       /nxtOSEK/ecrobot/../ecrobot/libecrobot.a(osek_hook.o)
                                                  build/kernel/osctl.o
SuspendAllInterrupts                              build/kernel/interrupt.o
SuspendOSInterrupts                               build/kernel/interrupt.o
TaskMain                                          build/./kernel_cfg.o
TaskMainTaskMain                                  build/sample.o
                                                  build/./kernel_cfg.o
TerminateTask                                     build/kernel/task_manage.o
WaitEvent                                         build/kernel/event.o
                                                  build/rtoscalls.o
____eqsf2_change_to_arm                           /cygdrive/C/cygwin/GNUARM/bin/../lib/gcc/arm-elf/4.0.2/../../../../arm-elf/lib/thumb/interwork/libc.a(freer.o)
____eqsf2_from_thumb                              /cygdrive/C/cygwin/GNUARM/bin/../lib/gcc/arm-elf/4.0.2/../../../../arm-elf/lib/thumb/interwork/libc.a(freer.o)
____floatsidf_change_to_arm                       /cygdrive/C/cygwin/GNUARM/bin/../lib/gcc/arm-elf/4.0.2/../../../../arm-elf/lib/thumb/interwork/libc.a(freer.o)
____floatsidf_from_thumb                          /cygdrive/C/cygwin/GNUARM/bin/../lib/gcc/arm-elf/4.0.2/../../../../arm-elf/lib/thumb/interwork/libc.a(freer.o)
____gtdf2_change_to_arm                           /cygdrive/C/cygwin/GNUARM/bin/../lib/gcc/arm-elf/4.0.2/../../../../arm-elf/lib/thumb/interwork/libc.a(freer.o)
____gtdf2_from_thumb                              /cygdrive/C/cygwin/GNUARM/bin/../lib/gcc/arm-elf/4.0.2/../../../../arm-elf/lib/thumb/interwork/libc.a(freer.o)
____muldf3_change_to_arm                          /cygdrive/C/cygwin/GNUARM/bin/../lib/gcc/arm-elf/4.0.2/../../../../arm-elf/lib/thumb/interwork/libc.a(freer.o)
____muldf3_from_thumb                             /cygdrive/C/cygwin/GNUARM/bin/../lib/gcc/arm-elf/4.0.2/../../../../arm-elf/lib/thumb/interwork/libc.a(freer.o)
__adddf3                                          /cygdrive/C/cygwin/GNUARM/bin/../lib/gcc/arm-elf/4.0.2/thumb/interwork/libgcc.a(_addsubdf3.o)
__aeabi_cdcmpeq                                   /cygdrive/C/cygwin/GNUARM/bin/../lib/gcc/arm-elf/4.0.2/thumb/interwork/libgcc.a(_cmpdf2.o)
__aeabi_cdcmple                                   /cygdrive/C/cygwin/GNUARM/bin/../lib/gcc/arm-elf/4.0.2/thumb/interwork/libgcc.a(_cmpdf2.o)
__aeabi_cdrcmple                                  /cygdrive/C/cygwin/GNUARM/bin/../lib/gcc/arm-elf/4.0.2/thumb/interwork/libgcc.a(_cmpdf2.o)
__aeabi_cfcmpeq                                   /cygdrive/C/cygwin/GNUARM/bin/../lib/gcc/arm-elf/4.0.2/thumb/interwork/libgcc.a(_cmpsf2.o)
__aeabi_cfcmple                                   /cygdrive/C/cygwin/GNUARM/bin/../lib/gcc/arm-elf/4.0.2/thumb/interwork/libgcc.a(_cmpsf2.o)
__aeabi_cfrcmple                                  /cygdrive/C/cygwin/GNUARM/bin/../lib/gcc/arm-elf/4.0.2/thumb/interwork/libgcc.a(_cmpsf2.o)
__aeabi_dadd                                      /cygdrive/C/cygwin/GNUARM/bin/../lib/gcc/arm-elf/4.0.2/thumb/interwork/libgcc.a(_addsubdf3.o)
__aeabi_dcmpeq                                    /cygdrive/C/cygwin/GNUARM/bin/../lib/gcc/arm-elf/4.0.2/thumb/interwork/libgcc.a(_cmpdf2.o)
__aeabi_dcmpge                                    /cygdrive/C/cygwin/GNUARM/bin/../lib/gcc/arm-elf/4.0.2/thumb/interwork/libgcc.a(_cmpdf2.o)
__aeabi_dcmpgt                                    /cygdrive/C/cygwin/GNUARM/bin/../lib/gcc/arm-elf/4.0.2/thumb/interwork/libgcc.a(_cmpdf2.o)
__aeabi_dcmple                                    /cygdrive/C/cygwin/GNUARM/bin/../lib/gcc/arm-elf/4.0.2/thumb/interwork/libgcc.a(_cmpdf2.o)
__aeabi_dcmplt                                    /cygdrive/C/cygwin/GNUARM/bin/../lib/gcc/arm-elf/4.0.2/thumb/interwork/libgcc.a(_cmpdf2.o)
__aeabi_ddiv                                      /cygdrive/C/cygwin/GNUARM/bin/../lib/gcc/arm-elf/4.0.2/thumb/interwork/libgcc.a(_muldivdf3.o)
__aeabi_dmul                                      /cygdrive/C/cygwin/GNUARM/bin/../lib/gcc/arm-elf/4.0.2/thumb/interwork/libgcc.a(_muldivdf3.o)
__aeabi_drsub                                     /cygdrive/C/cygwin/GNUARM/bin/../lib/gcc/arm-elf/4.0.2/thumb/interwork/libgcc.a(_addsubdf3.o)
__aeabi_dsub                                      /cygdrive/C/cygwin/GNUARM/bin/../lib/gcc/arm-elf/4.0.2/thumb/interwork/libgcc.a(_addsubdf3.o)