Archive member included because of file (symbol)

/nxtOSEK/ecrobot/../ecrobot/libecrobot++.a(Clock.o)
                              build/sample.o (_ZN7ecrobot5ClockC1Ev)
/nxtOSEK/ecrobot/../ecrobot/libecrobot++.a(Motor.o)
                              build//nxtOSEK/ecrobot/../NXtpandedLib/src/Motorcontroller.o (_ZN7ecrobot5Motor6setPWMEa)
/nxtOSEK/ecrobot/../ecrobot/libecrobot++.a(Usb.o)
                              build//nxtOSEK/ecrobot/../NXtpandedLib/src/NCom.o (_ZN7ecrobot3Usb4sendEPhmm)
/nxtOSEK/ecrobot/../ecrobot/libecrobot.a(ecrobot_usb.o)
                              /nxtOSEK/ecrobot/../ecrobot/libecrobot++.a(Usb.o) (ecrobot_init_usb)
/nxtOSEK/ecrobot/../ecrobot/libecrobot.a(ecrobot_device_hook.o)
                              build/ecrobot.o (ecrobot_device_initialize)
/nxtOSEK/ecrobot/../ecrobot/libecrobot.a(ecrobot_interface.o)
                              build/ecrobot_base.o (ecrobot_get_battery_voltage)
/nxtOSEK/ecrobot/../ecrobot/libecrobot.a(colorsensor.o)
                              /nxtOSEK/ecrobot/../ecrobot/libecrobot.a(ecrobot_interface.o) (colorsensor_init)
/nxtOSEK/ecrobot/../ecrobot/libecrobot.a(osek_hook.o)
                              build/kernel/osctl.o (StartupHook)
/nxtOSEK/ecrobot/../ecrobot/libecrobot.a(uart.oram)
                              build/config/at91sam7s-gnu/irq.oram (uart_isr_C_0)
/nxtOSEK/ecrobot/../ecrobot/libecrobot.a(systick.oram)
                              build/syslib/at91sam7s-gnu/lego_nxt/hw_sys_timer.oram (systick_low_priority_C)
/nxtOSEK/ecrobot/../ecrobot/libecrobot.a(byte_fifo.oram)
                              /nxtOSEK/ecrobot/../ecrobot/libecrobot.a(uart.oram) (byte_fifo_put)
/nxtOSEK/ecrobot/../ecrobot/libecrobot.a(aic.oram)
                              /nxtOSEK/ecrobot/../ecrobot/libecrobot.a(uart.oram) (aic_set_vector)
/nxtOSEK/ecrobot/../ecrobot/libecrobot.a(udp.oram)
                              /nxtOSEK/ecrobot/../ecrobot/libecrobot.a(ecrobot_usb.o) (udp_read)
/nxtOSEK/ecrobot/../ecrobot/libecrobot.a(twi.oram)
                              build/config/at91sam7s-gnu/irq.oram (twi_isr_C)
/nxtOSEK/ecrobot/../ecrobot/libecrobot.a(nxt_spi.oram)
                              build/config/at91sam7s-gnu/irq.oram (spi_isr_C)
/nxtOSEK/ecrobot/../ecrobot/libecrobot.a(nxt_motors.oram)
                              build//nxtOSEK/ecrobot/../NXtpandedLib/src/Motorcontroller.o (nxt_motor_get_count)
/nxtOSEK/ecrobot/../ecrobot/libecrobot.a(data_abort.oram)
                              build/ecrobot_init.o (data_abort_C)
/nxtOSEK/ecrobot/../ecrobot/libecrobot.a(display.oram)
                              build/rtoscalls.o (display_update)
/nxtOSEK/ecrobot/../ecrobot/libecrobot.a(i2c.oram)
                              build/config/at91sam7s-gnu/irq.oram (i2c_timer_isr_C)
/nxtOSEK/ecrobot/../ecrobot/libecrobot.a(sound.oram)
                              /nxtOSEK/ecrobot/../ecrobot/libecrobot.a(ecrobot_interface.o) (sound_get_time)
/nxtOSEK/ecrobot/../ecrobot/libecrobot.a(bt.oram)
                              build/ecrobot_bluetooth.o (bt_send)
/nxtOSEK/ecrobot/../ecrobot/libecrobot.a(nxt_avr.oram)
                              build/ecrobot_base.o (nxt_avr_power_down)
/nxtOSEK/ecrobot/../ecrobot/libecrobot.a(sensors.oram)
                              /nxtOSEK/ecrobot/../ecrobot/libecrobot.a(ecrobot_interface.o) (unset_digi0)
/nxtOSEK/ecrobot/../ecrobot/libecrobot.a(sensors1.oram)
                              /nxtOSEK/ecrobot/../ecrobot/libecrobot.a(colorsensor.o) (sensor_pins)
/nxtOSEK/ecrobot/../ecrobot/libecrobot.a(nxt_lcd.oram)
                              /nxtOSEK/ecrobot/../ecrobot/libecrobot.a(display.oram) (nxt_lcd_force_update)
/nxtOSEK/ecrobot/../ecrobot/libecrobot.a(flash_loader.oram)
                              build/ecrobot_base.o (set_flash_request)
/nxtOSEK/ecrobot/../ecrobot/libecrobot.a(interrupts.oram)
                              /nxtOSEK/ecrobot/../ecrobot/libecrobot.a(uart.oram) (interrupts_get_and_disable)
/nxtOSEK/ecrobot/../ecrobot/libecrobot.a(nxtosek_splash.obmp)
                              build/ecrobot_base.o (nxtosek_splash_bmp_start)
/nxtOSEK/ecrobot/../ecrobot/libecrobot.a(flashprog.oram)
                              /nxtOSEK/ecrobot/../ecrobot/libecrobot.a(flash_loader.oram) (flash_write_page)
/cygdrive/C/cygwin/GNUARM/bin/../lib/gcc/arm-elf/4.0.2/thumb/interwork/libgcc.a(_udivsi3.o)
                              build/ecrobot_base.o (__udivsi3)
/cygdrive/C/cygwin/GNUARM/bin/../lib/gcc/arm-elf/4.0.2/thumb/interwork/libgcc.a(_divsi3.o)
                              build//nxtOSEK/ecrobot/../NXtpandedLib/src/StringConvert.o (__divsi3)
/cygdrive/C/cygwin/GNUARM/bin/../lib/gcc/arm-elf/4.0.2/thumb/interwork/libgcc.a(_umodsi3.o)
                              build//nxtOSEK/ecrobot/../NXtpandedLib/src/StringConvert.o (__umodsi3)
/cygdrive/C/cygwin/GNUARM/bin/../lib/gcc/arm-elf/4.0.2/thumb/interwork/libgcc.a(_modsi3.o)
[...]
Memory Configuration

Name             Origin             Length             Attributes
header_ram       0x001ffff0         0x00000010
vector_ram       0x00200000         0x00000040
ram              0x00200040         0x0000ffc0
*default*        0x00000000         0xffffffff

Linker script and memory map

LOAD build/kernel/alarm.o
LOAD build/kernel/event.o
LOAD build/kernel/interrupt.o
LOAD build/kernel/osctl.o
LOAD build/kernel/resource.o
LOAD build/kernel/task.o
LOAD build/kernel/task_manage.o
LOAD build/config/at91sam7s-gnu/cpu_config.o
LOAD build/config/at91sam7s-gnu/lego_nxt/sys_config.o
LOAD build/./kernel_cfg.o
LOAD build/rtoscalls.o
LOAD build/syscalls.o
LOAD build/ecrobot_bluetooth.o
LOAD build/ecrobot_base.o
LOAD build/ecrobot.o
LOAD build/syslib/at91sam7s-gnu/lego_nxt/hw_sys_timer.oram
LOAD build//nxtOSEK/ecrobot/../NXtpandedLib/src/StringConvert.o
LOAD build//nxtOSEK/ecrobot/../NXtpandedLib/src/NOstream.o
LOAD build//nxtOSEK/ecrobot/../NXtpandedLib/src/NString.o
LOAD build//nxtOSEK/ecrobot/../NXtpandedLib/src/NLabel.o
LOAD build//nxtOSEK/ecrobot/../NXtpandedLib/src/NPairBox.o
LOAD build//nxtOSEK/ecrobot/../NXtpandedLib/src/LcdDrawer.o
LOAD build//nxtOSEK/ecrobot/../NXtpandedLib/src/NCom.o
LOAD build//nxtOSEK/ecrobot/../NXtpandedLib/src/NComSingle.o
LOAD build//nxtOSEK/ecrobot/../NXtpandedLib/src/Motorcontroller.o
LOAD build/sample.o
LOAD build/nxtvm/platform/nxt/vectors.o
LOAD build/config/at91sam7s-gnu/debug.o
LOAD build/config/at91sam7s-gnu/lego_nxt/sys_support.o
LOAD build/nxt_binary_header.o
LOAD build/nxt_entry_point.o
LOAD build/ecrobot_init.o
LOAD build/config/at91sam7s-gnu/cpu_support.oram
LOAD build/config/at91sam7s-gnu/irq.oram
LOAD /nxtOSEK/ecrobot/../ecrobot/libecrobot++.a
LOAD /nxtOSEK/ecrobot/../ecrobot/libecrobot.a
LOAD /cygdrive/C/cygwin/GNUARM/bin/../lib/gcc/arm-elf/4.0.2/../../../../arm-elf/lib/thumb/interwork/libstdc++.a
LOAD /cygdrive/C/cygwin/GNUARM/bin/../lib/gcc/arm-elf/4.0.2/../../../../arm-elf/lib/thumb/interwork/libm.a
LOAD /cygdrive/C/cygwin/GNUARM/bin/../lib/gcc/arm-elf/4.0.2/thumb/interwork/libgcc.a
LOAD /cygdrive/C/cygwin/GNUARM/bin/../lib/gcc/arm-elf/4.0.2/../../../../arm-elf/lib/thumb/interwork/libc.a
LOAD /cygdrive/C/cygwin/GNUARM/bin/../lib/gcc/arm-elf/4.0.2/thumb/interwork/libgcc.a
                0x00200000                RAM_BASE = 0x200000
                0x00010000                RAM_SIZE = 0x10000

.header         0x001ffff0       0x10
 *nxt_binary_header.o(*.text *.text.*)
 .text          0x001ffff0       0x10 build/nxt_binary_header.o
                0x00200000                . = ALIGN (0x10)

.vectors        0x00200000       0x40
 vectors.o(*.text *.text.*)
 .text          0x00200000       0x38 build/nxtvm/platform/nxt/vectors.o
                0x00200040                . = ALIGN (0x10)
 *fill*         0x00200038        0x8 00
                0x00200000                __vectors_ram_start__ = ADDR (.vectors)
                0x00200040                __vectors_ram_end__ = (ADDR (.vectors) + SIZEOF (.vectors))
                0x00200000                __vectors_load_start__ = LOADADDR (.vectors)
                0x00200040                __vectors_load_end__ = (LOADADDR (.vectors) + SIZEOF (.vectors))

.entry          0x00200040       0x40
 *nxt_entry_point.o(*.text *.text.*)
 .text          0x00200040       0x38 build/nxt_entry_point.o
                0x00200040                NXT_Entry_Point
                0x00200080                . = ALIGN (0x10)
 *fill*         0x00200078        0x8 00

.init           0x00200080      0x280
 *ecrobot_init.o(*.text *.text.*)
 .text          0x00200080      0x280 build/ecrobot_init.o
                0x002001ec                undef_handler
                0x002001f4                prefetch_abort_handler
                0x002001f8                data_abort_handler
                0x002001f0                swi_handler
                0x00200080                start
                0x00200214                reserved_handler
                0x00200300                . = ALIGN (0x10)

.ram_text       0x00200300     0x2f30
                0x00200300                . = ALIGN (0x10)
 *.oram(*.text *.text.* *.glue*)
 .text.systick_isr_C1
                0x00200300       0x28 build/syslib/at91sam7s-gnu/lego_nxt/hw_sys_timer.oram
                0x00200300                systick_isr_C1
 *fill*         0x00200328        0x8 00
 .text          0x00200330      0x230 build/config/at91sam7s-gnu/cpu_support.oram
                0x00200510                enable_int
                0x002003b0                start_dispatch
                0x00200370                activate_r
                0x00200508                disable_int
                0x00200330                dispatch
                0x002004dc                int_return
                0x0020046c                _interrupt
                0x002003a0                exit_and_dispatch
                0x00200518                nop
 .text          0x00200560      0x2c0 build/config/at91sam7s-gnu/irq.oram
                0x00200560                default_isr
                0x002006ec                uart_isr_entry_0
                0x0020066c                twi_isr_entry
                0x0020072c                uart_isr_entry_1
                0x0020062c                spi_isr_entry
                0x002005ac                systick_low_priority_entry
                0x0020076c                nxt_motor_isr_entry
                0x002007ac                i2c_timer_isr_entry
                0x00200560                default_fiq
                0x00200564                systick_isr_entry
                0x00200560                spurious_isr
                0x002006ac                sound_isr_entry
                0x002005ec                udp_isr_entry
 .text.uart_process_isr
                0x00200820       0x88 /nxtOSEK/ecrobot/../ecrobot/libecrobot.a(uart.oram)
 .text.uart_isr_C_0
                0x002008a8        0xc /nxtOSEK/ecrobot/../ecrobot/libecrobot.a(uart.oram)
                0x002008a8                uart_isr_C_0
 .text.uart_isr_C_1
                0x002008b4        0xc /nxtOSEK/ecrobot/../ecrobot/libecrobot.a(uart.oram)
                0x002008b4                uart_isr_C_1
 .text.systick_low_priority_C
                0x002008c0       0x1c /nxtOSEK/ecrobot/../ecrobot/libecrobot.a(systick.oram)
                0x002008c0                systick_low_priority_C
 .text.systick_isr_C
                0x002008dc       0x24 /nxtOSEK/ecrobot/../ecrobot/libecrobot.a(systick.oram)
                0x002008dc                systick_isr_C
 .text.systick_get_ms
                0x00200900        0xc /nxtOSEK/ecrobot/../ecrobot/libecrobot.a(systick.oram)
                0x00200900                systick_get_ms
 .text.systick_wait_ms
                0x0020090c       0x1c /nxtOSEK/ecrobot/../ecrobot/libecrobot.a(systick.oram)
                0x0020090c                systick_wait_ms
 .text.systick_wait_ns
                0x00200928       0x1c /nxtOSEK/ecrobot/../ecrobot/libecrobot.a(systick.oram)
                0x00200928                systick_wait_ns
 .text.systick_init
                0x00200944       0x58 /nxtOSEK/ecrobot/../ecrobot/libecrobot.a(systick.oram)
                0x00200944                systick_init
 .text.systick_suspend
                0x0020099c        0xc /nxtOSEK/ecrobot/../ecrobot/libecrobot.a(systick.oram)
                0x0020099c                systick_suspend
 .text.systick_resume
                0x002009a8        0xc /nxtOSEK/ecrobot/../ecrobot/libecrobot.a(systick.oram)
                0x002009a8                systick_resume
 .text.byte_fifo_put
                0x002009b4       0x58 /nxtOSEK/ecrobot/../ecrobot/libecrobot.a(byte_fifo.oram)
                0x002009b4                byte_fifo_put
 .text.byte_fifo_get
                0x00200a0c       0x2c /nxtOSEK/ecrobot/../ecrobot/libecrobot.a(byte_fifo.oram)
                0x00200a0c                byte_fifo_get
 .text.aic_initialise
                0x00200a38       0x5c /nxtOSEK/ecrobot/../ecrobot/libecrobot.a(aic.oram)
                0x00200a38                aic_initialise
 .text.aic_set_vector
                0x00200a94       0x30 /nxtOSEK/ecrobot/../ecrobot/libecrobot.a(aic.oram)
                0x00200a94                aic_set_vector
 .text.aic_mask_on
                0x00200ac4       0x24 /nxtOSEK/ecrobot/../ecrobot/libecrobot.a(aic.oram)
                0x00200ac4                aic_mask_on
 .text.aic_mask_off
                0x00200ae8       0x24 /nxtOSEK/ecrobot/../ecrobot/libecrobot.a(aic.oram)
                0x00200ae8                aic_mask_off
 .text.aic_clear
                0x00200b0c       0x24 /nxtOSEK/ecrobot/../ecrobot/libecrobot.a(aic.oram)
                0x00200b0c                aic_clear
 .text.reset    0x00200b30       0x4c /nxtOSEK/ecrobot/../ecrobot/libecrobot.a(udp.oram)
 .text.udp_send_null
                0x00200b7c       0x2c /nxtOSEK/ecrobot/../ecrobot/libecrobot.a(udp.oram)
 .text.udp_send_stall
                0x00200ba8       0x2c /nxtOSEK/ecrobot/../ecrobot/libecrobot.a(udp.oram)
 .text.udp_send_control
                0x00200bd4       0x60 /nxtOSEK/ecrobot/../ecrobot/libecrobot.a(udp.oram)
 .text.udp_isr_C
                0x00200c34      0x7d0 /nxtOSEK/ecrobot/../ecrobot/libecrobot.a(udp.oram)
                0x00200c34                udp_isr_C
 .text.twi_status
                0x00201404       0x20 /nxtOSEK/ecrobot/../ecrobot/libecrobot.a(twi.oram)
                0x00201404                twi_status
 .text.twi_isr_C
                0x00201424       0xc4 /nxtOSEK/ecrobot/../ecrobot/libecrobot.a(twi.oram)
                0x00201424                twi_isr_C
 .text.twi_reset
                0x002014e8       0xb4 /nxtOSEK/ecrobot/../ecrobot/libecrobot.a(twi.oram)
                0x002014e8                twi_reset
 .text.twi_init
                0x0020159c       0x4c /nxtOSEK/ecrobot/../ecrobot/libecrobot.a(twi.oram)
                0x0020159c                twi_init
 .text.twi_start_read
                0x002015e8       0x60 /nxtOSEK/ecrobot/../ecrobot/libecrobot.a(twi.oram)
                0x002015e8                twi_start_read
 .text.twi_start_write
                0x00201648       0x64 /nxtOSEK/ecrobot/../ecrobot/libecrobot.a(twi.oram)
                0x00201648                twi_start_write
 .text.spi_set_mode
                0x002016ac       0x40 /nxtOSEK/ecrobot/../ecrobot/libecrobot.a(nxt_spi.oram)
 .text.spi_isr_C
                0x002016ec       0x8c /nxtOSEK/ecrobot/../ecrobot/libecrobot.a(nxt_spi.oram)
                0x002016ec                spi_isr_C
 .text.nxt_spi_init
                0x00201778      0x12c /nxtOSEK/ecrobot/../ecrobot/libecrobot.a(nxt_spi.oram)
                0x00201778                nxt_spi_init
 .text.nxt_spi_write
                0x002018a4       0x44 /nxtOSEK/ecrobot/../ecrobot/libecrobot.a(nxt_spi.oram)
                0x002018a4                nxt_spi_write
 .text.nxt_spi_set_display
                0x002018e8       0x10 /nxtOSEK/ecrobot/../ecrobot/libecrobot.a(nxt_spi.oram)
                0x002018e8                nxt_spi_set_display
 .text.nxt_spi_refresh
                0x002018f8       0x24 /nxtOSEK/ecrobot/../ecrobot/libecrobot.a(nxt_spi.oram)
                0x002018f8                nxt_spi_refresh
 .text.nxt_motor_set_count
                0x0020191c       0x10 /nxtOSEK/ecrobot/../ecrobot/libecrobot.a(nxt_motors.oram)
                0x0020191c                nxt_motor_set_count
 .text.nxt_motor_1kHz_process
                0x0020192c       0x28 /nxtOSEK/ecrobot/../ecrobot/libecrobot.a(nxt_motors.oram)
                0x0020192c                nxt_motor_1kHz_process
 .text.nxt_motor_quad_decode
                0x00201954       0x30 /nxtOSEK/ecrobot/../ecrobot/libecrobot.a(nxt_motors.oram)
                0x00201954                nxt_motor_quad_decode
 .text.nxt_motor_isr_C
                0x00201984       0x88 /nxtOSEK/ecrobot/../ecrobot/libecrobot.a(nxt_motors.oram)
                0x00201984                nxt_motor_isr_C
 .text.nxt_motor_init
                0x00201a0c       0x68 /nxtOSEK/ecrobot/../ecrobot/libecrobot.a(nxt_motors.oram)
                0x00201a0c                nxt_motor_init
 .text.data_abort_C
                0x00201a74       0x7c /nxtOSEK/ecrobot/../ecrobot/libecrobot.a(data_abort.oram)
                0x00201a74                data_abort_C
 .text.display_update
                0x00201af0       0x14 /nxtOSEK/ecrobot/../ecrobot/libecrobot.a(display.oram)
                0x00201af0                display_update
 .text.display_force_update
                0x00201b04        0xc /nxtOSEK/ecrobot/../ecrobot/libecrobot.a(display.oram)
                0x00201b04                display_force_update
 .text.display_clear
                0x00201b10       0x24 /nxtOSEK/ecrobot/../ecrobot/libecrobot.a(display.oram)
                0x00201b10                display_clear
 .text.display_goto_xy
                0x00201b34       0x14 /nxtOSEK/ecrobot/../ecrobot/libecrobot.a(display.oram)
                0x00201b34                display_goto_xy
 .text.display_char
                0x00201b48       0x60 /nxtOSEK/ecrobot/../ecrobot/libecrobot.a(display.oram)
                0x00201b48                display_char
 .text.display_string
                0x00201ba8       0x3c /nxtOSEK/ecrobot/../ecrobot/libecrobot.a(display.oram)
                0x00201ba8                display_string
 .text.display_hex
                0x00201be4       0x50 /nxtOSEK/ecrobot/../ecrobot/libecrobot.a(display.oram)
                0x00201be4                display_hex
 .text.display_unsigned_worker
                0x00201c34       0x70 /nxtOSEK/ecrobot/../ecrobot/libecrobot.a(display.oram)
 .text.display_unsigned
                0x00201ca4        0xc /nxtOSEK/ecrobot/../ecrobot/libecrobot.a(display.oram)
                0x00201ca4                display_unsigned
 .text.display_bitmap_copy
                0x00201cb0       0x5c /nxtOSEK/ecrobot/../ecrobot/libecrobot.a(display.oram)
                0x00201cb0                display_bitmap_copy
 .text.display_get_buffer
                0x00201d0c        0xc /nxtOSEK/ecrobot/../ecrobot/libecrobot.a(display.oram)
                0x00201d0c                display_get_buffer
 .text.display_init
                0x00201d18       0x50 /nxtOSEK/ecrobot/../ecrobot/libecrobot.a(display.oram)
                0x00201d18                display_init
 .text.i2c_timer_isr_C
                0x00201d68      0x314 /nxtOSEK/ecrobot/../ecrobot/libecrobot.a(i2c.oram)
                0x00201d68                i2c_timer_isr_C
 .text.i2c_disable
                0x0020207c       0x20 /nxtOSEK/ecrobot/../ecrobot/libecrobot.a(i2c.oram)
                0x0020207c                i2c_disable
 .text.i2c_init
                0x0020209c       0xa4 /nxtOSEK/ecrobot/../ecrobot/libecrobot.a(i2c.oram)
                0x0020209c                i2c_init
 .text.sound_fill_sample_buffer
                0x00202140       0xe4 /nxtOSEK/ecrobot/../ecrobot/libecrobot.a(sound.oram)
                0x00202140                sound_fill_sample_buffer
 .text.sound_init
                0x00202224       0xa0 /nxtOSEK/ecrobot/../ecrobot/libecrobot.a(sound.oram)
                0x00202224                sound_init
 .text.sound_isr_C
                0x002022c4      0x180 /nxtOSEK/ecrobot/../ecrobot/libecrobot.a(sound.oram)
                0x002022c4                sound_isr_C
 .text.bt_init  0x00202444      0x1c0 /nxtOSEK/ecrobot/../ecrobot/libecrobot.a(bt.oram)
                0x00202444                bt_init
 .text.nxt_avr_power_down
                0x00202604       0x10 /nxtOSEK/ecrobot/../ecrobot/libecrobot.a(nxt_avr.oram)
                0x00202604                nxt_avr_power_down
 .text.nxt_avr_link_init
                0x00202614       0x20 /nxtOSEK/ecrobot/../ecrobot/libecrobot.a(nxt_avr.oram)
                0x00202614                nxt_avr_link_init
 .text.nxt_avr_init
                0x00202634       0x6c /nxtOSEK/ecrobot/../ecrobot/libecrobot.a(nxt_avr.oram)
                0x00202634                nxt_avr_init
 .text.nxt_avr_1kHz_update
                0x002026a0      0x1cc /nxtOSEK/ecrobot/../ecrobot/libecrobot.a(nxt_avr.oram)
                0x002026a0                nxt_avr_1kHz_update
 .text.buttons_get
                0x0020286c        0xc /nxtOSEK/ecrobot/../ecrobot/libecrobot.a(nxt_avr.oram)
                0x0020286c                buttons_get
 .text.battery_voltage
                0x00202878       0x28 /nxtOSEK/ecrobot/../ecrobot/libecrobot.a(nxt_avr.oram)
                0x00202878                battery_voltage
 .text.nxt_avr_set_input_power
                0x002028a0       0x3c /nxtOSEK/ecrobot/../ecrobot/libecrobot.a(nxt_avr.oram)
                0x002028a0                nxt_avr_set_input_power
 .text.unset_digi0
                0x002028dc       0x44 /nxtOSEK/ecrobot/../ecrobot/libecrobot.a(sensors.oram)
                0x002028dc                unset_digi0
 .text.unset_digi1
                0x00202920       0x44 /nxtOSEK/ecrobot/../ecrobot/libecrobot.a(sensors.oram)
                0x00202920                unset_digi1
 .text.init_sensors
                0x00202964       0x4c /nxtOSEK/ecrobot/../ecrobot/libecrobot.a(sensors.oram)
                0x00202964                init_sensors
 .text.nxt_lcd_command
                0x002029b0       0x18 /nxtOSEK/ecrobot/../ecrobot/libecrobot.a(nxt_lcd.oram)
                0x002029b0                nxt_lcd_command
 .text.nxt_lcd_set_col
                0x002029c8       0x24 /nxtOSEK/ecrobot/../ecrobot/libecrobot.a(nxt_lcd.oram)
                0x002029c8                nxt_lcd_set_col
 .text.nxt_lcd_set_multiplex_rate
                0x002029ec       0x18 /nxtOSEK/ecrobot/../ecrobot/libecrobot.a(nxt_lcd.oram)
                0x002029ec                nxt_lcd_set_multiplex_rate
 .text.nxt_lcd_set_page_address
                0x00202a04       0x18 /nxtOSEK/ecrobot/../ecrobot/libecrobot.a(nxt_lcd.oram)
                0x00202a04                nxt_lcd_set_page_address
 .text.nxt_lcd_set_pot
                0x00202a1c       0x1c /nxtOSEK/ecrobot/../ecrobot/libecrobot.a(nxt_lcd.oram)
                0x00202a1c                nxt_lcd_set_pot
 .text.nxt_lcd_set_ram_address_control
                0x00202a38       0x18 /nxtOSEK/ecrobot/../ecrobot/libecrobot.a(nxt_lcd.oram)
                0x00202a38                nxt_lcd_set_ram_address_control
 .text.nxt_lcd_enable
                0x00202a50       0x14 /nxtOSEK/ecrobot/../ecrobot/libecrobot.a(nxt_lcd.oram)
                0x00202a50                nxt_lcd_enable
 .text.nxt_lcd_set_map_control
                0x00202a64       0x18 /nxtOSEK/ecrobot/../ecrobot/libecrobot.a(nxt_lcd.oram)
                0x00202a64                nxt_lcd_set_map_control
 .text.nxt_lcd_reset
                0x00202a7c        0xc /nxtOSEK/ecrobot/../ecrobot/libecrobot.a(nxt_lcd.oram)
                0x00202a7c                nxt_lcd_reset
 .text.nxt_lcd_set_bias_ratio
                0x00202a88       0x18 /nxtOSEK/ecrobot/../ecrobot/libecrobot.a(nxt_lcd.oram)
                0x00202a88                nxt_lcd_set_bias_ratio
 .text.nxt_lcd_force_update
                0x00202aa0       0x30 /nxtOSEK/ecrobot/../ecrobot/libecrobot.a(nxt_lcd.oram)
                0x00202aa0                nxt_lcd_force_update
 .text.nxt_lcd_update
                0x00202ad0        0xc /nxtOSEK/ecrobot/../ecrobot/libecrobot.a(nxt_lcd.oram)
                0x00202ad0                nxt_lcd_update
 .text.nxt_lcd_power_up
                0x00202adc       0x48 /nxtOSEK/ecrobot/../ecrobot/libecrobot.a(nxt_lcd.oram)
                0x00202adc                nxt_lcd_power_up
 .text.nxt_lcd_power_down
                0x00202b24        0xc /nxtOSEK/ecrobot/../ecrobot/libecrobot.a(nxt_lcd.oram)
                0x00202b24                nxt_lcd_power_down
 .text.nxt_lcd_init
                0x00202b30       0x18 /nxtOSEK/ecrobot/../ecrobot/libecrobot.a(nxt_lcd.oram)
                0x00202b30                nxt_lcd_init
 .text.verify_flash_page
                0x00202b48       0x34 /nxtOSEK/ecrobot/../ecrobot/libecrobot.a(flash_loader.oram)
 .text.set_flash_request
                0x00202b7c       0x38 /nxtOSEK/ecrobot/../ecrobot/libecrobot.a(flash_loader.oram)
                0x00202b7c                set_flash_request
 .text.nxt_device_init
                0x00202bb4       0x38 /nxtOSEK/ecrobot/../ecrobot/libecrobot.a(flash_loader.oram)
                0x00202bb4                nxt_device_init
 .text          0x00202bec       0x68 /nxtOSEK/ecrobot/../ecrobot/libecrobot.a(interrupts.oram)
                0x00202c44                fiq_enable
                0x00202bec                interrupts_get_and_disable
                0x00202c20                fiq_get_and_disable
                0x00202c10                interrupts_enable
 .text.flash_write_page
                0x00202c54       0xc0 /nxtOSEK/ecrobot/../ecrobot/libecrobot.a(flashprog.oram)
                0x00202c54                flash_write_page
                0x00202d20                . = ALIGN (0x10)
 *fill*         0x00202d14        0xc 00
 *.oram(*.rodata *.rodata.*)
 .rodata.ld     0x00202d20        0x4 /nxtOSEK/ecrobot/../ecrobot/libecrobot.a(udp.oram)
 .rodata.cfd    0x00202d24       0x20 /nxtOSEK/ecrobot/../ecrobot/libecrobot.a(udp.oram)
 .rodata.dd     0x00202d44       0x12 /nxtOSEK/ecrobot/../ecrobot/libecrobot.a(udp.oram)
 *fill*         0x00202d56        0x2 00
 .rodata.str1.4
                0x00202d58       0x22 /nxtOSEK/ecrobot/../ecrobot/libecrobot.a(data_abort.oram)
                                 0x24 (size before relaxing)
 .rodata.font   0x00202d7a      0x280 /nxtOSEK/ecrobot/../ecrobot/libecrobot.a(display.oram)
 *fill*         0x00202ffa        0x2 00
 .rodata.str1.4
                0x00202ffc       0x76 /nxtOSEK/ecrobot/../ecrobot/libecrobot.a(display.oram)
                                 0x78 (size before relaxing)
 *fill*         0x00203072        0x2 00
 .rodata.i2c_pin
                0x00203074       0x20 /nxtOSEK/ecrobot/../ecrobot/libecrobot.a(i2c.oram)
 .rodata.i2c_timer_isr_C
                0x00203094       0x38 /nxtOSEK/ecrobot/../ecrobot/libecrobot.a(i2c.oram)
 .rodata.silence
                0x002030cc       0x40 /nxtOSEK/ecrobot/../ecrobot/libecrobot.a(sound.oram)
                0x002030cc                silence
 .rodata.sample_pattern
                0x0020310c       0x84 /nxtOSEK/ecrobot/../ecrobot/libecrobot.a(sound.oram)
                0x0020310c                sample_pattern
 .rodata        0x00203190        0xc /nxtOSEK/ecrobot/../ecrobot/libecrobot.a(sound.oram)
 .rodata.avr_brainwash_string
                0x0020319c       0x30 /nxtOSEK/ecrobot/../ecrobot/libecrobot.a(nxt_avr.oram)
                0x0020319c                avr_brainwash_string
 .rodata.nxt_avr_1kHz_update
                0x002031cc       0x14 /nxtOSEK/ecrobot/../ecrobot/libecrobot.a(nxt_avr.oram)
 .rodata.C.33.1823
                0x002031e0       0x10 /nxtOSEK/ecrobot/../ecrobot/libecrobot.a(sensors.oram)
 .rodata.C.37.1857
                0x002031f0       0x10 /nxtOSEK/ecrobot/../ecrobot/libecrobot.a(sensors.oram)
 .rodata.str1.4
                0x00203200       0x23 /nxtOSEK/ecrobot/../ecrobot/libecrobot.a(flash_loader.oram)
                                 0x24 (size before relaxing)
                0x00203230                . = ALIGN (0x10)
 *fill*         0x00203223        0xd 00
                0x00200300                __ramtext_ram_start__ = ADDR (.ram_text)
                0x00203230                __ramtext_ram_end__ = (ADDR (.ram_text) + SIZEOF (.ram_text))
                0x00200300                __ramtext_load_start__ = LOADADDR (.ram_text)
                0x00203230                __ramtext_load_end__ = (__ramtext_load_start__ + SIZEOF (.ram_text))

.wav_data       0x00203230        0x0
 *.owav(*.data *.data.*)
                0x00203230                . = ALIGN (0x10)

.bmp_data       0x00203230      0x440
 *.obmp(*.data *.data.*)
 .data          0x00203230      0x43e /nxtOSEK/ecrobot/../ecrobot/libecrobot.a(nxtosek_splash.obmp)
                0x00203230                nxtosek_splash_bmp_start
                0x0020366e                nxtosek_splash_bmp_end
                0x00203670                . = ALIGN (0x10)
 *fill*         0x0020366e        0x2 00

.spr_data       0x00203670        0x0
 *.ospr(*.data *.data.*)
                0x00203670                . = ALIGN (0x10)

.data           0x00203670      0x870
 *(*.data *.data.*)
 .data.deviceStatus
                0x00203670        0x1 /nxtOSEK/ecrobot/../ecrobot/libecrobot.a(ecrobot_interface.o)
 .data.named    0x00203671       0x22 /nxtOSEK/ecrobot/../ecrobot/libecrobot.a(udp.oram)
 .data.snd      0x00203693       0x1a /nxtOSEK/ecrobot/../ecrobot/libecrobot.a(udp.oram)
 *fill*         0x002036ad        0x3 00
 .data.configured
                0x002036b0        0x4 /nxtOSEK/ecrobot/../ecrobot/libecrobot.a(udp.oram)
 .data.mode     0x002036b4        0x1 /nxtOSEK/ecrobot/../ecrobot/libecrobot.a(nxt_spi.oram)
                0x002036b4                mode
 *fill*         0x002036b5        0x3 00
 .bss.data      0x002036b8        0x4 /nxtOSEK/ecrobot/../ecrobot/libecrobot.a(nxt_spi.oram)
                0x002036b8                data
 .data.display_auto_update
                0x002036bc        0x4 /nxtOSEK/ecrobot/../ecrobot/libecrobot.a(display.oram)
                0x002036bc                display_auto_update
 .data.display_buffer
                0x002036c0        0x4 /nxtOSEK/ecrobot/../ecrobot/libecrobot.a(display.oram)
 .data          0x002036c4      0x410 /cygdrive/C/cygwin/GNUARM/bin/../lib/gcc/arm-elf/4.0.2/../../../../arm-elf/lib/thumb/interwork/libc.a(mallocr.o)
                0x002036c4                __malloc_sbrk_base
                0x002036cc                __malloc_av_
                0x002036c8                __malloc_trim_threshold
 .data          0x00203ad4      0x404 /cygdrive/C/cygwin/GNUARM/bin/../lib/gcc/arm-elf/4.0.2/../../../../arm-elf/lib/thumb/interwork/libc.a(impure.o)
                0x00203ed4                _impure_ptr
                0x00203ee0                . = ALIGN (0x10)
 *fill*         0x00203ed8        0x8 00
                0x00203670                __data_ram_start__ = ADDR (.data)
                0x00203ee0                __data_ram_end__ = (ADDR (.data) + SIZEOF (.data))
                0x00203670                __data_load_start__ = LOADADDR (.data)
                0x00203ee0                __data_load_end__ = (__data_load_start__ + SIZEOF (.data))

.text           0x00203ee0     0x2280
                0x00203ee0                . = ALIGN (0x10)
 *(*.text *.text.* *.glue*)
 .text.StartOS  0x00203ee0       0x58 build/kernel/osctl.o
                0x00203ee0                StartOS
 .text.call_pretaskhook
                0x00203f38       0x24 build/kernel/osctl.o
                0x00203f38                call_pretaskhook
 .text.call_posttaskhook
                0x00203f5c       0x24 build/kernel/osctl.o
                0x00203f5c                call_posttaskhook
 .text.make_runnable
                0x00203f80       0xac build/kernel/task.o
                0x00203f80                make_runnable
 .text.make_active
                0x0020402c       0x78 build/kernel/task.o
                0x0020402c                make_active
 .text.task_initialize
                0x002040a4       0x90 build/kernel/task.o
                0x002040a4                task_initialize
 .text.cpu_initialize
                0x00204134        0x4 build/config/at91sam7s-gnu/cpu_config.o
                0x00204134                cpu_initialize
 .text.sys_initialize
                0x00204138        0x4 build/config/at91sam7s-gnu/lego_nxt/sys_config.o
                0x00204138                sys_initialize
 .text.object_initialize
                0x0020413c        0xc build/./kernel_cfg.o
                0x0020413c                object_initialize
 .text._sbrk_r  0x00204148       0x1c build/syscalls.o
                0x00204148                _sbrk_r
 .text.init_OS_flag
                0x00204164        0xc build/ecrobot_base.o
                0x00204164                init_OS_flag
 .text.set_OS_flag
                0x00204170        0xc build/ecrobot_base.o
                0x00204170                set_OS_flag
 .text.get_OS_flag
                0x0020417c        0xc build/ecrobot_base.o
                0x0020417c                get_OS_flag
 .text.cpp_constructor
                0x00204188       0x28 build/ecrobot_base.o
                0x00204188                cpp_constructor
 .text.cpp_destructor
                0x002041b0       0x28 build/ecrobot_base.o
                0x002041b0                cpp_destructor
 .text.execution_mode
                0x002041d8       0x24 build/ecrobot_base.o
                0x002041d8                execution_mode
 .text.show_main_screen
                0x002041fc       0x48 build/ecrobot_base.o
                0x002041fc                show_main_screen
 .text.display_status_bar
                0x00204244       0x5c build/ecrobot_base.o
                0x00204244                display_status_bar
 .text.restart_NXT
                0x002042a0       0x2c build/ecrobot_base.o
                0x002042a0                restart_NXT
 .text.shutdown_NXT
                0x002042cc       0x2c build/ecrobot_base.o
                0x002042cc                shutdown_NXT
 .text.check_NXT_buttons
                0x002042f8       0x38 build/ecrobot_base.o
                0x002042f8                check_NXT_buttons
 .text.add_status_info
                0x00204330       0x68 build/ecrobot_base.o
                0x00204330                add_status_info
 .text.show_splash_screen
                0x00204398       0x90 build/ecrobot_base.o
                0x00204398                show_splash_screen
 .text.main     0x00204428      0x10c build/ecrobot.o
                0x00204428                main
 .text.__cxa_pure_virtual
                0x00204534        0x4 build//nxtOSEK/ecrobot/../NXtpandedLib/src/NOstream.o
                0x00204534                __cxa_pure_virtual
 .text._ZN4nxpl3LCD10pixelInLcdEss
                0x00204538       0x20 build//nxtOSEK/ecrobot/../NXtpandedLib/src/NOstream.o
                0x00204538                _ZN4nxpl3LCD10pixelInLcdEss
 .text._ZN4nxpl3LCD11objectInLcdEssss
                0x00204558       0x6c build//nxtOSEK/ecrobot/../NXtpandedLib/src/NOstream.o
                0x00204558                _ZN4nxpl3LCD11objectInLcdEssss
 .text._ZN4nxpl10pointInLcdENS_6NPointE
                0x002045c4       0x18 build//nxtOSEK/ecrobot/../NXtpandedLib/src/LcdDrawer.o
                0x002045c4                _ZN4nxpl10pointInLcdENS_6NPointE
 .text._ZN4nxpl10drawCircleERNS_4NLcdENS_6NPointEaNS_7DrawOptE
                0x002045dc      0x250 build//nxtOSEK/ecrobot/../NXtpandedLib/src/LcdDrawer.o
                0x002045dc                _ZN4nxpl10drawCircleERNS_4NLcdENS_6NPointEaNS_7DrawOptE
 .text._ZN4nxpl13pixelBoxInLcdERKNS_9NPixelBoxE
                0x0020482c       0x28 build//nxtOSEK/ecrobot/../NXtpandedLib/src/LcdDrawer.o
                0x0020482c                _ZN4nxpl13pixelBoxInLcdERKNS_9NPixelBoxE
 .text._ZN4nxpl8drawLineERNS_4NLcdENS_6NPointES2_NS_7DrawOptE
                0x00204854      0x1ac build//nxtOSEK/ecrobot/../NXtpandedLib/src/LcdDrawer.o
                0x00204854                _ZN4nxpl8drawLineERNS_4NLcdENS_6NPointES2_NS_7DrawOptE
 .text._ZN4nxpl13drawRectangleERNS_4NLcdENS_9NPixelBoxENS_7DrawOptE
                0x00204a00       0xf0 build//nxtOSEK/ecrobot/../NXtpandedLib/src/LcdDrawer.o
                0x00204a00                _ZN4nxpl13drawRectangleERNS_4NLcdENS_9NPixelBoxENS_7DrawOptE
 .text._ZN4nxpl19drawRectangleFilledERNS_4NLcdERKNS_9NPixelBoxENS_7DrawOptE
                0x00204af0      0x100 build//nxtOSEK/ecrobot/../NXtpandedLib/src/LcdDrawer.o
                0x00204af0                _ZN4nxpl19drawRectangleFilledERNS_4NLcdERKNS_9NPixelBoxENS_7DrawOptE
 .text._ZN4nxpl16drawCircleFilledERNS_4NLcdENS_6NPointEaNS_7DrawOptE
                0x00204bf0      0x184 build//nxtOSEK/ecrobot/../NXtpandedLib/src/LcdDrawer.o
                0x00204bf0                _ZN4nxpl16drawCircleFilledERNS_4NLcdENS_6NPointEaNS_7DrawOptE
 .text._ZdlPv   0x00204d74        0xc build//nxtOSEK/ecrobot/../NXtpandedLib/src/NComSingle.o
                0x00204d74                _ZdlPv
 .text.user_1ms_isr_type2
                0x00204d80        0x4 build/sample.o
                0x00204d80                user_1ms_isr_type2
 .text.TaskMainTaskMain
                0x00204d84      0x1d8 build/sample.o
                0x00204d84                TaskMainTaskMain
 .text._ZN7ecrobot5ClockC1Ev
                0x00204f5c       0x10 /nxtOSEK/ecrobot/../ecrobot/libecrobot++.a(Clock.o)
                0x00204f5c                _ZN7ecrobot5ClockC1Ev
 .text._ZN7ecrobot5Clock4waitEm
                0x00204f6c       0x10 /nxtOSEK/ecrobot/../ecrobot/libecrobot++.a(Clock.o)
                0x00204f6c                _ZN7ecrobot5Clock4waitEm
 .text.ecrobot_device_initialize
                0x00204f7c        0x4 /nxtOSEK/ecrobot/../ecrobot/libecrobot.a(ecrobot_device_hook.o)
                0x00204f7c                ecrobot_device_initialize
 .text.ecrobot_device_terminate
                0x00204f80        0x4 /nxtOSEK/ecrobot/../ecrobot/libecrobot.a(ecrobot_device_hook.o)
                0x00204f80                ecrobot_device_terminate
 .text.ecrobot_get_battery_voltage
                0x00204f84        0xc /nxtOSEK/ecrobot/../ecrobot/libecrobot.a(ecrobot_interface.o)
                0x00204f84                ecrobot_get_battery_voltage
 .text.ecrobot_get_button_state
                0x00204f90        0xc /nxtOSEK/ecrobot/../ecrobot/libecrobot.a(ecrobot_interface.o)
                0x00204f90                ecrobot_get_button_state
 .text.ecrobot_init_nxtstate
                0x00204f9c       0x28 /nxtOSEK/ecrobot/../ecrobot/libecrobot.a(ecrobot_interface.o)
                0x00204f9c                ecrobot_init_nxtstate
 .text.ecrobot_poll_nxtstate
                0x00204fc4       0x64 /nxtOSEK/ecrobot/../ecrobot/libecrobot.a(ecrobot_interface.o)
                0x00204fc4                ecrobot_poll_nxtstate
 .text.ecrobot_setDeviceInitialized
                0x00205028       0x18 /nxtOSEK/ecrobot/../ecrobot/libecrobot.a(ecrobot_interface.o)
                0x00205028                ecrobot_setDeviceInitialized
 .text.ecrobot_initDeviceStatus
                0x00205040        0xc /nxtOSEK/ecrobot/../ecrobot/libecrobot.a(ecrobot_interface.o)
                0x00205040                ecrobot_initDeviceStatus
 .text.ecrobot_bmp2lcd
                0x0020504c      0x1c8 /nxtOSEK/ecrobot/../ecrobot/libecrobot.a(ecrobot_interface.o)
                0x0020504c                ecrobot_bmp2lcd
 .text.StartupHook
                0x00205214        0x4 /nxtOSEK/ecrobot/../ecrobot/libecrobot.a(osek_hook.o)
                0x00205214                StartupHook
 .text.PreTaskHook
                0x00205218        0x4 /nxtOSEK/ecrobot/../ecrobot/libecrobot.a(osek_hook.o)
                0x00205218                PreTaskHook
 .text.PostTaskHook
                0x0020521c        0x4 /nxtOSEK/ecrobot/../ecrobot/libecrobot.a(osek_hook.o)
                0x0020521c                PostTaskHook
 .text          0x00205220       0x8c /cygdrive/C/cygwin/GNUARM/bin/../lib/gcc/arm-elf/4.0.2/thumb/interwork/libgcc.a(_udivsi3.o)
                0x00205220                __udivsi3
                0x0020529c                __aeabi_uidivmod
 .text          0x002052ac       0xc8 /cygdrive/C/cygwin/GNUARM/bin/../lib/gcc/arm-elf/4.0.2/thumb/interwork/libgcc.a(_umodsi3.o)
                0x002052ac                __umodsi3
 .text          0x00205374        0x4 /cygdrive/C/cygwin/GNUARM/bin/../lib/gcc/arm-elf/4.0.2/thumb/interwork/libgcc.a(_dvmd_tls.o)
                0x00205374                __aeabi_ldiv0
                0x00205374                __div0
                0x00205374                __aeabi_idiv0
 .text          0x00205378       0x28 /cygdrive/C/cygwin/GNUARM/bin/../lib/gcc/arm-elf/4.0.2/../../../../arm-elf/lib/thumb/interwork/libc.a(malloc.o)
                0x00205378                malloc
                0x0020538c                free
 .text          0x002053a0      0x548 /cygdrive/C/cygwin/GNUARM/bin/../lib/gcc/arm-elf/4.0.2/../../../../arm-elf/lib/thumb/interwork/libc.a(mallocr.o)
                0x002053a0                _malloc_r
 .text          0x002058e8       0x68 /cygdrive/C/cygwin/GNUARM/bin/../lib/gcc/arm-elf/4.0.2/../../../../arm-elf/lib/thumb/interwork/libc.a(memset.o)
                0x002058e8                memset
 .text          0x00205950        0x8 /cygdrive/C/cygwin/GNUARM/bin/../lib/gcc/arm-elf/4.0.2/../../../../arm-elf/lib/thumb/interwork/libc.a(mlock.o)
                0x00205954                __malloc_unlock
                0x00205950                __malloc_lock
 .text          0x00205958       0x60 /cygdrive/C/cygwin/GNUARM/bin/../lib/gcc/arm-elf/4.0.2/../../../../arm-elf/lib/thumb/interwork/libc.a(strcpy.o)
                0x00205958                strcpy
 .text          0x002059b8       0x48 /cygdrive/C/cygwin/GNUARM/bin/../lib/gcc/arm-elf/4.0.2/../../../../arm-elf/lib/thumb/interwork/libc.a(strlen.o)
                0x002059b8                strlen
 .text          0x00205a00      0x260 /cygdrive/C/cygwin/GNUARM/bin/../lib/gcc/arm-elf/4.0.2/../../../../arm-elf/lib/thumb/interwork/libc.a(freer.o)
                0x00205aa0                _free_r
                0x00205a00                _malloc_trim_r
 .glue_7        0x00205c60       0x30 /cygdrive/C/cygwin/GNUARM/bin/../lib/gcc/arm-elf/4.0.2/../../../../arm-elf/lib/thumb/interwork/libc.a(freer.o)
                0x00205c78                __call_posttaskhook_from_arm
                0x00205c61                __ecrobot_debug1_from_arm
                0x00205c6d                __ecrobot_debug2_from_arm
                0x00205c84                __call_pretaskhook_from_arm
 .glue_7t       0x00205c90       0x68 /cygdrive/C/cygwin/GNUARM/bin/../lib/gcc/arm-elf/4.0.2/../../../../arm-elf/lib/thumb/interwork/libc.a(freer.o)
                0x00205cbc                __start_change_to_arm
                0x00205ce0                __interrupts_get_and_disable_from_thumb
                0x00205cd9                ____gtdf2_from_thumb
                0x00205cb1                __exit_and_dispatch_from_thumb
                0x00205cc4                ____eqsf2_change_to_arm
                0x00205cb4                __exit_and_dispatch_change_to_arm
                0x00205c90                __disable_int_from_thumb
                0x00205ca8                __start_dispatch_from_thumb
                0x00205cb8                __start_from_thumb
                0x00205cd4                ____muldf3_change_to_arm
                0x00205c98                __enable_int_from_thumb
                0x00205ca1                __dispatch_from_thumb
                0x00205cec                __interrupts_enable_change_to_arm
                0x00205ce4                __interrupts_get_and_disable_change_to_arm
                0x00205ca4                __dispatch_change_to_arm
                0x00205cdc                ____gtdf2_change_to_arm
                0x00205cc9                ____floatsidf_from_thumb
                0x00205cf1                __display_bios_status_from_thumb
                0x00205c94                __disable_int_change_to_arm
                0x00205cd1                ____muldf3_from_thumb
                0x00205cc1                ____eqsf2_from_thumb
                0x00205c9c                __enable_int_change_to_arm
                0x00205ccc                ____floatsidf_change_to_arm
                0x00205ce8                __interrupts_enable_from_thumb
                0x00205cf4                __display_bios_status_change_to_arm
                0x00205cac                __start_dispatch_change_to_arm
                0x00205d00                . = ALIGN (0x10)
 *fill*         0x00205cf8        0x8 00
 *(*.rodata *.rodata.*)
 .rodata.tinib_stksz
                0x00205d00        0x2 build/./kernel_cfg.o
                0x00205d00                tinib_stksz
 *fill*         0x00205d02        0x2 00
 .rodata.tinib_stk
                0x00205d04        0x4 build/./kernel_cfg.o
                0x00205d04                tinib_stk
 .rodata.tinib_task
                0x00205d08        0x4 build/./kernel_cfg.o
                0x00205d08                tinib_task
 .rodata.tinib_autoact
                0x00205d0c        0x1 build/./kernel_cfg.o
                0x00205d0c                tinib_autoact
 .rodata.tinib_exepri
                0x00205d0d        0x1 build/./kernel_cfg.o
                0x00205d0d                tinib_exepri
 .rodata.tinib_inipri
                0x00205d0e        0x1 build/./kernel_cfg.o
                0x00205d0e                tinib_inipri
 .rodata.tnum_exttask
                0x00205d0f        0x1 build/./kernel_cfg.o
                0x00205d0f                tnum_exttask
 .rodata.tnum_task
                0x00205d10        0x1 build/./kernel_cfg.o
                0x00205d10                tnum_task
 *fill*         0x00205d11        0x3 00
 .rodata.exec_addr
                0x00205d14        0x4 build/ecrobot_base.o
                0x00205d14                exec_addr
 .rodata.str1.4
                0x00205d18       0x80 build/ecrobot_base.o
 .rodata.str1.4
                0x00205d98        0x2 /cygdrive/C/cygwin/GNUARM/bin/../lib/gcc/arm-elf/4.0.2/../../../../arm-elf/lib/thumb/interwork/libc.a(impure.o)
                                  0x4 (size before relaxing)
                0x00205da0                . = ALIGN (0x10)
 *fill*         0x00205d9a        0x6 00
 *(*.gnu.linkonce.* .gcc_except_table)
 .gnu.linkonce.r._ZTVN4nxpl10NGuiObjectE
                0x00205da0       0x18 build//nxtOSEK/ecrobot/../NXtpandedLib/src/NOstream.o
                0x00205da0                _ZTVN4nxpl10NGuiObjectE
 .gnu.linkonce.t._ZN4nxpl10NGuiObjectD1Ev
                0x00205db8        0xc build//nxtOSEK/ecrobot/../NXtpandedLib/src/NOstream.o
                0x00205db8                _ZN4nxpl10NGuiObjectD1Ev
 .gnu.linkonce.t._ZN4nxpl10NGuiObjectD0Ev
                0x00205dc4       0x14 build//nxtOSEK/ecrobot/../NXtpandedLib/src/NOstream.o
                0x00205dc4                _ZN4nxpl10NGuiObjectD0Ev
 .gnu.linkonce.t._ZN4nxpl4NLcd7pixelOnEhh
                0x00205dd8       0x28 build//nxtOSEK/ecrobot/../NXtpandedLib/src/LcdDrawer.o
                0x00205dd8                _ZN4nxpl4NLcd7pixelOnEhh
 .gnu.linkonce.t._ZN4nxpl4NLcd8pixelOffEhh
                0x00205e00       0x28 build//nxtOSEK/ecrobot/../NXtpandedLib/src/LcdDrawer.o
                0x00205e00                _ZN4nxpl4NLcd8pixelOffEhh
 .gnu.linkonce.t._ZN4nxpl4NLcd11invertPixelEhh
                0x00205e28       0x28 build//nxtOSEK/ecrobot/../NXtpandedLib/src/LcdDrawer.o
                0x00205e28                _ZN4nxpl4NLcd11invertPixelEhh
 .gnu.linkonce.r._ZTVN4nxpl16NRectangleFilledE
                0x00205e50       0x28 build/sample.o
                0x00205e50                _ZTVN4nxpl16NRectangleFilledE
 .gnu.linkonce.r._ZTVN4nxpl13NCircleFilledE
                0x00205e78       0x28 build/sample.o
                0x00205e78                _ZTVN4nxpl13NCircleFilledE
 .gnu.linkonce.r._ZTVN4nxpl5NLineE
                0x00205ea0       0x28 build/sample.o
                0x00205ea0                _ZTVN4nxpl5NLineE
 .gnu.linkonce.t._ZNK4nxpl6NShape8showImplEv
                0x00205ec8       0x18 build/sample.o
                0x00205ec8                _ZNK4nxpl6NShape8showImplEv
 .gnu.linkonce.t._ZNK4nxpl6NShape8hideImplEv
                0x00205ee0       0x18 build/sample.o
                0x00205ee0                _ZNK4nxpl6NShape8hideImplEv
 .gnu.linkonce.t._ZNK4nxpl6NShape10invertImplEv
                0x00205ef8       0x20 build/sample.o
                0x00205ef8                _ZNK4nxpl6NShape10invertImplEv
 .gnu.linkonce.t._ZNK4nxpl16NRectangleFilled15invertShapeImplEv
                0x00205f18       0x14 build/sample.o
                0x00205f18                _ZNK4nxpl16NRectangleFilled15invertShapeImplEv
 .gnu.linkonce.t._ZNK4nxpl16NRectangleFilled13showShapeImplEv
                0x00205f2c       0x18 build/sample.o
                0x00205f2c                _ZNK4nxpl16NRectangleFilled13showShapeImplEv
 .gnu.linkonce.t._ZNK4nxpl16NRectangleFilled13hideShapeImplEv
                0x00205f44       0x14 build/sample.o
                0x00205f44                _ZNK4nxpl16NRectangleFilled13hideShapeImplEv
 .gnu.linkonce.t._ZNK4nxpl5NLine15invertShapeImplEv
                0x00205f58       0x24 build/sample.o
                0x00205f58                _ZNK4nxpl5NLine15invertShapeImplEv
 .gnu.linkonce.t._ZNK4nxpl13NCircleFilled15invertShapeImplEv
                0x00205f7c       0x24 build/sample.o
                0x00205f7c                _ZNK4nxpl13NCircleFilled15invertShapeImplEv
 .gnu.linkonce.t._ZNK4nxpl5NLine13hideShapeImplEv
                0x00205fa0       0x24 build/sample.o
                0x00205fa0                _ZNK4nxpl5NLine13hideShapeImplEv
 .gnu.linkonce.t._ZNK4nxpl13NCircleFilled13hideShapeImplEv
                0x00205fc4       0x24 build/sample.o
                0x00205fc4                _ZNK4nxpl13NCircleFilled13hideShapeImplEv
 .gnu.linkonce.t._ZNK4nxpl5NLine13showShapeImplEv
                0x00205fe8       0x2c build/sample.o
                0x00205fe8                _ZNK4nxpl5NLine13showShapeImplEv
 .gnu.linkonce.t._ZNK4nxpl13NCircleFilled13showShapeImplEv
                0x00206014       0x2c build/sample.o
                0x00206014                _ZNK4nxpl13NCircleFilled13showShapeImplEv
 .gnu.linkonce.t._ZN4nxpl16NRectangleFilledD1Ev
                0x00206040       0x30 build/sample.o
                0x00206040                _ZN4nxpl16NRectangleFilledD1Ev
 .gnu.linkonce.t._ZN4nxpl13NCircleFilledD1Ev
                0x00206070       0x28 build/sample.o
                0x00206070                _ZN4nxpl13NCircleFilledD1Ev
 .gnu.linkonce.t._ZN4nxpl5NLineD1Ev
                0x00206098       0x28 build/sample.o
                0x00206098                _ZN4nxpl5NLineD1Ev
 .gnu.linkonce.t._ZN4nxpl5NLineD0Ev
                0x002060c0       0x30 build/sample.o
                0x002060c0                _ZN4nxpl5NLineD0Ev
 .gnu.linkonce.t._ZN4nxpl13NCircleFilledD0Ev
                0x002060f0       0x30 build/sample.o
                0x002060f0                _ZN4nxpl13NCircleFilledD0Ev
 .gnu.linkonce.t._ZN4nxpl16NRectangleFilledD0Ev
                0x00206120       0x34 build/sample.o
                0x00206120                _ZN4nxpl16NRectangleFilledD0Ev
                0x00206160                . = ALIGN (0x10)
 *fill*         0x00206154        0xc 00

.tors           0x00206160        0x0
                0x00206160                . = ALIGN (0x10)
                0x00206160                __ctor_begin = .
 *(*.ctors*)
                0x00206160                __ctor_end = .
                0x00206160                . = ALIGN (0x10)
                0x00206160                __dtor_begin = .
 *(*.dtors*)
                0x00206160                __dtor_end = .
                0x00206160                . = ALIGN (0x10)

.bss            0x00206160     0x1050
 *(*.bss *.bss.*)
 .bss.ready_primap
                0x00206160        0x2 build/kernel/task.o
 .bss.ready_queue_last
                0x00206162       0x10 build/kernel/task.o
 .bss.ready_queue_first
                0x00206172       0x10 build/kernel/task.o
 *fill*         0x00206182        0x2 00
 .bss._stack_TaskMain
                0x00206184      0x200 build/./kernel_cfg.o
 .bss.heap_ptr  0x00206384        0x4 build/syscalls.o
 .bss.status_bar_position
                0x00206388        0x4 build/ecrobot_base.o
 .bss.last_act_time.2776
                0x0020638c        0x4 build/ecrobot_base.o
 .bss.lcd.2705  0x00206390      0x320 build/ecrobot_base.o
 .bss.OS_flag   0x002066b0        0x4 build/ecrobot_base.o
 .bss.status_bar
                0x002066b4       0x10 build/ecrobot_base.o
 .bss.display_y
                0x002066c4        0x4 build//nxtOSEK/ecrobot/../NXtpandedLib/src/StringConvert.o
                0x002066c4                display_y
 .bss.display_x
                0x002066c8        0x4 build//nxtOSEK/ecrobot/../NXtpandedLib/src/StringConvert.o
                0x002066c8                display_x
 .bss.buttons_i
                0x002066cc        0x4 /nxtOSEK/ecrobot/../ecrobot/libecrobot.a(ecrobot_interface.o)
 .bss.buttons_states
                0x002066d0       0x14 /nxtOSEK/ecrobot/../ecrobot/libecrobot.a(ecrobot_interface.o)
 .bss.ecrobot_inputs
                0x002066e4        0x8 /nxtOSEK/ecrobot/../ecrobot/libecrobot.a(ecrobot_interface.o)
 .bss.systick_ms
                0x002066ec        0x4 /nxtOSEK/ecrobot/../ecrobot/libecrobot.a(systick.oram)
 .bss.delayedEnable
                0x002066f0        0x1 /nxtOSEK/ecrobot/../ecrobot/libecrobot.a(udp.oram)
 *fill*         0x002066f1        0x3 00
 .bss.outCnt    0x002066f4        0x4 /nxtOSEK/ecrobot/../ecrobot/libecrobot.a(udp.oram)
 .bss.outPtr    0x002066f8        0x4 /nxtOSEK/ecrobot/../ecrobot/libecrobot.a(udp.oram)
 .bss.newAddress
                0x002066fc        0x4 /nxtOSEK/ecrobot/../ecrobot/libecrobot.a(udp.oram)
 .bss.currentRxBank
                0x00206700        0x4 /nxtOSEK/ecrobot/../ecrobot/libecrobot.a(udp.oram)
 .bss.currentFeatures
                0x00206704        0x4 /nxtOSEK/ecrobot/../ecrobot/libecrobot.a(udp.oram)
 .bss.currentConfig
                0x00206708        0x1 /nxtOSEK/ecrobot/../ecrobot/libecrobot.a(udp.oram)
 *fill*         0x00206709        0x3 00
 .bss.twi_mask  0x0020670c        0x4 /nxtOSEK/ecrobot/../ecrobot/libecrobot.a(twi.oram)
 .bss.twi_ptr   0x00206710        0x4 /nxtOSEK/ecrobot/../ecrobot/libecrobot.a(twi.oram)
 .bss.twi_pending
                0x00206714        0x4 /nxtOSEK/ecrobot/../ecrobot/libecrobot.a(twi.oram)
 .bss.twi_state
                0x00206718        0x4 /nxtOSEK/ecrobot/../ecrobot/libecrobot.a(twi.oram)
 .bss.page      0x0020671c        0x1 /nxtOSEK/ecrobot/../ecrobot/libecrobot.a(nxt_spi.oram)
                0x0020671c                page
 .bss.dirty     0x0020671d        0x1 /nxtOSEK/ecrobot/../ecrobot/libecrobot.a(nxt_spi.oram)
                0x0020671d                dirty
 *fill*         0x0020671e        0x2 00
 .bss.display   0x00206720        0x4 /nxtOSEK/ecrobot/../ecrobot/libecrobot.a(nxt_spi.oram)
                0x00206720                display
 .bss.interrupts_this_period
                0x00206724        0x4 /nxtOSEK/ecrobot/../ecrobot/libecrobot.a(nxt_motors.oram)
 .bss.nxt_motor_initialised
                0x00206728        0x4 /nxtOSEK/ecrobot/../ecrobot/libecrobot.a(nxt_motors.oram)
 .bss.motor     0x0020672c       0x30 /nxtOSEK/ecrobot/../ecrobot/libecrobot.a(nxt_motors.oram)
 .bss.display_tick
                0x0020675c        0x4 /nxtOSEK/ecrobot/../ecrobot/libecrobot.a(display.oram)
                0x0020675c                display_tick
 .bss.display_array
                0x00206760      0x388 /nxtOSEK/ecrobot/../ecrobot/libecrobot.a(display.oram)
 .bss.i2c_int_count
                0x00206ae8        0x4 /nxtOSEK/ecrobot/../ecrobot/libecrobot.a(i2c.oram)
 .bss.i2c_port  0x00206aec      0x170 /nxtOSEK/ecrobot/../ecrobot/libecrobot.a(i2c.oram)
 .bss.sound_mode
                0x00206c5c        0x1 /nxtOSEK/ecrobot/../ecrobot/libecrobot.a(sound.oram)
                0x00206c5c                sound_mode
 *fill*         0x00206c5d        0x3 00
 .bss.in_buf_idx
                0x00206c60        0x4 /nxtOSEK/ecrobot/../ecrobot/libecrobot.a(bt.oram)
 .bss.buf_ptr   0x00206c64        0x4 /nxtOSEK/ecrobot/../ecrobot/libecrobot.a(bt.oram)
 .bss.out_buf_ptr
                0x00206c68        0x1 /nxtOSEK/ecrobot/../ecrobot/libecrobot.a(bt.oram)
 .bss.in_buf_in_ptr
                0x00206c69        0x1 /nxtOSEK/ecrobot/../ecrobot/libecrobot.a(bt.oram)
 .bss.in_buf    0x00206c6a      0x100 /nxtOSEK/ecrobot/../ecrobot/libecrobot.a(bt.oram)
 *fill*         0x00206d6a        0x2 00
 .bss.link_state
                0x00206d6c        0x4 /nxtOSEK/ecrobot/../ecrobot/libecrobot.a(nxt_avr.oram)
 .bss.update_count
                0x00206d70        0x4 /nxtOSEK/ecrobot/../ecrobot/libecrobot.a(nxt_avr.oram)
 .bss.nxt_avr_stats
                0x00206d74       0x14 /nxtOSEK/ecrobot/../ecrobot/libecrobot.a(nxt_avr.oram)
 .bss.debounce_cnt
                0x00206d88        0x2 /nxtOSEK/ecrobot/../ecrobot/libecrobot.a(nxt_avr.oram)
 .bss.debounce_state
                0x00206d8a        0x2 /nxtOSEK/ecrobot/../ecrobot/libecrobot.a(nxt_avr.oram)
 .bss.button_state
                0x00206d8c        0x2 /nxtOSEK/ecrobot/../ecrobot/libecrobot.a(nxt_avr.oram)
 .bss.prev_buttons
                0x00206d8e        0x2 /nxtOSEK/ecrobot/../ecrobot/libecrobot.a(nxt_avr.oram)
 .bss.from_buf  0x00206d90        0x4 /nxtOSEK/ecrobot/../ecrobot/libecrobot.a(nxt_avr.oram)
 .bss.io_from_avr
                0x00206d94        0x4 /nxtOSEK/ecrobot/../ecrobot/libecrobot.a(nxt_avr.oram)
 .bss.data_from_avr
                0x00206d98       0x1a /nxtOSEK/ecrobot/../ecrobot/libecrobot.a(nxt_avr.oram)
 .bss.data_to_avr
                0x00206db2        0x9 /nxtOSEK/ecrobot/../ecrobot/libecrobot.a(nxt_avr.oram)
 .bss.io_to_avr
                0x00206dbb        0x8 /nxtOSEK/ecrobot/../ecrobot/libecrobot.a(nxt_avr.oram)
 *fill*         0x00206dc3        0x1 00
 .bss.display   0x00206dc4        0x4 /nxtOSEK/ecrobot/../ecrobot/libecrobot.a(nxt_lcd.oram)
 .bss           0x00206dc8       0x34 /cygdrive/C/cygwin/GNUARM/bin/../lib/gcc/arm-elf/4.0.2/../../../../arm-elf/lib/thumb/interwork/libc.a(mallocr.o)
                0x00206df8                __malloc_top_pad
                0x00206df4                __malloc_max_sbrked_mem
                0x00206dc8                __malloc_current_mallinfo
                0x00206df0                __malloc_max_total_mem
                0x00206e00                . = ALIGN (0x10)
 *fill*         0x00206dfc        0x4 00
                0x00206e00                __bss_end__ = .
 COMMON         0x00206e00        0x2 build/kernel/interrupt.o
                0x00206e00                runisr
                0x00206e01                sus_all_cnt
 *fill*         0x00206e02        0x2 00
 COMMON         0x00206e04       0x10 build/kernel/osctl.o
                0x00206e04                callevel
                0x00206e05                _errorhook_svcid
                0x00206e06                appmode
                0x00206e08                _errorhook_par1
                0x00206e0c                _errorhook_par3
                0x00206e10                _errorhook_par2
 COMMON         0x00206e14        0x3 build/kernel/task.o
                0x00206e14                runtsk
                0x00206e15                schedtsk
                0x00206e16                nextpri
 *fill*         0x00206e17        0x1 00
 COMMON         0x00206e18       0x2c build/./kernel_cfg.o
                0x00206e18                tcb_waievt
                0x00206e1c                rescb_prevpri
                0x00206e1d                almcb_prev
                0x00206e1e                tcb_lastres
                0x00206e20                almcb_almval
                0x00206e24                tcxb_pc
                0x00206e28                tcb_next
                0x00206e29                tcb_curpri
                0x00206e2a                tcb_tstat
                0x00206e2b                isrcb_lastres
                0x00206e2c                cntcb_almque
                0x00206e2d                rescb_prevres
                0x00206e2e                tcb_actcnt
                0x00206e30                tcb_curevt
                0x00206e34                almcb_cycle
                0x00206e38                tcxb_sp
                0x00206e3c                almcb_next
                0x00206e40                cntcb_curval
 COMMON         0x00206e44       0x44 /nxtOSEK/ecrobot/../ecrobot/libecrobot.a(uart.oram)
                0x00206e44                uart
 COMMON         0x00206e88        0x4 /nxtOSEK/ecrobot/../ecrobot/libecrobot.a(data_abort.oram)
                0x00206e88                data_abort_pc
 COMMON         0x00206e8c      0x324 /nxtOSEK/ecrobot/../ecrobot/libecrobot.a(sound.oram)
                0x00206e8c                sample
                0x00206160                __bss_start__ = ADDR (.bss)
                0x002071b0                __bss_end__ = (ADDR (.bss) + SIZEOF (.bss))
                0x002071b0                PROVIDE (end, .)

.heap_area      0x002071b0     0x89c8
                0x0020fb78                . = (. + (0x20fb78 - end))
 *fill*         0x002071b0     0x89c8 00

.stack          0x0020fb78      0x488
                0x0020fbf8                . = (. + 0x80)
 *fill*         0x0020fb78       0x80 00
                0x0020fc00                . = ALIGN (0x10)
 *fill*         0x0020fbf8        0x8 00
                0x0020fc00                __irq_stack__ = .
                0x0020fc00                __system_stack_bottom__ = .
                0x00210000                . = (. + 0x400)
 *fill*         0x0020fc00      0x400 00
                0x00210000                . = ALIGN (0x10)
                0x00210000                __system_stack__ = .
                0x00210000                __system_stack_top__ = .
                0x0020fb78                __stack_start__ = ADDR (.stack)
                0x00210000                __stack_end__ = (ADDR (.stack) + SIZEOF (.stack))
OUTPUT(untitled_rxe.elf elf32-littlearm)

.comment        0x00000000      0x4b6
 .comment       0x00000000       0x12 build/kernel/alarm.o
 .comment       0x00000012       0x12 build/kernel/event.o
 .comment       0x00000024       0x12 build/kernel/interrupt.o
 .comment       0x00000036       0x12 build/kernel/osctl.o
 .comment       0x00000048       0x12 build/kernel/resource.o
 .comment       0x0000005a       0x12 build/kernel/task.o
 .comment       0x0000006c       0x12 build/kernel/task_manage.o
 .comment       0x0000007e       0x12 build/config/at91sam7s-gnu/cpu_config.o
 .comment       0x00000090       0x12 build/config/at91sam7s-gnu/lego_nxt/sys_config.o
 .comment       0x000000a2       0x12 build/./kernel_cfg.o
 .comment       0x000000b4       0x12 build/rtoscalls.o
 .comment       0x000000c6       0x12 build/syscalls.o
 .comment       0x000000d8       0x12 build/ecrobot_bluetooth.o
 .comment       0x000000ea       0x12 build/ecrobot_base.o
 .comment       0x000000fc       0x12 build/ecrobot.o
 .comment       0x0000010e       0x12 build/syslib/at91sam7s-gnu/lego_nxt/hw_sys_timer.oram
 .comment       0x00000120       0x12 build//nxtOSEK/ecrobot/../NXtpandedLib/src/StringConvert.o
 .comment       0x00000132       0x12 build//nxtOSEK/ecrobot/../NXtpandedLib/src/NOstream.o
 .comment       0x00000144       0x12 build//nxtOSEK/ecrobot/../NXtpandedLib/src/NString.o
 .comment       0x00000156       0x12 build//nxtOSEK/ecrobot/../NXtpandedLib/src/NLabel.o
 .comment       0x00000168       0x12 build//nxtOSEK/ecrobot/../NXtpandedLib/src/NPairBox.o
 .comment       0x0000017a       0x12 build//nxtOSEK/ecrobot/../NXtpandedLib/src/LcdDrawer.o
 .comment       0x0000018c       0x12 build//nxtOSEK/ecrobot/../NXtpandedLib/src/NCom.o
 .comment       0x0000019e       0x12 build//nxtOSEK/ecrobot/../NXtpandedLib/src/NComSingle.o
 .comment       0x000001b0       0x12 build//nxtOSEK/ecrobot/../NXtpandedLib/src/Motorcontroller.o
 .comment       0x000001c2       0x12 build/sample.o
 .comment       0x000001d4       0x12 /nxtOSEK/ecrobot/../ecrobot/libecrobot++.a(Clock.o)
 .comment       0x000001e6       0x12 /nxtOSEK/ecrobot/../ecrobot/libecrobot++.a(Motor.o)
 .comment       0x000001f8       0x12 /nxtOSEK/ecrobot/../ecrobot/libecrobot++.a(Usb.o)
 .comment       0x0000020a       0x12 /nxtOSEK/ecrobot/../ecrobot/libecrobot.a(ecrobot_usb.o)
 .comment       0x0000021c       0x12 /nxtOSEK/ecrobot/../ecrobot/libecrobot.a(ecrobot_device_hook.o)
 .comment       0x0000022e       0x12 /nxtOSEK/ecrobot/../ecrobot/libecrobot.a(ecrobot_interface.o)
 .comment       0x00000240       0x12 /nxtOSEK/ecrobot/../ecrobot/libecrobot.a(colorsensor.o)
 .comment       0x00000252       0x12 /nxtOSEK/ecrobot/../ecrobot/libecrobot.a(osek_hook.o)
 .comment       0x00000264       0x12 /nxtOSEK/ecrobot/../ecrobot/libecrobot.a(uart.oram)
 .comment       0x00000276       0x12 /nxtOSEK/ecrobot/../ecrobot/libecrobot.a(systick.oram)
 .comment       0x00000288       0x12 /nxtOSEK/ecrobot/../ecrobot/libecrobot.a(byte_fifo.oram)
 .comment       0x0000029a       0x12 /nxtOSEK/ecrobot/../ecrobot/libecrobot.a(aic.oram)
 .comment       0x000002ac       0x12 /nxtOSEK/ecrobot/../ecrobot/libecrobot.a(udp.oram)
 .comment       0x000002be       0x12 /nxtOSEK/ecrobot/../ecrobot/libecrobot.a(twi.oram)
 .comment       0x000002d0       0x12 /nxtOSEK/ecrobot/../ecrobot/libecrobot.a(nxt_spi.oram)
 .comment       0x000002e2       0x12 /nxtOSEK/ecrobot/../ecrobot/libecrobot.a(nxt_motors.oram)
 .comment       0x000002f4       0x12 /nxtOSEK/ecrobot/../ecrobot/libecrobot.a(data_abort.oram)
 .comment       0x00000306       0x12 /nxtOSEK/ecrobot/../ecrobot/libecrobot.a(display.oram)
 .comment       0x00000318       0x12 /nxtOSEK/ecrobot/../ecrobot/libecrobot.a(i2c.oram)
 .comment       0x0000032a       0x12 /nxtOSEK/ecrobot/../ecrobot/libecrobot.a(sound.oram)
 .comment       0x0000033c       0x12 /nxtOSEK/ecrobot/../ecrobot/libecrobot.a(bt.oram)
 .comment       0x0000034e       0x12 /nxtOSEK/ecrobot/../ecrobot/libecrobot.a(nxt_avr.oram)
 .comment       0x00000360       0x12 /nxtOSEK/ecrobot/../ecrobot/libecrobot.a(sensors.oram)
 .comment       0x00000372       0x12 /nxtOSEK/ecrobot/../ecrobot/libecrobot.a(sensors1.oram)
 .comment       0x00000384       0x12 /nxtOSEK/ecrobot/../ecrobot/libecrobot.a(nxt_lcd.oram)
 .comment       0x00000396       0x12 /nxtOSEK/ecrobot/../ecrobot/libecrobot.a(flash_loader.oram)
 .comment       0x000003a8       0x12 /nxtOSEK/ecrobot/../ecrobot/libecrobot.a(flashprog.oram)
 .comment       0x000003ba       0x12 /cygdrive/C/cygwin/GNUARM/bin/../lib/gcc/arm-elf/4.0.2/thumb/interwork/libgcc.a(_muldi3.o)
 .comment       0x000003cc       0x12 /cygdrive/C/cygwin/GNUARM/bin/../lib/gcc/arm-elf/4.0.2/thumb/interwork/libgcc.a(_divdi3.o)
 .comment       0x000003de       0x12 /cygdrive/C/cygwin/GNUARM/bin/../lib/gcc/arm-elf/4.0.2/thumb/interwork/libgcc.a(_clz.o)
 .comment       0x000003f0       0x12 /cygdrive/C/cygwin/GNUARM/bin/../lib/gcc/arm-elf/4.0.2/../../../../arm-elf/lib/thumb/interwork/libc.a(malloc.o)
 .comment       0x00000402       0x12 /cygdrive/C/cygwin/GNUARM/bin/../lib/gcc/arm-elf/4.0.2/../../../../arm-elf/lib/thumb/interwork/libc.a(mallocr.o)
 .comment       0x00000414       0x12 /cygdrive/C/cygwin/GNUARM/bin/../lib/gcc/arm-elf/4.0.2/../../../../arm-elf/lib/thumb/interwork/libc.a(memcpy.o)
 .comment       0x00000426       0x12 /cygdrive/C/cygwin/GNUARM/bin/../lib/gcc/arm-elf/4.0.2/../../../../arm-elf/lib/thumb/interwork/libc.a(memset.o)
 .comment       0x00000438       0x12 /cygdrive/C/cygwin/GNUARM/bin/../lib/gcc/arm-elf/4.0.2/../../../../arm-elf/lib/thumb/interwork/libc.a(mlock.o)
 .comment       0x0000044a       0x12 /cygdrive/C/cygwin/GNUARM/bin/../lib/gcc/arm-elf/4.0.2/../../../../arm-elf/lib/thumb/interwork/libc.a(strcmp.o)
 .comment       0x0000045c       0x12 /cygdrive/C/cygwin/GNUARM/bin/../lib/gcc/arm-elf/4.0.2/../../../../arm-elf/lib/thumb/interwork/libc.a(strcpy.o)
 .comment       0x0000046e       0x12 /cygdrive/C/cygwin/GNUARM/bin/../lib/gcc/arm-elf/4.0.2/../../../../arm-elf/lib/thumb/interwork/libc.a(strlen.o)
 .comment       0x00000480       0x12 /cygdrive/C/cygwin/GNUARM/bin/../lib/gcc/arm-elf/4.0.2/../../../../arm-elf/lib/thumb/interwork/libc.a(strncpy.o)
 .comment       0x00000492       0x12 /cygdrive/C/cygwin/GNUARM/bin/../lib/gcc/arm-elf/4.0.2/../../../../arm-elf/lib/thumb/interwork/libc.a(freer.o)
 .comment       0x000004a4       0x12 /cygdrive/C/cygwin/GNUARM/bin/../lib/gcc/arm-elf/4.0.2/../../../../arm-elf/lib/thumb/interwork/libc.a(impure.o)

.debug_line     0x00000000     0x1285
 .debug_line    0x00000000       0x70 /cygdrive/C/cygwin/GNUARM/bin/../lib/gcc/arm-elf/4.0.2/thumb/interwork/libgcc.a(_udivsi3.o)
 .debug_line    0x00000070       0x7c /cygdrive/C/cygwin/GNUARM/bin/../lib/gcc/arm-elf/4.0.2/thumb/interwork/libgcc.a(_divsi3.o)
 .debug_line    0x000000ec       0x68 /cygdrive/C/cygwin/GNUARM/bin/../lib/gcc/arm-elf/4.0.2/thumb/interwork/libgcc.a(_umodsi3.o)
 .debug_line    0x00000154       0x71 /cygdrive/C/cygwin/GNUARM/bin/../lib/gcc/arm-elf/4.0.2/thumb/interwork/libgcc.a(_modsi3.o)
 .debug_line    0x000001c5       0x5a /cygdrive/C/cygwin/GNUARM/bin/../lib/gcc/arm-elf/4.0.2/thumb/interwork/libgcc.a(_dvmd_tls.o)
 .debug_line    0x0000021f      0x162 /cygdrive/C/cygwin/GNUARM/bin/../lib/gcc/arm-elf/4.0.2/thumb/interwork/libgcc.a(_addsubdf3.o)
 .debug_line    0x00000381      0x177 /cygdrive/C/cygwin/GNUARM/bin/../lib/gcc/arm-elf/4.0.2/thumb/interwork/libgcc.a(_muldivdf3.o)
 .debug_line    0x000004f8       0xa4 /cygdrive/C/cygwin/GNUARM/bin/../lib/gcc/arm-elf/4.0.2/thumb/interwork/libgcc.a(_cmpdf2.o)
 .debug_line    0x0000059c       0x98 /cygdrive/C/cygwin/GNUARM/bin/../lib/gcc/arm-elf/4.0.2/thumb/interwork/libgcc.a(_cmpsf2.o)
 .debug_line    0x00000634       0x61 /cygdrive/C/cygwin/GNUARM/bin/../lib/gcc/arm-elf/4.0.2/thumb/interwork/libgcc.a(_muldi3.o)
 .debug_line    0x00000695      0x122 /cygdrive/C/cygwin/GNUARM/bin/../lib/gcc/arm-elf/4.0.2/thumb/interwork/libgcc.a(_divdi3.o)
 .debug_line    0x000007b7       0x48 /cygdrive/C/cygwin/GNUARM/bin/../lib/gcc/arm-elf/4.0.2/thumb/interwork/libgcc.a(_clz.o)
 .debug_line    0x000007ff       0xfd /cygdrive/C/cygwin/GNUARM/bin/../lib/gcc/arm-elf/4.0.2/../../../../arm-elf/lib/thumb/interwork/libc.a(malloc.o)
 .debug_line    0x000008fc      0x23d /cygdrive/C/cygwin/GNUARM/bin/../lib/gcc/arm-elf/4.0.2/../../../../arm-elf/lib/thumb/interwork/libc.a(mallocr.o)
 .debug_line    0x00000b39       0xc3 /cygdrive/C/cygwin/GNUARM/bin/../lib/gcc/arm-elf/4.0.2/../../../../arm-elf/lib/thumb/interwork/libc.a(memcpy.o)
 .debug_line    0x00000bfc       0xd4 /cygdrive/C/cygwin/GNUARM/bin/../lib/gcc/arm-elf/4.0.2/../../../../arm-elf/lib/thumb/interwork/libc.a(memset.o)
 .debug_line    0x00000cd0       0xf5 /cygdrive/C/cygwin/GNUARM/bin/../lib/gcc/arm-elf/4.0.2/../../../../arm-elf/lib/thumb/interwork/libc.a(mlock.o)
 .debug_line    0x00000dc5       0x88 /cygdrive/C/cygwin/GNUARM/bin/../lib/gcc/arm-elf/4.0.2/../../../../arm-elf/lib/thumb/interwork/libc.a(strcmp.o)
 .debug_line    0x00000e4d       0x80 /cygdrive/C/cygwin/GNUARM/bin/../lib/gcc/arm-elf/4.0.2/../../../../arm-elf/lib/thumb/interwork/libc.a(strcpy.o)
 .debug_line    0x00000ecd       0xaf /cygdrive/C/cygwin/GNUARM/bin/../lib/gcc/arm-elf/4.0.2/../../../../arm-elf/lib/thumb/interwork/libc.a(strlen.o)
 .debug_line    0x00000f7c       0xc2 /cygdrive/C/cygwin/GNUARM/bin/../lib/gcc/arm-elf/4.0.2/../../../../arm-elf/lib/thumb/interwork/libc.a(strncpy.o)
 .debug_line    0x0000103e      0x164 /cygdrive/C/cygwin/GNUARM/bin/../lib/gcc/arm-elf/4.0.2/../../../../arm-elf/lib/thumb/interwork/libc.a(freer.o)
 .debug_line    0x000011a2       0xe3 /cygdrive/C/cygwin/GNUARM/bin/../lib/gcc/arm-elf/4.0.2/../../../../arm-elf/lib/thumb/interwork/libc.a(impure.o)

.debug_info     0x00000000     0x4808
 .debug_info    0x00000000       0x6a /cygdrive/C/cygwin/GNUARM/bin/../lib/gcc/arm-elf/4.0.2/thumb/interwork/libgcc.a(_udivsi3.o)
 .debug_info    0x0000006a       0x6a /cygdrive/C/cygwin/GNUARM/bin/../lib/gcc/arm-elf/4.0.2/thumb/interwork/libgcc.a(_divsi3.o)
 .debug_info    0x000000d4       0x6a /cygdrive/C/cygwin/GNUARM/bin/../lib/gcc/arm-elf/4.0.2/thumb/interwork/libgcc.a(_umodsi3.o)
 .debug_info    0x0000013e       0x6a /cygdrive/C/cygwin/GNUARM/bin/../lib/gcc/arm-elf/4.0.2/thumb/interwork/libgcc.a(_modsi3.o)
 .debug_info    0x000001a8       0x6a /cygdrive/C/cygwin/GNUARM/bin/../lib/gcc/arm-elf/4.0.2/thumb/interwork/libgcc.a(_dvmd_tls.o)
 .debug_info    0x00000212       0x69 /cygdrive/C/cygwin/GNUARM/bin/../lib/gcc/arm-elf/4.0.2/thumb/interwork/libgcc.a(_addsubdf3.o)
 .debug_info    0x0000027b       0x69 /cygdrive/C/cygwin/GNUARM/bin/../lib/gcc/arm-elf/4.0.2/thumb/interwork/libgcc.a(_muldivdf3.o)
 .debug_info    0x000002e4       0x69 /cygdrive/C/cygwin/GNUARM/bin/../lib/gcc/arm-elf/4.0.2/thumb/interwork/libgcc.a(_cmpdf2.o)
 .debug_info    0x0000034d       0x69 /cygdrive/C/cygwin/GNUARM/bin/../lib/gcc/arm-elf/4.0.2/thumb/interwork/libgcc.a(_cmpsf2.o)
 .debug_info    0x000003b6      0x20e /cygdrive/C/cygwin/GNUARM/bin/../lib/gcc/arm-elf/4.0.2/thumb/interwork/libgcc.a(_muldi3.o)
 .debug_info    0x000005c4      0x758 /cygdrive/C/cygwin/GNUARM/bin/../lib/gcc/arm-elf/4.0.2/thumb/interwork/libgcc.a(_divdi3.o)
 .debug_info    0x00000d1c       0xc9 /cygdrive/C/cygwin/GNUARM/bin/../lib/gcc/arm-elf/4.0.2/thumb/interwork/libgcc.a(_clz.o)
 .debug_info    0x00000de5      0x955 /cygdrive/C/cygwin/GNUARM/bin/../lib/gcc/arm-elf/4.0.2/../../../../arm-elf/lib/thumb/interwork/libc.a(malloc.o)
 .debug_info    0x0000173a      0xcbd /cygdrive/C/cygwin/GNUARM/bin/../lib/gcc/arm-elf/4.0.2/../../../../arm-elf/lib/thumb/interwork/libc.a(mallocr.o)
 .debug_info    0x000023f7      0x10d /cygdrive/C/cygwin/GNUARM/bin/../lib/gcc/arm-elf/4.0.2/../../../../arm-elf/lib/thumb/interwork/libc.a(memcpy.o)
 .debug_info    0x00002504      0x111 /cygdrive/C/cygwin/GNUARM/bin/../lib/gcc/arm-elf/4.0.2/../../../../arm-elf/lib/thumb/interwork/libc.a(memset.o)
 .debug_info    0x00002615      0x93e /cygdrive/C/cygwin/GNUARM/bin/../lib/gcc/arm-elf/4.0.2/../../../../arm-elf/lib/thumb/interwork/libc.a(mlock.o)
 .debug_info    0x00002f53       0xd9 /cygdrive/C/cygwin/GNUARM/bin/../lib/gcc/arm-elf/4.0.2/../../../../arm-elf/lib/thumb/interwork/libc.a(strcmp.o)
 .debug_info    0x0000302c      0x10c /cygdrive/C/cygwin/GNUARM/bin/../lib/gcc/arm-elf/4.0.2/../../../../arm-elf/lib/thumb/interwork/libc.a(strcpy.o)
 .debug_info    0x00003138       0xd5 /cygdrive/C/cygwin/GNUARM/bin/../lib/gcc/arm-elf/4.0.2/../../../../arm-elf/lib/thumb/interwork/libc.a(strlen.o)
 .debug_info    0x0000320d      0x126 /cygdrive/C/cygwin/GNUARM/bin/../lib/gcc/arm-elf/4.0.2/../../../../arm-elf/lib/thumb/interwork/libc.a(strncpy.o)
 .debug_info    0x00003333      0xbb3 /cygdrive/C/cygwin/GNUARM/bin/../lib/gcc/arm-elf/4.0.2/../../../../arm-elf/lib/thumb/interwork/libc.a(freer.o)
 .debug_info    0x00003ee6      0x922 /cygdrive/C/cygwin/GNUARM/bin/../lib/gcc/arm-elf/4.0.2/../../../../arm-elf/lib/thumb/interwork/libc.a(impure.o)

.debug_abbrev   0x00000000      0xee6
 .debug_abbrev  0x00000000       0x14 /cygdrive/C/cygwin/GNUARM/bin/../lib/gcc/arm-elf/4.0.2/thumb/interwork/libgcc.a(_udivsi3.o)
 .debug_abbrev  0x00000014       0x14 /cygdrive/C/cygwin/GNUARM/bin/../lib/gcc/arm-elf/4.0.2/thumb/interwork/libgcc.a(_divsi3.o)
 .debug_abbrev  0x00000028       0x14 /cygdrive/C/cygwin/GNUARM/bin/../lib/gcc/arm-elf/4.0.2/thumb/interwork/libgcc.a(_umodsi3.o)
 .debug_abbrev  0x0000003c       0x14 /cygdrive/C/cygwin/GNUARM/bin/../lib/gcc/arm-elf/4.0.2/thumb/interwork/libgcc.a(_modsi3.o)
 .debug_abbrev  0x00000050       0x14 /cygdrive/C/cygwin/GNUARM/bin/../lib/gcc/arm-elf/4.0.2/thumb/interwork/libgcc.a(_dvmd_tls.o)
 .debug_abbrev  0x00000064       0x14 /cygdrive/C/cygwin/GNUARM/bin/../lib/gcc/arm-elf/4.0.2/thumb/interwork/libgcc.a(_addsubdf3.o)
 .debug_abbrev  0x00000078       0x14 /cygdrive/C/cygwin/GNUARM/bin/../lib/gcc/arm-elf/4.0.2/thumb/interwork/libgcc.a(_muldivdf3.o)
 .debug_abbrev  0x0000008c       0x14 /cygdrive/C/cygwin/GNUARM/bin/../lib/gcc/arm-elf/4.0.2/thumb/interwork/libgcc.a(_cmpdf2.o)
 .debug_abbrev  0x000000a0       0x14 /cygdrive/C/cygwin/GNUARM/bin/../lib/gcc/arm-elf/4.0.2/thumb/interwork/libgcc.a(_cmpsf2.o)
 .debug_abbrev  0x000000b4       0xec /cygdrive/C/cygwin/GNUARM/bin/../lib/gcc/arm-elf/4.0.2/thumb/interwork/libgcc.a(_muldi3.o)
 .debug_abbrev  0x000001a0      0x174 /cygdrive/C/cygwin/GNUARM/bin/../lib/gcc/arm-elf/4.0.2/thumb/interwork/libgcc.a(_divdi3.o)
 .debug_abbrev  0x00000314       0x61 /cygdrive/C/cygwin/GNUARM/bin/../lib/gcc/arm-elf/4.0.2/thumb/interwork/libgcc.a(_clz.o)
 .debug_abbrev  0x00000375      0x187 /cygdrive/C/cygwin/GNUARM/bin/../lib/gcc/arm-elf/4.0.2/../../../../arm-elf/lib/thumb/interwork/libc.a(malloc.o)
 .debug_abbrev  0x000004fc      0x214 /cygdrive/C/cygwin/GNUARM/bin/../lib/gcc/arm-elf/4.0.2/../../../../arm-elf/lib/thumb/interwork/libc.a(mallocr.o)
 .debug_abbrev  0x00000710       0x99 /cygdrive/C/cygwin/GNUARM/bin/../lib/gcc/arm-elf/4.0.2/../../../../arm-elf/lib/thumb/interwork/libc.a(memcpy.o)
 .debug_abbrev  0x000007a9       0x9a /cygdrive/C/cygwin/GNUARM/bin/../lib/gcc/arm-elf/4.0.2/../../../../arm-elf/lib/thumb/interwork/libc.a(memset.o)
 .debug_abbrev  0x00000843      0x16a /cygdrive/C/cygwin/GNUARM/bin/../lib/gcc/arm-elf/4.0.2/../../../../arm-elf/lib/thumb/interwork/libc.a(mlock.o)
 .debug_abbrev  0x000009ad       0x71 /cygdrive/C/cygwin/GNUARM/bin/../lib/gcc/arm-elf/4.0.2/../../../../arm-elf/lib/thumb/interwork/libc.a(strcmp.o)
 .debug_abbrev  0x00000a1e       0x80 /cygdrive/C/cygwin/GNUARM/bin/../lib/gcc/arm-elf/4.0.2/../../../../arm-elf/lib/thumb/interwork/libc.a(strcpy.o)
 .debug_abbrev  0x00000a9e       0x8b /cygdrive/C/cygwin/GNUARM/bin/../lib/gcc/arm-elf/4.0.2/../../../../arm-elf/lib/thumb/interwork/libc.a(strlen.o)
 .debug_abbrev  0x00000b29       0x8d /cygdrive/C/cygwin/GNUARM/bin/../lib/gcc/arm-elf/4.0.2/../../../../arm-elf/lib/thumb/interwork/libc.a(strncpy.o)
 .debug_abbrev  0x00000bb6      0x1d9 /cygdrive/C/cygwin/GNUARM/bin/../lib/gcc/arm-elf/4.0.2/../../../../arm-elf/lib/thumb/interwork/libc.a(freer.o)
 .debug_abbrev  0x00000d8f      0x157 /cygdrive/C/cygwin/GNUARM/bin/../lib/gcc/arm-elf/4.0.2/../../../../arm-elf/lib/thumb/interwork/libc.a(impure.o)

.debug_aranges  0x00000000      0x2a0
 .debug_aranges
                0x00000000       0x20 /cygdrive/C/cygwin/GNUARM/bin/../lib/gcc/arm-elf/4.0.2/thumb/interwork/libgcc.a(_udivsi3.o)
 .debug_aranges
                0x00000020       0x20 /cygdrive/C/cygwin/GNUARM/bin/../lib/gcc/arm-elf/4.0.2/thumb/interwork/libgcc.a(_divsi3.o)
 .debug_aranges
                0x00000040       0x20 /cygdrive/C/cygwin/GNUARM/bin/../lib/gcc/arm-elf/4.0.2/thumb/interwork/libgcc.a(_umodsi3.o)
 .debug_aranges
                0x00000060       0x20 /cygdrive/C/cygwin/GNUARM/bin/../lib/gcc/arm-elf/4.0.2/thumb/interwork/libgcc.a(_modsi3.o)
 .debug_aranges
                0x00000080       0x20 /cygdrive/C/cygwin/GNUARM/bin/../lib/gcc/arm-elf/4.0.2/thumb/interwork/libgcc.a(_dvmd_tls.o)
 .debug_aranges
                0x000000a0       0x20 /cygdrive/C/cygwin/GNUARM/bin/../lib/gcc/arm-elf/4.0.2/thumb/interwork/libgcc.a(_addsubdf3.o)
 .debug_aranges
                0x000000c0       0x20 /cygdrive/C/cygwin/GNUARM/bin/../lib/gcc/arm-elf/4.0.2/thumb/interwork/libgcc.a(_muldivdf3.o)
 .debug_aranges
                0x000000e0       0x20 /cygdrive/C/cygwin/GNUARM/bin/../lib/gcc/arm-elf/4.0.2/thumb/interwork/libgcc.a(_cmpdf2.o)
 .debug_aranges
                0x00000100       0x20 /cygdrive/C/cygwin/GNUARM/bin/../lib/gcc/arm-elf/4.0.2/thumb/interwork/libgcc.a(_cmpsf2.o)
 .debug_aranges
                0x00000120       0x20 /cygdrive/C/cygwin/GNUARM/bin/../lib/gcc/arm-elf/4.0.2/thumb/interwork/libgcc.a(_muldi3.o)
 .debug_aranges
                0x00000140       0x20 /cygdrive/C/cygwin/GNUARM/bin/../lib/gcc/arm-elf/4.0.2/thumb/interwork/libgcc.a(_divdi3.o)
 .debug_aranges
                0x00000160       0x20 /cygdrive/C/cygwin/GNUARM/bin/../lib/gcc/arm-elf/4.0.2/../../../../arm-elf/lib/thumb/interwork/libc.a(malloc.o)
 .debug_aranges
                0x00000180       0x20 /cygdrive/C/cygwin/GNUARM/bin/../lib/gcc/arm-elf/4.0.2/../../../../arm-elf/lib/thumb/interwork/libc.a(mallocr.o)
 .debug_aranges
                0x000001a0       0x20 /cygdrive/C/cygwin/GNUARM/bin/../lib/gcc/arm-elf/4.0.2/../../../../arm-elf/lib/thumb/interwork/libc.a(memcpy.o)
 .debug_aranges
                0x000001c0       0x20 /cygdrive/C/cygwin/GNUARM/bin/../lib/gcc/arm-elf/4.0.2/../../../../arm-elf/lib/thumb/interwork/libc.a(memset.o)
 .debug_aranges
                0x000001e0       0x20 /cygdrive/C/cygwin/GNUARM/bin/../lib/gcc/arm-elf/4.0.2/../../../../arm-elf/lib/thumb/interwork/libc.a(mlock.o)
 .debug_aranges
                0x00000200       0x20 /cygdrive/C/cygwin/GNUARM/bin/../lib/gcc/arm-elf/4.0.2/../../../../arm-elf/lib/thumb/interwork/libc.a(strcmp.o)
 .debug_aranges
                0x00000220       0x20 /cygdrive/C/cygwin/GNUARM/bin/../lib/gcc/arm-elf/4.0.2/../../../../arm-elf/lib/thumb/interwork/libc.a(strcpy.o)
 .debug_aranges
                0x00000240       0x20 /cygdrive/C/cygwin/GNUARM/bin/../lib/gcc/arm-elf/4.0.2/../../../../arm-elf/lib/thumb/interwork/libc.a(strlen.o)
 .debug_aranges
                0x00000260       0x20 /cygdrive/C/cygwin/GNUARM/bin/../lib/gcc/arm-elf/4.0.2/../../../../arm-elf/lib/thumb/interwork/libc.a(strncpy.o)
 .debug_aranges
                0x00000280       0x20 /cygdrive/C/cygwin/GNUARM/bin/../lib/gcc/arm-elf/4.0.2/../../../../arm-elf/lib/thumb/interwork/libc.a(freer.o)

.debug_frame    0x00000000      0x280
 .debug_frame   0x00000000       0x38 /cygdrive/C/cygwin/GNUARM/bin/../lib/gcc/arm-elf/4.0.2/thumb/interwork/libgcc.a(_muldi3.o)
 .debug_frame   0x00000038       0x3c /cygdrive/C/cygwin/GNUARM/bin/../lib/gcc/arm-elf/4.0.2/thumb/interwork/libgcc.a(_divdi3.o)
 .debug_frame   0x00000074       0x40 /cygdrive/C/cygwin/GNUARM/bin/../lib/gcc/arm-elf/4.0.2/../../../../arm-elf/lib/thumb/interwork/libc.a(malloc.o)
 .debug_frame   0x000000b4       0x3c /cygdrive/C/cygwin/GNUARM/bin/../lib/gcc/arm-elf/4.0.2/../../../../arm-elf/lib/thumb/interwork/libc.a(mallocr.o)
 .debug_frame   0x000000f0       0x2c /cygdrive/C/cygwin/GNUARM/bin/../lib/gcc/arm-elf/4.0.2/../../../../arm-elf/lib/thumb/interwork/libc.a(memcpy.o)
 .debug_frame   0x0000011c       0x2c /cygdrive/C/cygwin/GNUARM/bin/../lib/gcc/arm-elf/4.0.2/../../../../arm-elf/lib/thumb/interwork/libc.a(memset.o)
 .debug_frame   0x00000148       0x30 /cygdrive/C/cygwin/GNUARM/bin/../lib/gcc/arm-elf/4.0.2/../../../../arm-elf/lib/thumb/interwork/libc.a(mlock.o)
 .debug_frame   0x00000178       0x2c /cygdrive/C/cygwin/GNUARM/bin/../lib/gcc/arm-elf/4.0.2/../../../../arm-elf/lib/thumb/interwork/libc.a(strcmp.o)
 .debug_frame   0x000001a4       0x2c /cygdrive/C/cygwin/GNUARM/bin/../lib/gcc/arm-elf/4.0.2/../../../../arm-elf/lib/thumb/interwork/libc.a(strcpy.o)
 .debug_frame   0x000001d0       0x2c /cygdrive/C/cygwin/GNUARM/bin/../lib/gcc/arm-elf/4.0.2/../../../../arm-elf/lib/thumb/interwork/libc.a(strlen.o)
 .debug_frame   0x000001fc       0x30 /cygdrive/C/cygwin/GNUARM/bin/../lib/gcc/arm-elf/4.0.2/../../../../arm-elf/lib/thumb/interwork/libc.a(strncpy.o)
 .debug_frame   0x0000022c       0x54 /cygdrive/C/cygwin/GNUARM/bin/../lib/gcc/arm-elf/4.0.2/../../../../arm-elf/lib/thumb/interwork/libc.a(freer.o)

.debug_loc      0x00000000     0x22c4
 .debug_loc     0x00000000      0x156 /cygdrive/C/cygwin/GNUARM/bin/../lib/gcc/arm-elf/4.0.2/thumb/interwork/libgcc.a(_muldi3.o)
 .debug_loc     0x00000156      0xd45 /cygdrive/C/cygwin/GNUARM/bin/../lib/gcc/arm-elf/4.0.2/thumb/interwork/libgcc.a(_divdi3.o)
 .debug_loc     0x00000e9b       0x3c /cygdrive/C/cygwin/GNUARM/bin/../lib/gcc/arm-elf/4.0.2/../../../../arm-elf/lib/thumb/interwork/libc.a(malloc.o)
 .debug_loc     0x00000ed7      0xaf9 /cygdrive/C/cygwin/GNUARM/bin/../lib/gcc/arm-elf/4.0.2/../../../../arm-elf/lib/thumb/interwork/libc.a(mallocr.o)
 .debug_loc     0x000019d0      0x127 /cygdrive/C/cygwin/GNUARM/bin/../lib/gcc/arm-elf/4.0.2/../../../../arm-elf/lib/thumb/interwork/libc.a(memcpy.o)
 .debug_loc     0x00001af7      0x12a /cygdrive/C/cygwin/GNUARM/bin/../lib/gcc/arm-elf/4.0.2/../../../../arm-elf/lib/thumb/interwork/libc.a(memset.o)
 .debug_loc     0x00001c21       0x8e /cygdrive/C/cygwin/GNUARM/bin/../lib/gcc/arm-elf/4.0.2/../../../../arm-elf/lib/thumb/interwork/libc.a(strcmp.o)
 .debug_loc     0x00001caf       0xb4 /cygdrive/C/cygwin/GNUARM/bin/../lib/gcc/arm-elf/4.0.2/../../../../arm-elf/lib/thumb/interwork/libc.a(strcpy.o)
 .debug_loc     0x00001d63       0x3c /cygdrive/C/cygwin/GNUARM/bin/../lib/gcc/arm-elf/4.0.2/../../../../arm-elf/lib/thumb/interwork/libc.a(strlen.o)
 .debug_loc     0x00001d9f      0x156 /cygdrive/C/cygwin/GNUARM/bin/../lib/gcc/arm-elf/4.0.2/../../../../arm-elf/lib/thumb/interwork/libc.a(strncpy.o)
 .debug_loc     0x00001ef5      0x3cf /cygdrive/C/cygwin/GNUARM/bin/../lib/gcc/arm-elf/4.0.2/../../../../arm-elf/lib/thumb/interwork/libc.a(freer.o)

.debug_pubnames
                0x00000000      0x2a3
 .debug_pubnames
                0x00000000       0x1f /cygdrive/C/cygwin/GNUARM/bin/../lib/gcc/arm-elf/4.0.2/thumb/interwork/libgcc.a(_muldi3.o)
 .debug_pubnames
                0x0000001f       0x1f /cygdrive/C/cygwin/GNUARM/bin/../lib/gcc/arm-elf/4.0.2/thumb/interwork/libgcc.a(_divdi3.o)
 .debug_pubnames
                0x0000003e       0x20 /cygdrive/C/cygwin/GNUARM/bin/../lib/gcc/arm-elf/4.0.2/thumb/interwork/libgcc.a(_clz.o)
 .debug_pubnames
                0x0000005e       0x26 /cygdrive/C/cygwin/GNUARM/bin/../lib/gcc/arm-elf/4.0.2/../../../../arm-elf/lib/thumb/interwork/libc.a(malloc.o)
 .debug_pubnames
                0x00000084       0xce /cygdrive/C/cygwin/GNUARM/bin/../lib/gcc/arm-elf/4.0.2/../../../../arm-elf/lib/thumb/interwork/libc.a(mallocr.o)
 .debug_pubnames
                0x00000152       0x1d /cygdrive/C/cygwin/GNUARM/bin/../lib/gcc/arm-elf/4.0.2/../../../../arm-elf/lib/thumb/interwork/libc.a(memcpy.o)
 .debug_pubnames
                0x0000016f       0x1d /cygdrive/C/cygwin/GNUARM/bin/../lib/gcc/arm-elf/4.0.2/../../../../arm-elf/lib/thumb/interwork/libc.a(memset.o)
 .debug_pubnames
                0x0000018c       0x38 /cygdrive/C/cygwin/GNUARM/bin/../lib/gcc/arm-elf/4.0.2/../../../../arm-elf/lib/thumb/interwork/libc.a(mlock.o)
 .debug_pubnames
                0x000001c4       0x1d /cygdrive/C/cygwin/GNUARM/bin/../lib/gcc/arm-elf/4.0.2/../../../../arm-elf/lib/thumb/interwork/libc.a(strcmp.o)
 .debug_pubnames
                0x000001e1       0x1d /cygdrive/C/cygwin/GNUARM/bin/../lib/gcc/arm-elf/4.0.2/../../../../arm-elf/lib/thumb/interwork/libc.a(strcpy.o)
 .debug_pubnames
                0x000001fe       0x1d /cygdrive/C/cygwin/GNUARM/bin/../lib/gcc/arm-elf/4.0.2/../../../../arm-elf/lib/thumb/interwork/libc.a(strlen.o)
 .debug_pubnames
                0x0000021b       0x1e /cygdrive/C/cygwin/GNUARM/bin/../lib/gcc/arm-elf/4.0.2/../../../../arm-elf/lib/thumb/interwork/libc.a(strncpy.o)
 .debug_pubnames
                0x00000239       0x31 /cygdrive/C/cygwin/GNUARM/bin/../lib/gcc/arm-elf/4.0.2/../../../../arm-elf/lib/thumb/interwork/libc.a(freer.o)
 .debug_pubnames
                0x0000026a       0x39 /cygdrive/C/cygwin/GNUARM/bin/../lib/gcc/arm-elf/4.0.2/../../../../arm-elf/lib/thumb/interwork/libc.a(impure.o)

.debug_ranges   0x00000000      0x210
 .debug_ranges  0x00000000       0x30 /cygdrive/C/cygwin/GNUARM/bin/../lib/gcc/arm-elf/4.0.2/thumb/interwork/libgcc.a(_muldi3.o)
 .debug_ranges  0x00000030      0x1a8 /cygdrive/C/cygwin/GNUARM/bin/../lib/gcc/arm-elf/4.0.2/thumb/interwork/libgcc.a(_divdi3.o)
 .debug_ranges  0x000001d8       0x38 /cygdrive/C/cygwin/GNUARM/bin/../lib/gcc/arm-elf/4.0.2/../../../../arm-elf/lib/thumb/interwork/libc.a(mallocr.o)

.debug_str      0x00000000      0xadf
 .debug_str     0x00000000       0xfb /cygdrive/C/cygwin/GNUARM/bin/../lib/gcc/arm-elf/4.0.2/thumb/interwork/libgcc.a(_muldi3.o)
                                0x14f (size before relaxing)
 .debug_str     0x000000fb       0x5d /cygdrive/C/cygwin/GNUARM/bin/../lib/gcc/arm-elf/4.0.2/thumb/interwork/libgcc.a(_divdi3.o)
                                0x1a3 (size before relaxing)
 .debug_str     0x00000158        0x0 /cygdrive/C/cygwin/GNUARM/bin/../lib/gcc/arm-elf/4.0.2/thumb/interwork/libgcc.a(_clz.o)
                                0x104 (size before relaxing)
 .debug_str     0x00000158      0x40d /cygdrive/C/cygwin/GNUARM/bin/../lib/gcc/arm-elf/4.0.2/../../../../arm-elf/lib/thumb/interwork/libc.a(malloc.o)
                                0x4c7 (size before relaxing)
 .debug_str     0x00000565      0x20c /cygdrive/C/cygwin/GNUARM/bin/../lib/gcc/arm-elf/4.0.2/../../../../arm-elf/lib/thumb/interwork/libc.a(mallocr.o)
                                0x6a8 (size before relaxing)
 .debug_str     0x00000771       0xac /cygdrive/C/cygwin/GNUARM/bin/../lib/gcc/arm-elf/4.0.2/../../../../arm-elf/lib/thumb/interwork/libc.a(memcpy.o)
                                 0xdf (size before relaxing)
 .debug_str     0x0000081d       0x5a /cygdrive/C/cygwin/GNUARM/bin/../lib/gcc/arm-elf/4.0.2/../../../../arm-elf/lib/thumb/interwork/libc.a(memset.o)
                                0x129 (size before relaxing)
 .debug_str     0x00000877       0x71 /cygdrive/C/cygwin/GNUARM/bin/../lib/gcc/arm-elf/4.0.2/../../../../arm-elf/lib/thumb/interwork/libc.a(mlock.o)
                                0x4ce (size before relaxing)
 .debug_str     0x000008e8       0x46 /cygdrive/C/cygwin/GNUARM/bin/../lib/gcc/arm-elf/4.0.2/../../../../arm-elf/lib/thumb/interwork/libc.a(strcmp.o)
                                0x10e (size before relaxing)
 .debug_str     0x0000092e       0x46 /cygdrive/C/cygwin/GNUARM/bin/../lib/gcc/arm-elf/4.0.2/../../../../arm-elf/lib/thumb/interwork/libc.a(strcpy.o)
                                0x130 (size before relaxing)
 .debug_str     0x00000974       0x4c /cygdrive/C/cygwin/GNUARM/bin/../lib/gcc/arm-elf/4.0.2/../../../../arm-elf/lib/thumb/interwork/libc.a(strlen.o)
                                0x128 (size before relaxing)
 .debug_str     0x000009c0       0x48 /cygdrive/C/cygwin/GNUARM/bin/../lib/gcc/arm-elf/4.0.2/../../../../arm-elf/lib/thumb/interwork/libc.a(strncpy.o)
                                0x13f (size before relaxing)
 .debug_str     0x00000a08       0x3c /cygdrive/C/cygwin/GNUARM/bin/../lib/gcc/arm-elf/4.0.2/../../../../arm-elf/lib/thumb/interwork/libc.a(freer.o)
                                0x5fa (size before relaxing)
 .debug_str     0x00000a44       0x9b /cygdrive/C/cygwin/GNUARM/bin/../lib/gcc/arm-elf/4.0.2/../../../../arm-elf/lib/thumb/interwork/libc.a(impure.o)
                                0x4c5 (size before relaxing)

Cross Reference Table

Symbol                                            File
ActivateTask                                      build/kernel/task_manage.o
AssertDeviceConstructor                           build/rtoscalls.o
                                                  /nxtOSEK/ecrobot/../ecrobot/libecrobot++.a(Usb.o)
                                                  /nxtOSEK/ecrobot/../ecrobot/libecrobot++.a(Motor.o)
CancelAlarm                                       build/kernel/alarm.o
ChainTask                                         build/kernel/task_manage.o
ClearEvent                                        build/kernel/event.o
                                                  build/rtoscalls.o
DisableAllInterrupts                              build/kernel/interrupt.o
EnableAllInterrupts                               build/kernel/interrupt.o
ErrorHook                                         /nxtOSEK/ecrobot/../ecrobot/libecrobot.a(osek_hook.o)
                                                  build/kernel/osctl.o
EventSleep                                        build/rtoscalls.o
EventSleepI2C                                     build/rtoscalls.o
GetActiveApplicationMode                          build/kernel/osctl.o
GetAlarm                                          build/kernel/alarm.o
GetAlarmBase                                      build/kernel/alarm.o
GetEvent                                          build/kernel/event.o
GetResource                                       build/kernel/resource.o
                                                  build//nxtOSEK/ecrobot/../NXtpandedLib/src/NOstream.o
GetTaskID                                         build/kernel/task_manage.o
                                                  build/rtoscalls.o
GetTaskState                                      build/kernel/task_manage.o
NXT_COLORSENSOR_PROTOCOLS                         /nxtOSEK/ecrobot/../ecrobot/libecrobot.a(ecrobot_interface.o)
NXT_Entry_Point                                   build/nxt_entry_point.o
                                                  build/nxt_binary_header.o
PostTaskHook                                      /nxtOSEK/ecrobot/../ecrobot/libecrobot.a(osek_hook.o)
                                                  build/config/at91sam7s-gnu/cpu_support.oram
                                                  build/kernel/osctl.o
PreTaskHook                                       /nxtOSEK/ecrobot/../ecrobot/libecrobot.a(osek_hook.o)
                                                  build/config/at91sam7s-gnu/cpu_support.oram
                                                  build/kernel/osctl.o
ReleaseResource                                   build/kernel/resource.o
                                                  build//nxtOSEK/ecrobot/../NXtpandedLib/src/NOstream.o
ResumeAllInterrupts                               build/kernel/interrupt.o
ResumeOSInterrupts                                build/kernel/interrupt.o
Schedule                                          build/kernel/task_manage.o
SetAbsAlarm                                       build/kernel/alarm.o
SetEvent                                          build/kernel/event.o
                                                  build/rtoscalls.o
SetRelAlarm                                       build/kernel/alarm.o
ShutdownHook                                      /nxtOSEK/ecrobot/../ecrobot/libecrobot.a(osek_hook.o)
                                                  build/kernel/osctl.o
ShutdownOS                                        build/kernel/osctl.o
SignalCounter                                     build/kernel/alarm.o
Sleep                                             build/rtoscalls.o
                                                  /nxtOSEK/ecrobot/../ecrobot/libecrobot++.a(Clock.o)
                                                  build//nxtOSEK/ecrobot/../NXtpandedLib/src/Motorcontroller.o
SleepI2C                                          build/rtoscalls.o
SleeperMonitor                                    build/rtoscalls.o
StartOS                                           build/kernel/osctl.o
                                                  build/ecrobot.o
StartupHook                                       /nxtOSEK/ecrobot/../ecrobot/libecrobot.a(osek_hook.o)
                                                  build/kernel/osctl.o
SuspendAllInterrupts                              build/kernel/interrupt.o
SuspendOSInterrupts                               build/kernel/interrupt.o
TaskMain                                          build/./kernel_cfg.o
TaskMainTaskMain                                  build/sample.o
                                                  build/./kernel_cfg.o
TerminateTask                                     build/kernel/task_manage.o
WaitEvent                                         build/kernel/event.o
                                                  build/rtoscalls.o
____eqsf2_change_to_arm                           /cygdrive/C/cygwin/GNUARM/bin/../lib/gcc/arm-elf/4.0.2/../../../../arm-elf/lib/thumb/interwork/libc.a(freer.o)
____eqsf2_from_thumb                              /cygdrive/C/cygwin/GNUARM/bin/../lib/gcc/arm-elf/4.0.2/../../../../arm-elf/lib/thumb/interwork/libc.a(freer.o)
____floatsidf_change_to_arm                       /cygdrive/C/cygwin/GNUARM/bin/../lib/gcc/arm-elf/4.0.2/../../../../arm-elf/lib/thumb/interwork/libc.a(freer.o)
____floatsidf_from_thumb                          /cygdrive/C/cygwin/GNUARM/bin/../lib/gcc/arm-elf/4.0.2/../../../../arm-elf/lib/thumb/interwork/libc.a(freer.o)
____gtdf2_change_to_arm                           /cygdrive/C/cygwin/GNUARM/bin/../lib/gcc/arm-elf/4.0.2/../../../../arm-elf/lib/thumb/interwork/libc.a(freer.o)
____gtdf2_from_thumb                              /cygdrive/C/cygwin/GNUARM/bin/../lib/gcc/arm-elf/4.0.2/../../../../arm-elf/lib/thumb/interwork/libc.a(freer.o)
____muldf3_change_to_arm                          /cygdrive/C/cygwin/GNUARM/bin/../lib/gcc/arm-elf/4.0.2/../../../../arm-elf/lib/thumb/interwork/libc.a(freer.o)
____muldf3_from_thumb                             /cygdrive/C/cygwin/GNUARM/bin/../lib/gcc/arm-elf/4.0.2/../../../../arm-elf/lib/thumb/interwork/libc.a(freer.o)
__adddf3                                          /cygdrive/C/cygwin/GNUARM/bin/../lib/gcc/arm-elf/4.0.2/thumb/interwork/libgcc.a(_addsubdf3.o)
__aeabi_cdcmpeq                                   /cygdrive/C/cygwin/GNUARM/bin/../lib/gcc/arm-elf/4.0.2/thumb/interwork/libgcc.a(_cmpdf2.o)
__aeabi_cdcmple                                   /cygdrive/C/cygwin/GNUARM/bin/../lib/gcc/arm-elf/4.0.2/thumb/interwork/libgcc.a(_cmpdf2.o)
__aeabi_cdrcmple                                  /cygdrive/C/cygwin/GNUARM/bin/../lib/gcc/arm-elf/4.0.2/thumb/interwork/libgcc.a(_cmpdf2.o)
__aeabi_cfcmpeq                                   /cygdrive/C/cygwin/GNUARM/bin/../lib/gcc/arm-elf/4.0.2/thumb/interwork/libgcc.a(_cmpsf2.o)
__aeabi_cfcmple                                   /cygdrive/C/cygwin/GNUARM/bin/../lib/gcc/arm-elf/4.0.2/thumb/interwork/libgcc.a(_cmpsf2.o)
__aeabi_cfrcmple                                  /cygdrive/C/cygwin/GNUARM/bin/../lib/gcc/arm-elf/4.0.2/thumb/interwork/libgcc.a(_cmpsf2.o)
__aeabi_dadd                                      /cygdrive/C/cygwin/GNUARM/bin/../lib/gcc/arm-elf/4.0.2/thumb/interwork/libgcc.a(_addsubdf3.o)
__aeabi_dcmpeq                                    /cygdrive/C/cygwin/GNUARM/bin/../lib/gcc/arm-elf/4.0.2/thumb/interwork/libgcc.a(_cmpdf2.o)
__aeabi_dcmpge                                    /cygdrive/C/cygwin/GNUARM/bin/../lib/gcc/arm-elf/4.0.2/thumb/interwork/libgcc.a(_cmpdf2.o)
__aeabi_dcmpgt                                    /cygdrive/C/cygwin/GNUARM/bin/../lib/gcc/arm-elf/4.0.2/thumb/interwork/libgcc.a(_cmpdf2.o)
__aeabi_dcmple                                    /cygdrive/C/cygwin/GNUARM/bin/../lib/gcc/arm-elf/4.0.2/thumb/interwork/libgcc.a(_cmpdf2.o)
__aeabi_dcmplt                                    /cygdrive/C/cygwin/GNUARM/bin/../lib/gcc/arm-elf/4.0.2/thumb/interwork/libgcc.a(_cmpdf2.o)
__aeabi_ddiv                                      /cygdrive/C/cygwin/GNUARM/bin/../lib/gcc/arm-elf/4.0.2/thumb/interwork/libgcc.a(_muldivdf3.o)
__aeabi_dmul                                      /cygdrive/C/cygwin/GNUARM/bin/../lib/gcc/arm-elf/4.0.2/thumb/interwork/libgcc.a(_muldivdf3.o)
__aeabi_drsub                                     /cygdrive/C/cygwin/GNUARM/bin/../lib/gcc/arm-elf/4.0.2/thumb/interwork/libgcc.a(_addsubdf3.o)